[lx] using named allocation JID 57966610 [--jid]
[lxrun] JID 57966610 · 4 nodes · 2:15:57 left · 7/16 GPUs free · incoming: lx-?
  1  nid001168 [4/4 gpu]  free   —                —      —  ← starting lx-?  ./rankwrap.sh ./driver.s
  2  nid001169 [3/4 gpu]  busy   lx-Xg1-021227-1629280-8960 29s    started 02:12
  3  nid001172 [0/4 gpu]  busy   lx-Xg4-021236-1630539-3473 20s    started 02:12
  4  nid001173 [0/4 gpu]  busy   lx-Xg4-021249-1632884-2252 7s     started 02:12
[lx] 4 GPU(s) x 4 rank(s) per node: select_gpu.sh pins ONE GPU per rank, so each rank sees ONE device's memory, not 4. For a single process across all 4 devices use `-G 4 -n 1`.
[lx] source tree: /pscratch/sd/j/jackm/sandbox_v2_docs_consolidation_2026-08-14/tmp/worktrees/wt_bisp_prof_s_codex_20260906/src  [cwd checkout]
[lx] runtime import origin: /pscratch/sd/j/jackm/sandbox_v2_docs_consolidation_2026-08-14/tmp/worktrees/wt_bisp_prof_s_codex_20260906/src/runtime/__init__.py  [PYTHONPATH head; runtime.bootstrap attests the actual import]
[select_gpu] nid001168 local rank 1 -> CUDA_VISIBLE_DEVICES=1 (from CUDA_VISIBLE_DEVICES)
[select_gpu] nid001168 local rank 3 -> CUDA_VISIBLE_DEVICES=3 (from CUDA_VISIBLE_DEVICES)
[select_gpu] nid001168 local rank 2 -> CUDA_VISIBLE_DEVICES=2 (from CUDA_VISIBLE_DEVICES)
[rankwrap] rank=1 host=nid001168 src=/pscratch/sd/j/jackm/sandbox_v2_docs_consolidation_2026-08-14/tmp/worktrees/wt_main_de8dcfbc_fixed
[rankwrap] rank=3 host=nid001168 src=/pscratch/sd/j/jackm/sandbox_v2_docs_consolidation_2026-08-14/tmp/worktrees/wt_main_de8dcfbc_fixed
[rankwrap] rank=2 host=nid001168 src=/pscratch/sd/j/jackm/sandbox_v2_docs_consolidation_2026-08-14/tmp/worktrees/wt_main_de8dcfbc_fixed
[select_gpu] nid001168 local rank 0 -> CUDA_VISIBLE_DEVICES=0 (from CUDA_VISIBLE_DEVICES)
e1559a071e244b4f049c924781b668d9e1560739
[rankwrap] rank=0 host=nid001168 src=/pscratch/sd/j/jackm/sandbox_v2_docs_consolidation_2026-08-14/tmp/worktrees/wt_main_de8dcfbc_fixed
e1559a071e244b4f049c924781b668d9e1560739
e1559a071e244b4f049c924781b668d9e1560739
e1559a071e244b4f049c924781b668d9e1560739
[lx] step lx-Xg4-021256-1633929-6025 exit 0 in 154 s
