[lx] using named allocation JID 57966610 [--jid]
[lxrun] JID 57966610 · 4 nodes · 3:06:39 left · 0/16 GPUs free · incoming: lx-?
  1  nid001168 [0/4 gpu]  busy   lx-Xg4-012024-1218242-6951 1m     started 01:20
  2  nid001169 [0/4 gpu]  busy   lx-Xg4-012203-1233022-2240 11s    started 01:22
  3  nid001172 [0/4 gpu]  busy   lx-Xg4-012120-1228375-2967 56s    started 01:21
  4  nid001173 [0/4 gpu]  busy   lx-Xg4-012136-1230813-9005 40s    started 01:21

[lxrun] insufficient capacity: need 1 node(s) with 4 free GPU(s) PER NODE (-G is per node), have 0 fitting node(s)

  Options:
    (a) Use an allocation you already own:
          export SLURM_JOBID=57966914   # lx-alloc-jackm-FFREAL3, 4 nodes, 1:25:29 left
          export SLURM_JOBID=57964970   # lx-alloc-jackm-FFREAL2, 4 nodes, 2:01:27 left
    (b) Open another interactive allocation:
          lxalloc 1
    (c) Wait — oldest running step is lx-Xg4-012024-1218242-6951 on nid001168 (started 01:20, running 1m)
[lxrun] JID 57966610 · 4 nodes · 3:06:21 left · 4/16 GPUs free · incoming: lx-?
  1  nid001168 [0/4 gpu]  busy   lx-Xg4-012024-1218242-6951 2m     started 01:20
  2  nid001169 [0/4 gpu]  busy   lx-Xg4-012203-1233022-2240 27s    started 01:22
  3  nid001172 [0/4 gpu]  busy   lx-Xg4-012120-1228375-2967 1m     started 01:21
  4  nid001173 [4/4 gpu]  free   —                —      —  ← starting lx-?  ./rankwrap.sh ./driver.s
[lx] 4 GPU(s) x 4 rank(s) per node: select_gpu.sh pins ONE GPU per rank, so each rank sees ONE device's memory, not 4. For a single process across all 4 devices use `-G 4 -n 1`.
[lx] source tree: /pscratch/sd/j/jackm/sandbox_v2_docs_consolidation_2026-08-14/tmp/worktrees/wt_bisp_prof_s_codex_20260906/src  [cwd checkout]
[lx] runtime import origin: /pscratch/sd/j/jackm/sandbox_v2_docs_consolidation_2026-08-14/tmp/worktrees/wt_bisp_prof_s_codex_20260906/src/runtime/__init__.py  [PYTHONPATH head; runtime.bootstrap attests the actual import]
[select_gpu] nid001173 local rank 3 -> CUDA_VISIBLE_DEVICES=3 (from CUDA_VISIBLE_DEVICES)
[select_gpu] nid001173 local rank 2 -> CUDA_VISIBLE_DEVICES=2 (from CUDA_VISIBLE_DEVICES)
[select_gpu] nid001173 local rank 1 -> CUDA_VISIBLE_DEVICES=1 (from CUDA_VISIBLE_DEVICES)
[select_gpu] nid001173 local rank 0 -> CUDA_VISIBLE_DEVICES=0 (from CUDA_VISIBLE_DEVICES)
[rankwrap] rank=2 host=nid001173 src=/pscratch/sd/j/jackm/sandbox_v2_docs_consolidation_2026-08-14/tmp/worktrees/wt_main_de8dcfbc_fixed
[rankwrap] rank=3 host=nid001173 src=/pscratch/sd/j/jackm/sandbox_v2_docs_consolidation_2026-08-14/tmp/worktrees/wt_main_de8dcfbc_fixed
[rankwrap] rank=1 host=nid001173 src=/pscratch/sd/j/jackm/sandbox_v2_docs_consolidation_2026-08-14/tmp/worktrees/wt_main_de8dcfbc_fixed
[rankwrap] rank=0 host=nid001173 src=/pscratch/sd/j/jackm/sandbox_v2_docs_consolidation_2026-08-14/tmp/worktrees/wt_main_de8dcfbc_fixed
e1559a071e244b4f049c924781b668d9e1560739
e1559a071e244b4f049c924781b668d9e1560739
e1559a071e244b4f049c924781b668d9e1560739
e1559a071e244b4f049c924781b668d9e1560739
[lx] step lx-Xg4-012232-1236210-4898 exit 0 in 60 s
