[lorrax source closure] {"mode":"source","root":"/pscratch/sd/j/jackm/sandbox_v2_docs_consolidation_2026-08-14/tmp/worktrees/wt_bisp_prof_s_codex_20260906","runtime":"src/runtime/__init__.py","services":{"distrib-la":"services/distrib_la/src/distrib_la/__init__.py","lxkit":"services/lxkit/src/lxkit/__init__.py","minimax":"services/minimax/src/minimax/__init__.py","symmetry-maps":"services/symmetry_maps/src/symmetry_maps/__init__.py","vcoul":"services/vcoul/src/vcoul/__init__.py","wfn-loader":"services/wfn_loader/src/wfn_loader/__init__.py","zeta-loader":"services/zeta_loader/src/zeta_loader/__init__.py"}}
Jax plugin configuration error: Exception when calling jax_plugins.xla_cuda13.initialize()
Traceback (most recent call last):
  File "/global/common/software/m4598/jackm/lorrax_cuda13_runtime/.venv/lib/python3.12/site-packages/jax/_src/xla_bridge.py", line 497, in discover_pjrt_plugins
    plugin_module.initialize()
  File "/global/common/software/m4598/jackm/lorrax_cuda13_runtime/.venv/lib/python3.12/site-packages/jax_plugins/xla_cuda13/__init__.py", line 348, in initialize
    _check_cuda_versions(raise_on_first_error=True)
  File "/global/common/software/m4598/jackm/lorrax_cuda13_runtime/.venv/lib/python3.12/site-packages/jax_plugins/xla_cuda13/__init__.py", line 274, in _check_cuda_versions
    for d in range(cuda_versions.cuda_device_count())
                   ^^^^^^^^^^^^^^^^^^^^^^^^^^^^^^^^^
RuntimeError: jaxlib/cuda/versions_helpers.cc:126: operation cuInit(0) failed: CUDA_ERROR_NO_DEVICE
  [compile-cache] cross-rank compile agreement no-op: process_count=1.
  [compile-cache] persistent compile cache OFF (ISDF_JAX_CACHE_DIR="" opt-out). JAX's in-process executable cache remains active. For reuse among sequential drivers or a deliberate restart campaign, set ISDF_JAX_CACHE_DIR to a rank-visible directory.
[
  {
    "name": "incumbent",
    "calls": 10,
    "compiles": 10,
    "compiler_seconds": 0.24086816897033714
  },
  {
    "name": "hoisted",
    "calls": 10,
    "compiles": 1,
    "compiler_seconds": 0.02111536799930036
  }
]
