==============================================================================
LORRAX GW CALCULATION
==============================================================================
Input          : /pscratch/sd/j/jackm/sandbox_v2_docs_consolidation_2026-08-14/tmp/worktrees/wt_bisp_prof_s_codex_20260906/runs/MoS2/42_bisp_scale_2026-09-06/prof_s/53_P_dynamic_P16/cohsex.in
Method         : gn_ppm / one_shot_dft
Photon route   : packed screened static photon operator (sixteen response and Sigma blocks; coupled 4x4 Dyson solve; Gamma-cell completion carries charge, mixed, and transverse heads)
  [config provenance] mpa_sampling_alpha = 1 (default for nonmetal)
[config provenance] linalg = distributed (deck)
linalg = distributed: dense N_mu x N_mu matrices are 2D distributed across the process mesh (N_mu = 597)
[config provenance] low_mem_bands = true (deck)
low_mem_bands = true: the two-face wavefunction carrier (band chunks of 16); required for the raw-parent (k_irr) route, which contracts G and the ISDF pair densities on the WFN's own k rows.

CONFIGURATION PROVENANCE
------------------------
[config provenance] this deck names 1 LEGACY self-energy-axis key(s); they are honored, and the canonical axes resolved to compute_mode = gn_ppm, qp_solver = one_shot_dft.

PROCESSOR ARCHITECTURE
----------------------
MPI ranks      : 16
Accelerators   : 16 GPU devices (NVIDIA A100-SXM4-40GB, 1 per rank)
Processor mesh : 4 x 4  (centroid axes X x Y)
CPU allocation : 32 cores per rank
Host threads   : OPENBLAS_NUM_THREADS=16 (auto: physical cores of the affinity mask; applied to libscipy_openblas64_-61654e39.so)

METHOD AND PHYSICAL PATHWAYS
----------------------------
Self-energy    : Godby-Needs plasmon-pole GW; one-shot full-matrix effective Hamiltonian; Sigma evaluated at E_DFT with QSGW Hermitian symmetrization (distinct from fixed-DFT-state diagonal G0W0)
QP consistency  : one_shot_dft | other options: fixed_point (diagonal on-shell), self_consistent (rebuild G/W/Sigma)
EQP2 treatment  : off (set write_eqp2=true for fixed-Sigma eigenvalue self-consistency)
Screening      : RPA Dyson series; minimax imaginary-axis quadrature
Long wavelength: head=full; source=s_tensor
Coulomb system : 2D slab; Hartree=live G-space
Spin channels  : charge + transverse current (bispinor)
Degenerate sets: averaged at 1.36057e-05 eV
ISDF state     : fresh fit requested

NUMERICAL ENVIRONMENT
---------------------
JAX/JAXLIB     : 0.9.1 / 0.9.1 | FP64 / complex128 | NCCL collectives
Wavefunctions  : phdf5 reader
Dense linalg   : distributed layout
LORRAX_BANDS_GEMM_FFI      = NATIVE : right-GEMM contraction forming G(tau) (native XLA dot lowering)
LORRAX_FFT_FFI             = ON     : flat-k FFTs for ISDF, chi0 and Sigma (cuFFT flat-k FFI)
LORRAX_FFT_FFI_FUSED       = ON     : fused tau-domain convolution (cuFFT fused-convolution FFI)
LORRAX_CONV_KPAIR_FFI      = ON     : pair-density convolution forming V(q) (cuFFT pair-convolution FFI)

CRYSTAL SYMMETRY AND BRILLOUIN-ZONE SAMPLING
--------------------------------------------
Real-space action: r' = R^-1 r + tau
Spatial group   : 12 operations; 0 with fractional translations
QE schema      : FOUND data-file-schema.xml at /pscratch/sd/j/jackm/sandbox_v2_docs_consolidation_2026-08-14/runs/MoS2/42_bisp_scale_2026-09-06/00_qe_6x6/qe/nscf/MoS2.save/data-file-schema.xml
QE schema hash : SHA256 2f78cfdefa2f
Stored QE type : 12 unitary; 0 composed with time reversal
Active op rows : 12 unitary; 12 TR-composed
Inversion      : absent
DFT 2c TRS     : CONSISTENT (spatial-conditional; occupied-density residual=1.65314e-08; coverage=33.33%; raw-pair=0, spatial-pair=2, trim=2)
Global TRS     : enabled from the two-component reference check
  op   QE time-reversal status       R^-1 and fractional translation
  S01  QE-TR=no      active=unitary+TR R^-1=[ 1  0  0;  0  1  0;  0  0  1]  tau=( 0.000  0.000  0.000)
  S02  QE-TR=no      active=unitary+TR R^-1=[-1  1  0;  0  1  0;  0  0 -1]  tau=( 0.000  0.000  0.000)
  S03  QE-TR=no      active=unitary+TR R^-1=[-1  1  0; -1  0  0;  0  0  1]  tau=( 0.000  0.000  0.000)
  S04  QE-TR=no      active=unitary+TR R^-1=[ 0 -1  0;  1 -1  0;  0  0  1]  tau=( 0.000  0.000  0.000)
  S05  QE-TR=no      active=unitary+TR R^-1=[ 0 -1  0; -1  0  0;  0  0 -1]  tau=( 0.000  0.000  0.000)
  S06  QE-TR=no      active=unitary+TR R^-1=[ 1  0  0;  1 -1  0;  0  0 -1]  tau=( 0.000  0.000  0.000)
  S07  QE-TR=no      active=unitary+TR R^-1=[ 1  0  0;  0  1  0;  0  0 -1]  tau=( 0.000  0.000  0.000)
  S08  QE-TR=no      active=unitary+TR R^-1=[-1  1  0;  0  1  0;  0  0  1]  tau=( 0.000  0.000  0.000)
  S09  QE-TR=no      active=unitary+TR R^-1=[ 0 -1  0;  1 -1  0;  0  0 -1]  tau=( 0.000  0.000  0.000)
  S10  QE-TR=no      active=unitary+TR R^-1=[-1  1  0; -1  0  0;  0  0 -1]  tau=( 0.000  0.000  0.000)
  S11  QE-TR=no      active=unitary+TR R^-1=[ 1  0  0;  1 -1  0;  0  0  1]  tau=( 0.000  0.000  0.000)
  S12  QE-TR=no      active=unitary+TR R^-1=[ 0 -1  0; -1  0  0;  0  0  1]  tau=( 0.000  0.000  0.000)
Full BZ grid   : 36 k points | mesh 6 x 6 x 1 | shift (0.00000, 0.00000, 0.00000)
Stored IBZ     : 7 k points
  ik        kx        ky        kz     weight
    1   0.00000   0.00000   0.00000   0.02778
    2   0.00000   0.16667   0.00000   0.16667
    3   0.00000   0.33333   0.00000   0.16667
    4   0.00000  -0.50000   0.00000   0.08333
    5   0.16667   0.16667   0.00000   0.16667
    6   0.16667   0.33333   0.00000   0.33333
    7   0.33333   0.33333   0.00000   0.05556
Centroid orbit: CLOSED : 12/12 spatial operations preserve 597 sites (tol=1.00000e-05)
TRS pathways   : automatic from SymMaps.trs_allowed=true; no input override
GN probe route  : incumbent symmetric completion; ppm_probe_chi_reuse=off

BAND SPACES AND ENERGY COVERAGE
-------------------------------
Electrons      : 26.00000; occupied-band boundary = 26
Occupied bands : 1-26
QP valence     : 23-26
QP conduction  : 27-30
QP matrix      : 1-30
chi0/W sum     : 1-80
Sigma sum      : 1-80
Loaded ISDF psi: 1-80
zeta fit       : left 1-30; right 23-80
Started screening (chi0 -> W) at 14:30:14.
[ 14:30:25 | █████░░░░░ |  50% ] W role 1 / 2 · ETA 10 s
[ 14:30:28 | ██████████ | 100% ] W role 2 / 2 · ETA 0 s
Finished screening (chi0 -> W) at 14:30:28.  Elapsed: 14 s.
Photon Sigma   : dynamic packed route -- W_packed(omega) = diag(W_00(omega), W_TT, W_CT) with compute_mode = gn_ppm on the CHARGE block and the fifteen current blocks STATIC (omega = 0). The charge q->0 head is the dynamic model's; the TT/CT q->0 head is the packed Gamma-cell completion's. Sigma^B is the TT block of the packed operator, not a separate term.
Photon head    : Gamma-cell completion applied (bare <D> into V, charge S00/wing head into W); hall_source=none: sigma_H = 0 (no static_gauge_hall_file); sigma_H=[0.0, 0.0, 0.0] bohr^-1; ward=0.000e+00; hermiticity=1.630e-17; dyson_forward_bound=4.810e-15; cubature_orders=(16, 24, 32)
Photon WS cert : orders=(16, 24, 32); nodes=(1536, 3456, 6144); final_error_ratio=1.296e-01; max_dyson_backward_residual=4.346e-17
Started Sigma tau sweep at 14:31:43.
[ 14:31:45 | ░░░░░░░░░░ |   1% ] tau node   1 / 115 · ETA 172 s
[ 14:31:46 | █░░░░░░░░░ |   6% ] tau node   7 / 115 · ETA 35 s
[ 14:31:46 | █░░░░░░░░░ |  11% ] tau node  13 / 115 · ETA 24 s
[ 14:31:47 | ██░░░░░░░░ |  17% ] tau node  19 / 115 · ETA 19 s
[ 14:31:48 | ██░░░░░░░░ |  22% ] tau node  25 / 115 · ETA 16 s
[ 14:31:49 | ███░░░░░░░ |  27% ] tau node  31 / 115 · ETA 14 s
[ 14:31:50 | ███░░░░░░░ |  32% ] tau node  37 / 115 · ETA 13 s
[ 14:31:50 | ████░░░░░░ |  37% ] tau node  43 / 115 · ETA 12 s
[ 14:31:51 | ████░░░░░░ |  43% ] tau node  49 / 115 · ETA 10 s
[ 14:31:52 | █████░░░░░ |  48% ] tau node  55 / 115 · ETA 9 s
[ 14:31:53 | █████░░░░░ |  53% ] tau node  61 / 115 · ETA 8 s
[ 14:31:53 | ██████░░░░ |  58% ] tau node  67 / 115 · ETA 7 s
[ 14:31:54 | ██████░░░░ |  63% ] tau node  73 / 115 · ETA 6 s
[ 14:31:55 | ███████░░░ |  69% ] tau node  79 / 115 · ETA 5 s
[ 14:31:56 | ███████░░░ |  74% ] tau node  85 / 115 · ETA 4 s
[ 14:31:57 | ████████░░ |  79% ] tau node  91 / 115 · ETA 3 s
[ 14:31:57 | ████████░░ |  84% ] tau node  97 / 115 · ETA 3 s
[ 14:31:58 | █████████░ |  90% ] tau node 103 / 115 · ETA 2 s
[ 14:31:59 | █████████░ |  95% ] tau node 109 / 115 · ETA 1 s
[ 14:32:00 | ██████████ | 100% ] tau node 115 / 115 · ETA 0 s
Finished Sigma tau sweep at 14:32:00.  Elapsed: 16 s.
Sigma blocks   : CC max|diag|=3.560870e+01 eV, mean|diag|=1.914815e+01 eV; CT+TC max|diag|=3.051907e-15 eV, mean|diag|=1.101027e-15 eV; TT max|diag|=4.031016e-03 eV, mean|diag|=2.068931e-03 eV

DYNAMIC SIGMA ENERGY COVERAGE
-----------------------------
Energy origin   : E_F = -4.40910 eV (midgap)
Sigma omega    : [-4.00000, +4.00000] eV relative to E_F; step=1.00000 eV; 9 points
DFT QP valence : [-3.17385, -0.86522] eV relative to E_F
DFT QP conduct.: [+0.86522, +2.07205] eV relative to E_F
Coverage status : COMPLETE
Grid margins    : 0.82615 eV below; 1.92795 eV above protected DFT states
Band tail      : OFF | estimator=spectral_shell | brackets=total_fractions

FUNDAMENTAL GAP
---------------
DFT gap        : 1.73044 eV
Full-matrix effective-H gap: 3.04954 eV (insulating)
Gap correction : +1.31910 eV relative to DFT
State energies  : written to the EQP files listed below

MAJOR-STAGE TIMING
------------------
  stage                    wall (s)     fraction
  runtime bring-up             5.16       3.72%
  pre-main + imports           2.52       1.82%
  input + run setup            0.57       0.41%
  V(q)                         4.84       3.49%
  ISDF setup + I/O             7.87       5.68%
  minimax quadrature           0.18       0.13%
  chi0                         6.39       4.61%
  W                            7.27       5.24%
  screening support           48.35      34.89%
  W persist + q0 head          0.88       0.63%
  Sigma rule plan              0.11       0.08%
  Sigma tau sweep             17.61      12.71%
  Sigma other                 26.67      19.25%
  mean-field load              0.07       0.05%
  QP solve + diagonalize       0.31       0.22%
  result writes                0.08       0.06%
  other driver work            9.71       7.01%
  total run                  138.58     100.00%

OUTPUT FILES AND INPUTS
-----------------------
  role                     state       path
  input deck               read        /pscratch/sd/j/jackm/sandbox_v2_docs_consolidation_2026-08-14/tmp/worktrees/wt_bisp_prof_s_codex_20260906/runs/MoS2/42_bisp_scale_2026-09-06/prof_s/53_P_dynamic_P16/cohsex.in
  DFT wavefunctions        read        /pscratch/sd/j/jackm/sandbox_v2_docs_consolidation_2026-08-14/tmp/worktrees/wt_bisp_prof_s_codex_20260906/runs/MoS2/42_bisp_scale_2026-09-06/prof_s/53_P_dynamic_P16/WFN.h5
  ISDF centroids           read        /pscratch/sd/j/jackm/sandbox_v2_docs_consolidation_2026-08-14/tmp/worktrees/wt_bisp_prof_s_codex_20260906/runs/MoS2/42_bisp_scale_2026-09-06/prof_s/53_P_dynamic_P16/centroids_charge.txt
  current centroids        read        /pscratch/sd/j/jackm/sandbox_v2_docs_consolidation_2026-08-14/tmp/worktrees/wt_bisp_prof_s_codex_20260906/runs/MoS2/42_bisp_scale_2026-09-06/prof_s/53_P_dynamic_P16/centroids_current.txt
  mean-field Hamiltonian   read        /pscratch/sd/j/jackm/sandbox_v2_docs_consolidation_2026-08-14/tmp/worktrees/wt_bisp_prof_s_codex_20260906/runs/MoS2/42_bisp_scale_2026-09-06/prof_s/53_P_dynamic_P16/kin_ion.h5
  long-wave dipoles        read        /pscratch/sd/j/jackm/sandbox_v2_docs_consolidation_2026-08-14/tmp/worktrees/wt_bisp_prof_s_codex_20260906/runs/MoS2/42_bisp_scale_2026-09-06/prof_s/53_P_dynamic_P16/dipole.h5
  parallel transport       absent      /pscratch/sd/j/jackm/sandbox_v2_docs_consolidation_2026-08-14/tmp/worktrees/wt_bisp_prof_s_codex_20260906/runs/MoS2/42_bisp_scale_2026-09-06/prof_s/53_P_dynamic_P16/parallel_transport.h5
  ISDF restart tensors     present     /pscratch/sd/j/jackm/sandbox_v2_docs_consolidation_2026-08-14/tmp/worktrees/wt_bisp_prof_s_codex_20260906/runs/MoS2/42_bisp_scale_2026-09-06/prof_s/53_P_dynamic_P16/tmp/isdf_tensors_597.h5
  self-energy table        written     /pscratch/sd/j/jackm/sandbox_v2_docs_consolidation_2026-08-14/tmp/worktrees/wt_bisp_prof_s_codex_20260906/runs/MoS2/42_bisp_scale_2026-09-06/prof_s/53_P_dynamic_P16/sigma_diag.dat
  fixed-DFT-state diagonal zeroth-order energies written     /pscratch/sd/j/jackm/sandbox_v2_docs_consolidation_2026-08-14/tmp/worktrees/wt_bisp_prof_s_codex_20260906/runs/MoS2/42_bisp_scale_2026-09-06/prof_s/53_P_dynamic_P16/eqp0.dat
  fixed-DFT-state diagonal Z-linearized energies written     /pscratch/sd/j/jackm/sandbox_v2_docs_consolidation_2026-08-14/tmp/worktrees/wt_bisp_prof_s_codex_20260906/runs/MoS2/42_bisp_scale_2026-09-06/prof_s/53_P_dynamic_P16/eqp1.dat
  full-matrix effective-H rotations written     /pscratch/sd/j/jackm/sandbox_v2_docs_consolidation_2026-08-14/tmp/worktrees/wt_bisp_prof_s_codex_20260906/runs/MoS2/42_bisp_scale_2026-09-06/prof_s/53_P_dynamic_P16/qp_wfn_rotations.h5
  matched full-matrix QP wavefunctions absent      /pscratch/sd/j/jackm/sandbox_v2_docs_consolidation_2026-08-14/tmp/worktrees/wt_bisp_prof_s_codex_20260906/runs/MoS2/42_bisp_scale_2026-09-06/prof_s/53_P_dynamic_P16/WFN_qp.h5
  dynamic Sigma spectrum   written     /pscratch/sd/j/jackm/sandbox_v2_docs_consolidation_2026-08-14/tmp/worktrees/wt_bisp_prof_s_codex_20260906/runs/MoS2/42_bisp_scale_2026-09-06/prof_s/53_P_dynamic_P16/sigma_mnk.h5

LORRAX GW calculation completed.
Report written to /pscratch/sd/j/jackm/sandbox_v2_docs_consolidation_2026-08-14/tmp/worktrees/wt_bisp_prof_s_codex_20260906/runs/MoS2/42_bisp_scale_2026-09-06/prof_s/53_P_dynamic_P16/gwjax.out
