DEBUG uv 0.8.21
DEBUG Acquired shared lock for `/home/jackm/.cache/uv`
DEBUG Found project root: `/home/jackm/projects/isdf_cohsex`
DEBUG Found workspace root: `/home/jackm/projects/isdf_cohsex`
DEBUG Adding root workspace member: `/home/jackm/projects/isdf_cohsex`
DEBUG Acquired lock for `/home/jackm/projects/isdf_cohsex`
DEBUG Reading Python requests from version file at `/home/jackm/projects/isdf_cohsex/.python-version`
DEBUG Using Python request `3.13` from version file at `.python-version`
DEBUG Checking for Python environment at: `.venv`
DEBUG The project environment's Python version satisfies the request: `Python 3.13`
DEBUG Released lock at `/tmp/uv-02a1ec71af8f7128.lock`
DEBUG Acquired lock for `.venv`
warning: The `extra-build-dependencies` option is experimental and may change without warning. Pass `--preview-features extra-build-dependencies` to disable this warning.
DEBUG Using request timeout of 30s
DEBUG Found static `pyproject.toml` for: isdf-gw @ file:///home/jackm/projects/isdf_cohsex
DEBUG Found workspace root: `/home/jackm/projects/isdf_cohsex`
DEBUG Existing `uv.lock` satisfies workspace requirements
Resolved 108 packages in 14ms
DEBUG Using request timeout of 30s
DEBUG Computed cache info: Some(Timestamp(SystemTime { tv_sec: 1758658337, tv_nsec: 181217191 })), None, None, {}, {"src": Some(Timestamp(Timestamp(SystemTime { tv_sec: 1758474165, tv_nsec: 248811864 })))}
DEBUG Directory source requirement already cached: isdf-gw==0.1.0 (from file:///home/jackm/projects/isdf_cohsex)
DEBUG Requirement already installed: flake8==7.3.0
DEBUG Requirement already installed: pdoc==15.0.4
DEBUG Requirement already installed: pydoc-markdown==4.8.2
DEBUG Requirement already installed: cupy-cuda13x==13.6.0
DEBUG Requirement already installed: h5py==3.14.0
DEBUG Requirement already installed: jax==0.7.2
DEBUG Build info mismatch for jax-finufft: jax-finufft==1.1.0 (from git+https://github.com/flatironinstitute/jax-finufft@d213861911772bd1b033ddc053ea3009fc1a967f)
DEBUG Requirement installed, but not fresh: jax-finufft==1.1.0 (from git+https://github.com/flatironinstitute/jax-finufft@d213861911772bd1b033ddc053ea3009fc1a967f)
DEBUG Identified uncached distribution: jax-finufft @ git+https://github.com/flatironinstitute/jax-finufft@d213861911772bd1b033ddc053ea3009fc1a967f
DEBUG Requirement already installed: jaxlib==0.7.2
DEBUG Requirement already installed: matplotlib==3.10.3
DEBUG Requirement already installed: mkdocs==1.6.1
DEBUG Requirement already installed: mkdocs-material==9.6.20
DEBUG Requirement already installed: mkdocstrings==0.30.1
DEBUG Requirement already installed: mkdocstrings-python==1.18.2
DEBUG Requirement already installed: numpy==2.3.1
DEBUG Requirement already installed: scipy==1.16.0
DEBUG Requirement already installed: xmlschema==4.1.0
DEBUG Requirement already installed: xsdata==25.7
DEBUG Requirement already installed: mccabe==0.7.0
DEBUG Requirement already installed: pycodestyle==2.14.0
DEBUG Requirement already installed: pyflakes==3.4.0
DEBUG Requirement already installed: jinja2==3.1.6
DEBUG Requirement already installed: markupsafe==3.0.2
DEBUG Requirement already installed: pygments==2.19.2
DEBUG Requirement already installed: click==8.2.1
DEBUG Requirement already installed: databind-core==4.5.2
DEBUG Requirement already installed: databind-json==4.5.2
DEBUG Requirement already installed: docspec==2.2.2
DEBUG Requirement already installed: docspec-python==2.2.1
DEBUG Requirement already installed: docstring-parser==0.11
DEBUG Requirement already installed: nr-util==0.8.12
DEBUG Requirement already installed: pyyaml==6.0.2
DEBUG Requirement already installed: requests==2.32.5
DEBUG Requirement already installed: tomli==2.2.1
DEBUG Requirement already installed: tomli-w==1.2.0
DEBUG Requirement already installed: watchdog==6.0.0
DEBUG Requirement already installed: yapf==0.43.0
DEBUG Requirement already installed: fastrlock==0.8.3
DEBUG Requirement already installed: ml-dtypes==0.5.1
DEBUG Requirement already installed: opt-einsum==3.4.0
DEBUG Requirement already installed: jax-cuda13-plugin==0.7.2
DEBUG Requirement already installed: pydantic==2.11.9
DEBUG Requirement already installed: contourpy==1.3.2
DEBUG Requirement already installed: cycler==0.12.1
DEBUG Requirement already installed: fonttools==4.59.0
DEBUG Requirement already installed: kiwisolver==1.4.8
DEBUG Requirement already installed: packaging==25.0
DEBUG Requirement already installed: pillow==11.3.0
DEBUG Requirement already installed: pyparsing==3.2.3
DEBUG Requirement already installed: python-dateutil==2.9.0.post0
DEBUG Requirement already installed: ghp-import==2.1.0
DEBUG Requirement already installed: markdown==3.9
DEBUG Requirement already installed: mergedeep==1.3.4
DEBUG Requirement already installed: mkdocs-get-deps==0.2.0
DEBUG Requirement already installed: pathspec==0.12.1
DEBUG Requirement already installed: pyyaml-env-tag==1.1
DEBUG Requirement already installed: babel==2.17.0
DEBUG Requirement already installed: backrefs==5.9
DEBUG Requirement already installed: colorama==0.4.6
DEBUG Requirement already installed: mkdocs-material-extensions==1.3.1
DEBUG Requirement already installed: paginate==0.5.7
DEBUG Requirement already installed: pymdown-extensions==10.16.1
DEBUG Requirement already installed: mkdocs-autorefs==1.4.3
DEBUG Requirement already installed: griffe==1.14.0
DEBUG Requirement already installed: elementpath==5.0.4
DEBUG Requirement already installed: typing-extensions==4.15.0
DEBUG Requirement already installed: click-default-group==1.2.4
DEBUG Requirement already installed: docformatter==1.7.7
DEBUG Requirement already installed: ruff==0.13.0
DEBUG Requirement already installed: toposort==1.10
DEBUG Requirement already installed: databind==4.5.2
DEBUG Requirement already installed: deprecated==1.2.18
DEBUG Requirement already installed: black==23.12.1
DEBUG Requirement already installed: certifi==2025.8.3
DEBUG Requirement already installed: charset-normalizer==3.4.3
DEBUG Requirement already installed: idna==3.10
DEBUG Requirement already installed: urllib3==2.5.0
DEBUG Requirement already installed: platformdirs==4.4.0
DEBUG Requirement already installed: jax-cuda13-pjrt==0.7.2
DEBUG Requirement already installed: nvidia-cublas==13.0.2.14
DEBUG Requirement already installed: nvidia-cuda-cupti==13.0.85
DEBUG Requirement already installed: nvidia-cuda-nvcc==13.0.88
DEBUG Requirement already installed: nvidia-cuda-nvrtc==13.0.88
DEBUG Requirement already installed: nvidia-cuda-runtime==13.0.88
DEBUG Requirement already installed: nvidia-cudnn-cu13==9.13.0.50
DEBUG Requirement already installed: nvidia-cufft==12.0.0.61
DEBUG Requirement already installed: nvidia-cusolver==12.0.4.66
DEBUG Requirement already installed: nvidia-cusparse==12.6.3.3
DEBUG Requirement already installed: nvidia-nccl-cu13==2.28.3
DEBUG Requirement already installed: nvidia-nvjitlink==13.0.88
DEBUG Requirement already installed: nvidia-nvshmem-cu13==3.4.5
DEBUG Requirement already installed: nvidia-nvvm==13.0.88
DEBUG Requirement already installed: annotated-types==0.7.0
DEBUG Requirement already installed: pydantic-core==2.33.2
DEBUG Requirement already installed: typing-inspection==0.4.1
DEBUG Requirement already installed: six==1.17.0
DEBUG Requirement already installed: untokenize==0.1.1
DEBUG Requirement already installed: nr-date==2.1.0
DEBUG Requirement already installed: nr-stream==1.1.5
DEBUG Requirement already installed: typeapi==2.2.4
DEBUG Requirement already installed: wrapt==1.17.3
DEBUG Requirement already installed: mypy-extensions==1.1.0
DEBUG Requirement already installed: nvidia-cuda-crt==13.0.88
DEBUG Fetching source distribution from Git: https://github.com/flatironinstitute/jax-finufft
DEBUG Acquired lock for `https://github.com/flatironinstitute/jax-finufft`
DEBUG Using existing Git source `https://github.com/flatironinstitute/jax-finufft`
DEBUG Released lock at `/home/jackm/.cache/uv/git-v0/locks/63823446a28956c5`
DEBUG Acquired lock for `/home/jackm/.cache/uv/sdists-v9/git/62a24b1e15df7968/d213861911772bd1`
   Building jax-finufft @ git+https://github.com/flatironinstitute/jax-finufft@d213861911772bd1b033ddc053ea3009fc1a967f
DEBUG Building: jax-finufft @ git+https://github.com/flatironinstitute/jax-finufft@d213861911772bd1b033ddc053ea3009fc1a967f
DEBUG Not using uv build backend direct build of `jax-finufft @ git+https://github.com/flatironinstitute/jax-finufft@d213861911772bd1b033ddc053ea3009fc1a967f`, pyproject.toml does not match: The value for `build_system.build-backend` should be `"uv_build"`, not `"scikit_build_core.build"`
DEBUG Assessing Python executable as base candidate: /home/jackm/.local/share/uv/python/cpython-3.13.7-linux-x86_64-gnu/bin/python3.13
DEBUG Reusing existing build environment for: jax-finufft @ git+https://github.com/flatironinstitute/jax-finufft@d213861911772bd1b033ddc053ea3009fc1a967f
DEBUG No workspace root found, using project root
DEBUG Assessing Python executable as base candidate: /home/jackm/.local/share/uv/python/cpython-3.13.7-linux-x86_64-gnu/bin/python3.13
DEBUG Using base executable for virtual environment: /home/jackm/.local/share/uv/python/cpython-3.13.7-linux-x86_64-gnu/bin/python3.13
DEBUG Resolving build requirements
DEBUG Solving with installed Python version: 3.13.7
DEBUG Solving with target Python version: >=3.13.7
DEBUG Adding direct dependency: nanobind>=2.9.0
DEBUG Adding direct dependency: scikit-build-core>=0.5
DEBUG Adding direct dependency: scikit-build-core>=0.11
DEBUG Adding direct dependency: cmake>=3.26
DEBUG Adding direct dependency: ninja*
DEBUG Found fresh response for: https://pypi.org/simple/nanobind/
DEBUG Searching for a compatible version of nanobind (>=2.9.0)
DEBUG Selecting: nanobind==2.9.2 [compatible] (nanobind-2.9.2-py3-none-any.whl)
DEBUG Found fresh response for: https://pypi.org/simple/scikit-build-core/
DEBUG Found fresh response for: https://pypi.org/simple/ninja/
DEBUG Found fresh response for: https://files.pythonhosted.org/packages/05/20/f8944f162df48a20f8f533f4e4faed63891aa368ceca8cc8b32d4c785ed4/nanobind-2.9.2-py3-none-any.whl.metadata
DEBUG Found fresh response for: https://files.pythonhosted.org/packages/ed/de/0e6edf44d6a04dabd0318a519125ed0415ce437ad5a1ec9b9be03d9048cf/ninja-1.13.0-py3-none-manylinux2014_x86_64.manylinux_2_17_x86_64.whl.metadata
DEBUG Searching for a compatible version of scikit-build-core (>=0.11)
DEBUG Found fresh response for: https://files.pythonhosted.org/packages/43/49/ec16b3db6893db788ae35f98506ff5a9c25dca7eb18cc38ada8a4c1dc944/scikit_build_core-0.11.6-py3-none-any.whl.metadata
DEBUG Selecting: scikit-build-core==0.11.6 [compatible] (scikit_build_core-0.11.6-py3-none-any.whl)
DEBUG Adding transitive dependency for scikit-build-core==0.11.6: packaging>=23.2
DEBUG Adding transitive dependency for scikit-build-core==0.11.6: pathspec>=0.10.1
DEBUG Found fresh response for: https://pypi.org/simple/packaging/
DEBUG Found fresh response for: https://pypi.org/simple/pathspec/
DEBUG Found fresh response for: https://pypi.org/simple/cmake/
DEBUG Searching for a compatible version of cmake (>=3.26)
DEBUG Selecting: cmake==4.1.0 [compatible] (cmake-4.1.0-py3-none-manylinux2014_x86_64.manylinux_2_17_x86_64.whl)
DEBUG Found fresh response for: https://files.pythonhosted.org/packages/20/12/38679034af332785aac8774540895e234f4d07f7545804097de4b666afd8/packaging-25.0-py3-none-any.whl.metadata
DEBUG Found fresh response for: https://files.pythonhosted.org/packages/cc/20/ff623b09d963f88bfde16306a54e12ee5ea43e9b597108672ff3a408aad6/pathspec-0.12.1-py3-none-any.whl.metadata
DEBUG Found fresh response for: https://files.pythonhosted.org/packages/34/da/0217073d5b3fb8655b3de8af4e9e797a25ae28a2932b1138452a0dc89e9f/cmake-4.1.0-py3-none-manylinux2014_x86_64.manylinux_2_17_x86_64.whl.metadata
DEBUG Searching for a compatible version of ninja (*)
DEBUG Selecting: ninja==1.13.0 [compatible] (ninja-1.13.0-py3-none-manylinux2014_x86_64.manylinux_2_17_x86_64.whl)
DEBUG Searching for a compatible version of packaging (>=23.2)
DEBUG Selecting: packaging==25.0 [compatible] (packaging-25.0-py3-none-any.whl)
DEBUG Searching for a compatible version of pathspec (>=0.10.1)
DEBUG Selecting: pathspec==0.12.1 [compatible] (pathspec-0.12.1-py3-none-any.whl)
DEBUG Tried 6 versions: cmake 1, nanobind 1, ninja 1, packaging 1, pathspec 1, scikit-build-core 1
DEBUG marker environment resolution took 0.008s
DEBUG Installing in scikit-build-core==0.11.6, packaging==25.0, cmake==4.1.0, pathspec==0.12.1, nanobind==2.9.2, ninja==1.13.0 in /home/jackm/.cache/uv/builds-v0/.tmpEORg13
DEBUG Registry requirement already cached: scikit-build-core==0.11.6
DEBUG Registry requirement already cached: packaging==25.0
DEBUG Registry requirement already cached: cmake==4.1.0
DEBUG Registry requirement already cached: pathspec==0.12.1
DEBUG Registry requirement already cached: nanobind==2.9.2
DEBUG Registry requirement already cached: ninja==1.13.0
DEBUG Installing build requirements: scikit-build-core==0.11.6, packaging==25.0, cmake==4.1.0, pathspec==0.12.1, nanobind==2.9.2, ninja==1.13.0
DEBUG Creating PEP 517 build environment
DEBUG Calling `scikit_build_core.build.get_requires_for_build_wheel()`
DEBUG No workspace root found, using project root
DEBUG Installing extra requirements for build backend
DEBUG Solving with installed Python version: 3.13.7
DEBUG Solving with target Python version: >=3.13.7
DEBUG Adding direct dependency: nanobind>=2.9.0
DEBUG Adding direct dependency: scikit-build-core>=0.5
DEBUG Adding direct dependency: cmake>=3.15
DEBUG Adding direct dependency: ninja>=1.5
DEBUG Adding direct dependency: setuptools-scm*
DEBUG Searching for a compatible version of nanobind (>=2.9.0)
DEBUG Selecting: nanobind==2.9.2 [compatible] (nanobind-2.9.2-py3-none-any.whl)
DEBUG Searching for a compatible version of scikit-build-core (>=0.5)
DEBUG Selecting: scikit-build-core==0.11.6 [compatible] (scikit_build_core-0.11.6-py3-none-any.whl)
DEBUG Adding transitive dependency for scikit-build-core==0.11.6: packaging>=23.2
DEBUG Adding transitive dependency for scikit-build-core==0.11.6: pathspec>=0.10.1
DEBUG Searching for a compatible version of cmake (>=3.15)
DEBUG Selecting: cmake==4.1.0 [compatible] (cmake-4.1.0-py3-none-manylinux2014_x86_64.manylinux_2_17_x86_64.whl)
DEBUG Searching for a compatible version of ninja (>=1.5)
DEBUG Selecting: ninja==1.13.0 [compatible] (ninja-1.13.0-py3-none-manylinux2014_x86_64.manylinux_2_17_x86_64.whl)
DEBUG Found fresh response for: https://pypi.org/simple/setuptools-scm/
DEBUG Searching for a compatible version of setuptools-scm (*)
DEBUG Selecting: setuptools-scm==9.2.0 [compatible] (setuptools_scm-9.2.0-py3-none-any.whl)
DEBUG Found fresh response for: https://files.pythonhosted.org/packages/f7/14/dd3a6053325e882fe191fb4b42289bbdfabf5f44307c302903a8a3236a0a/setuptools_scm-9.2.0-py3-none-any.whl.metadata
DEBUG Adding transitive dependency for setuptools-scm==9.2.0: packaging>=20
DEBUG Adding transitive dependency for setuptools-scm==9.2.0: setuptools*
DEBUG Searching for a compatible version of packaging (>=23.2)
DEBUG Selecting: packaging==25.0 [compatible] (packaging-25.0-py3-none-any.whl)
DEBUG Searching for a compatible version of pathspec (>=0.10.1)
DEBUG Selecting: pathspec==0.12.1 [compatible] (pathspec-0.12.1-py3-none-any.whl)
DEBUG Found fresh response for: https://pypi.org/simple/setuptools/
DEBUG Searching for a compatible version of setuptools (*)
DEBUG Selecting: setuptools==80.9.0 [compatible] (setuptools-80.9.0-py3-none-any.whl)
DEBUG Found fresh response for: https://files.pythonhosted.org/packages/a3/dc/17031897dae0efacfea57dfd3a82fdd2a2aeb58e0ff71b77b87e44edc772/setuptools-80.9.0-py3-none-any.whl.metadata
DEBUG Tried 8 versions: cmake 1, nanobind 1, ninja 1, packaging 1, pathspec 1, scikit-build-core 1, setuptools 1, setuptools-scm 1
DEBUG marker environment resolution took 0.004s
DEBUG Installing in setuptools-scm==9.2.0, cmake==4.1.0, ninja==1.13.0, scikit-build-core==0.11.6, packaging==25.0, pathspec==0.12.1, nanobind==2.9.2, setuptools==80.9.0 in /home/jackm/.cache/uv/builds-v0/.tmpEORg13
DEBUG Registry requirement already cached: setuptools-scm==9.2.0
DEBUG Requirement already installed: cmake==4.1.0
DEBUG Requirement already installed: ninja==1.13.0
DEBUG Requirement already installed: scikit-build-core==0.11.6
DEBUG Requirement already installed: packaging==25.0
DEBUG Requirement already installed: pathspec==0.12.1
DEBUG Requirement already installed: nanobind==2.9.2
DEBUG Registry requirement already cached: setuptools==80.9.0
DEBUG Installing build requirements: setuptools-scm==9.2.0, setuptools==80.9.0
DEBUG Calling `scikit_build_core.build.build_wheel("/home/jackm/.cache/uv/builds-v0/.tmpDJDoEV", {}, None)`
DEBUG *** scikit-build-core 0.11.6 using CMake 4.1.0 (wheel)
DEBUG *** Configuring CMake...
DEBUG loading initial cache file build/cp313-cp313-linux_x86_64/CMakeInit.txt
DEBUG -- The C compiler identification is GNU 13.3.0
DEBUG -- The CXX compiler identification is GNU 13.3.0
DEBUG -- Detecting C compiler ABI info
DEBUG -- Detecting C compiler ABI info - done
DEBUG -- Check for working C compiler: /usr/bin/cc - skipped
DEBUG -- Detecting C compile features
DEBUG -- Detecting C compile features - done
DEBUG -- Detecting CXX compiler ABI info
DEBUG -- Detecting CXX compiler ABI info - done
DEBUG -- Check for working CXX compiler: /usr/bin/c++ - skipped
DEBUG -- Detecting CXX compile features
DEBUG -- Detecting CXX compile features - done
DEBUG -- Using CMake version: 4.1.0
DEBUG -- Found OpenMP_C: -fopenmp (found version "4.5")
DEBUG -- Found OpenMP_CXX: -fopenmp (found version "4.5")
DEBUG -- Found OpenMP: TRUE (found version "4.5")
DEBUG -- jax_finufft: OpenMP found
DEBUG -- Looking for a CUDA compiler
DEBUG -- Looking for a CUDA compiler - /usr/local/cuda/bin/nvcc
DEBUG -- jax_finufft: CUDA compiler found; compiling with GPU support
DEBUG -- jax_finufft: CUDA architectures: native
DEBUG -- The CUDA compiler identification is NVIDIA 13.0.88 with host compiler GNU 13.3.0
DEBUG -- Detecting CUDA compiler ABI info
DEBUG -- Detecting CUDA compiler ABI info - done
DEBUG -- Check for working CUDA compiler: /usr/local/cuda/bin/nvcc - skipped
DEBUG -- Detecting CUDA compile features
DEBUG -- Detecting CUDA compile features - done
DEBUG -- LTO is supported and enabled.
DEBUG -- Performing Test funrollloops
DEBUG -- Performing Test funrollloops - Success
DEBUG -- Performing Test ffpcontract_fast
DEBUG -- Performing Test ffpcontract_fast - Success
DEBUG -- Performing Test fnomatherrno
DEBUG -- Performing Test fnomatherrno - Success
DEBUG -- Performing Test fnosignedzeros
DEBUG -- Performing Test fnosignedzeros - Success
DEBUG -- Performing Test fnotrappingmath
DEBUG -- Performing Test fnotrappingmath - Success
DEBUG -- Performing Test fassociativemath
DEBUG -- Performing Test fassociativemath - Success
DEBUG -- Performing Test freciprocalmath
DEBUG -- Performing Test freciprocalmath - Success
DEBUG -- Performing Test fmergeallconstants
DEBUG -- Performing Test fmergeallconstants - Success
DEBUG -- Performing Test ftreevectorize
DEBUG -- Performing Test ftreevectorize - Success
DEBUG -- Performing Test fimplicitconstexpr
DEBUG -- Performing Test fimplicitconstexpr - Success
DEBUG -- Performing Test fcxlimitedrange
DEBUG -- Performing Test fcxlimitedrange - Success
DEBUG -- Performing Test O3
DEBUG -- Performing Test O3 - Success
DEBUG -- Performing Test /Ox
DEBUG -- Performing Test /Ox - Failed
DEBUG -- Flag /Ox is not supported
DEBUG -- Performing Test /fp:contract
DEBUG -- Performing Test /fp:contract - Failed
DEBUG -- Flag /fp:contract is not supported
DEBUG -- Performing Test /fp:except
DEBUG -- Performing Test /fp:except - Failed
DEBUG -- Flag /fp:except- is not supported
DEBUG -- Performing Test /GF
DEBUG -- Performing Test /GF - Failed
DEBUG -- Flag /GF is not supported
DEBUG -- Performing Test /GY
DEBUG -- Performing Test /GY - Failed
DEBUG -- Flag /GY is not supported
DEBUG -- Performing Test /GS
DEBUG -- Performing Test /GS - Failed
DEBUG -- Flag /GS- is not supported
DEBUG -- Performing Test /Ob
DEBUG -- Performing Test /Ob - Failed
DEBUG -- Flag /Ob is not supported
DEBUG -- Performing Test /Oi
DEBUG -- Performing Test /Oi - Failed
DEBUG -- Flag /Oi is not supported
DEBUG -- Performing Test /Ot
DEBUG -- Performing Test /Ot - Failed
DEBUG -- Flag /Ot is not supported
DEBUG -- Performing Test /Oy
DEBUG -- Performing Test /Oy - Failed
DEBUG -- Flag /Oy is not supported
DEBUG -- FINUFFT Release flags: -funroll-loops;-ffp-contract=fast;-fno-math-errno;-fno-signed-zeros;-fno-trapping-math;-fassociative-math;-freciprocal-math;-fmerge-all-constants;-ftree-vectorize;-fimplicit-constexpr;-fcx-limited-range;-O3
DEBUG -- ENV{GITHUB_ACTIONS}: 
DEBUG CMake is NOT being executed inside a GitHub workflow
DEBUG -- Performing Test g
DEBUG -- Performing Test g - Success
DEBUG -- Performing Test g3
DEBUG -- Performing Test g3 - Success
DEBUG -- Performing Test ggdb
DEBUG -- Performing Test ggdb - Success
DEBUG -- Performing Test ggdb3
DEBUG -- Performing Test ggdb3 - Success
DEBUG -- Performing Test Wall
DEBUG -- Performing Test Wall - Success
DEBUG -- Performing Test Wextra
DEBUG -- Performing Test Wextra - Success
DEBUG -- Performing Test Wpedantic
DEBUG -- Performing Test Wpedantic - Success
DEBUG -- Performing Test Wnounknownpragmas
DEBUG -- Performing Test Wnounknownpragmas - Success
DEBUG -- FINUFFT Debug flags: -g;-g3;-ggdb;-ggdb3;-Wall;-Wextra;-Wpedantic;-Wno-unknown-pragmas
DEBUG -- FINUFFT RelWithDebInfo flags: -funroll-loops;-ffp-contract=fast;-fno-math-errno;-fno-signed-zeros;-fno-trapping-math;-fassociative-math;-freciprocal-math;-fmerge-all-constants;-ftree-vectorize;-fimplicit-constexpr;-fcx-limited-range;-O3;-funroll-loops;-ffp-contract=fast;-fno-math-errno;-fno-signed-zeros;-fno-trapping-math;-fassociative-math;-freciprocal-math;-fmerge-all-constants;-ftree-vectorize;-fimplicit-constexpr;-fcx-limited-range;-O3;-g;-g3;-ggdb;-ggdb3;-Wall;-Wextra;-Wpedantic;-Wno-unknown-pragmas
DEBUG -- Performing Test march_native
DEBUG -- Performing Test march_native - Success
DEBUG -- FINUFFT Arch flags: -march=native
DEBUG -- CPM: Adding package xtl@0.7.7 (0.7.7)
DEBUG CMake Deprecation Warning at build/cp313-cp313-linux_x86_64/_deps/xtl-src/CMakeLists.txt:10 (cmake_minimum_required):
DEBUG   Compatibility with CMake < 3.10 will be removed from a future version of
DEBUG   CMake.
DEBUG 
DEBUG   Update the VERSION argument <min> value.  Or, use the <min>...<max> syntax
DEBUG   to tell CMake that the project requires at least <min> but has been updated
DEBUG   to work with policies introduced by <max> or earlier.
DEBUG 
DEBUG 
DEBUG -- xtl v0.7.7
DEBUG -- CPM: Adding package xsimd@13.2.0 (13.2.0)
DEBUG CMake Deprecation Warning at build/cp313-cp313-linux_x86_64/_deps/xsimd-src/CMakeLists.txt:12 (cmake_minimum_required):
DEBUG   Compatibility with CMake < 3.10 will be removed from a future version of
DEBUG   CMake.
DEBUG 
DEBUG   Update the VERSION argument <min> value.  Or, use the <min>...<max> syntax
DEBUG   to tell CMake that the project requires at least <min> but has been updated
DEBUG   to work with policies introduced by <max> or earlier.
DEBUG 
DEBUG 
DEBUG -- xsimd v13.2.0
DEBUG -- CPM: Adding package findfftw@ (master)
DEBUG -- Found PkgConfig: /usr/bin/pkg-config (found version "1.8.1")
DEBUG -- Found FFTW: /usr/include
DEBUG -- Found OpenMP_C: -fopenmp (found version "4.5")
DEBUG -- Found OpenMP_CXX: -fopenmp (found version "4.5")
DEBUG -- Found OpenMP: TRUE (found version "4.5") found components: C CXX
DEBUG -- Performing Test FINUFFT_HAS_NO_DEPRECATED_DECLARATIONS
DEBUG -- Performing Test FINUFFT_HAS_NO_DEPRECATED_DECLARATIONS - Success
DEBUG -- Found CUDAToolkit: /usr/local/cuda/targets/x86_64-linux/include;/usr/local/cuda/targets/x86_64-linux/include/cccl (found version "13.0.88")
DEBUG -- Performing Test CMAKE_HAVE_LIBC_PTHREAD
DEBUG -- Performing Test CMAKE_HAVE_LIBC_PTHREAD - Success
DEBUG -- Found Threads: TRUE
DEBUG -- FINUFFT configuration summary:
DEBUG --   CMAKE_BUILD_TYPE: Release
DEBUG --   FINUFFT_USE_CPU: ON
DEBUG --   FINUFFT_USE_CUDA: ON
DEBUG --   FINUFFT_USE_OPENMP: ON
DEBUG --   FINUFFT_STATIC_LINKING: ON
DEBUG --   FINUFFT_POSITION_INDEPENDENT_CODE: ON
DEBUG --   FINUFFT_ENABLE_INSTALL: ON
DEBUG --   FINUFFT_BUILD_EXAMPLES: OFF
DEBUG --   FINUFFT_BUILD_TESTS: OFF
DEBUG --   FINUFFT_BUILD_FORTRAN: OFF
DEBUG --   FINUFFT_BUILD_MATLAB: OFF
DEBUG --   FINUFFT_BUILD_PYTHON: OFF
DEBUG --   FINUFFT_ENABLE_SANITIZERS: OFF
DEBUG --   FINUFFT_FFTW_SUFFIX: DEFAULT
DEBUG --   FINUFFT_FFTW_LIBRARIES: FFTW::Float;FFTW::Double;FFTW::FloatOpenMP;FFTW::DoubleOpenMP
DEBUG --   FINUFFT_ARCH_FLAGS: -march=native
DEBUG --   FINUFFT_USE_DUCC0: OFF
DEBUG --   CMAKE_CUDA_ARCHITECTURES: native
DEBUG -- Found Python: /home/jackm/.cache/uv/builds-v0/.tmpEORg13/bin/python (found suitable version "3.13.7", minimum required is "3.8") found components: Interpreter Development.Module
DEBUG -- Configuring done (21.2s)
DEBUG -- Generating done (0.0s)
DEBUG -- Build files have been written to: /home/jackm/.cache/uv/git-v0/checkouts/63823446a28956c5/d213861/build/cp313-cp313-linux_x86_64
DEBUG *** Building project with Ninja...
DEBUG [1/42] Building CXX object CMakeFiles/nanobind-static.dir/home/jackm/.cache/uv/builds-v0/.tmpEORg13/lib/python3.13/site-packages/nanobind/src/nb_ft.cpp.o
DEBUG [2/42] Building CXX object CMakeFiles/nanobind-static.dir/home/jackm/.cache/uv/builds-v0/.tmpEORg13/lib/python3.13/site-packages/nanobind/src/nb_static_property.cpp.o
DEBUG [3/42] Building CXX object CMakeFiles/nanobind-static.dir/home/jackm/.cache/uv/builds-v0/.tmpEORg13/lib/python3.13/site-packages/nanobind/src/implicit.cpp.o
DEBUG [4/42] Building CXX object CMakeFiles/nanobind-static.dir/home/jackm/.cache/uv/builds-v0/.tmpEORg13/lib/python3.13/site-packages/nanobind/src/trampoline.cpp.o
DEBUG [5/42] Building CXX object CMakeFiles/nanobind-static.dir/home/jackm/.cache/uv/builds-v0/.tmpEORg13/lib/python3.13/site-packages/nanobind/src/error.cpp.o
DEBUG [6/42] Building CXX object CMakeFiles/nanobind-static.dir/home/jackm/.cache/uv/builds-v0/.tmpEORg13/lib/python3.13/site-packages/nanobind/src/nb_internals.cpp.o
DEBUG [7/42] Building CXX object CMakeFiles/nanobind-static.dir/home/jackm/.cache/uv/builds-v0/.tmpEORg13/lib/python3.13/site-packages/nanobind/src/nb_ndarray.cpp.o
DEBUG [8/42] Building CXX object CMakeFiles/nanobind-static.dir/home/jackm/.cache/uv/builds-v0/.tmpEORg13/lib/python3.13/site-packages/nanobind/src/common.cpp.o
DEBUG [9/42] Building CXX object CMakeFiles/nanobind-static.dir/home/jackm/.cache/uv/builds-v0/.tmpEORg13/lib/python3.13/site-packages/nanobind/src/nb_enum.cpp.o
DEBUG [10/42] Building CXX object CMakeFiles/jax_finufft_gpu.dir/lib/cufinufft_wrapper.cc.o
DEBUG [11/42] Building CXX object CMakeFiles/nanobind-static.dir/home/jackm/.cache/uv/builds-v0/.tmpEORg13/lib/python3.13/site-packages/nanobind/src/nb_func.cpp.o
DEBUG [12/42] Building CXX object CMakeFiles/jax_finufft_gpu.dir/lib/jax_finufft_gpu.cc.o
DEBUG [13/42] Building CXX object CMakeFiles/nanobind-static.dir/home/jackm/.cache/uv/builds-v0/.tmpEORg13/lib/python3.13/site-packages/nanobind/src/nb_type.cpp.o
DEBUG [14/42] Linking CXX static library libnanobind-static.a
DEBUG [15/42] Building CUDA object vendor/finufft/src/cuda/CMakeFiles/cufinufft.dir/deconvolve_wrapper.cu.o
DEBUG FAILED: [code=2] vendor/finufft/src/cuda/CMakeFiles/cufinufft.dir/deconvolve_wrapper.cu.o 
DEBUG /usr/local/cuda/bin/nvcc -forward-unknown-to-host-compiler  -I/home/jackm/.cache/uv/git-v0/checkouts/63823446a28956c5/d213861/vendor/finufft/include -I/home/jackm/.cache/uv/git-v0/checkouts/63823446a28956c5/d213861/vendor/finufft/contrib -isystem /usr/local/cuda/targets/x86_64-linux/include -isystem /usr/local/cuda/targets/x86_64-linux/include/cccl -O3 -DNDEBUG -std=c++17 -arch=native -Xcompiler=-fPIC --extended-lambda -ftz=true -fmad=true -restrict --extra-device-vectorization -Xnvlink --strip-all -Wno-deprecated-declarations -MD -MT vendor/finufft/src/cuda/CMakeFiles/cufinufft.dir/deconvolve_wrapper.cu.o -MF vendor/finufft/src/cuda/CMakeFiles/cufinufft.dir/deconvolve_wrapper.cu.o.d -x cu -rdc=true -c /home/jackm/.cache/uv/git-v0/checkouts/63823446a28956c5/d213861/vendor/finufft/src/cuda/deconvolve_wrapper.cu -o vendor/finufft/src/cuda/CMakeFiles/cufinufft.dir/deconvolve_wrapper.cu.o
DEBUG /home/jackm/.cache/uv/git-v0/checkouts/63823446a28956c5/d213861/vendor/finufft/include/cufinufft/contrib/helper_cuda.h(111): error: identifier "CUFFT_INCOMPLETE_PARAMETER_LIST" is undefined
DEBUG     case CUFFT_INCOMPLETE_PARAMETER_LIST:
DEBUG          ^
DEBUG 
DEBUG /home/jackm/.cache/uv/git-v0/checkouts/63823446a28956c5/d213861/vendor/finufft/include/cufinufft/contrib/helper_cuda.h(117): error: identifier "CUFFT_PARSE_ERROR" is undefined
DEBUG     case CUFFT_PARSE_ERROR:
DEBUG          ^
DEBUG 
DEBUG /home/jackm/.cache/uv/git-v0/checkouts/63823446a28956c5/d213861/vendor/finufft/include/cufinufft/contrib/helper_cuda.h(126): error: identifier "CUFFT_LICENSE_ERROR" is undefined
DEBUG     case CUFFT_LICENSE_ERROR:
DEBUG          ^
DEBUG 
DEBUG 3 errors detected in the compilation of "/home/jackm/.cache/uv/git-v0/checkouts/63823446a28956c5/d213861/vendor/finufft/src/cuda/deconvolve_wrapper.cu".
DEBUG [16/42] Building CXX object vendor/finufft/CMakeFiles/finufft.dir/src/c_interface.cpp.o
DEBUG [17/42] Building CXX object vendor/finufft/CMakeFiles/finufft.dir/src/fft.cpp.o
DEBUG [18/42] Building CUDA object CMakeFiles/jax_finufft_gpu.dir/lib/kernels.cc.cu.o
DEBUG [19/42] Building CXX object vendor/finufft/CMakeFiles/finufft.dir/src/finufft_utils.cpp.o
DEBUG [20/42] Building CXX object vendor/finufft/CMakeFiles/finufft.dir/src/finufft_core.cpp.o
