==============================================================================
LORRAX GW CALCULATION
==============================================================================
Input          : /pscratch/sd/j/jackm/sandbox_v2_docs_consolidation_2026-08-14/tmp/worktrees/wt_bisp_prof_s_codex_20260906/runs/MoS2/41_bisp_parent_route_2026-09-05/prof_s/21_F_dynamic_profile/cohsex.in
Method         : gn_ppm / one_shot_dft
Photon route   : packed screened static photon operator (sixteen response and Sigma blocks; coupled 4x4 Dyson solve; Gamma-cell completion carries charge, mixed, and transverse heads)
  [config provenance] mpa_sampling_alpha = 1 (default for nonmetal)
[config provenance] linalg = distributed (deck)
linalg = distributed: dense N_mu x N_mu matrices are 2D distributed across the process mesh (N_mu = 192)
[config provenance] low_mem_bands = true (deck)
low_mem_bands = true is a capacity escape hatch: saves memory (band chunks of 16) but takes longer; set false whenever the full-band carrier fits, especially for multi-node dynamic Sigma sweeps

CONFIGURATION PROVENANCE
------------------------
[config provenance] this deck names 1 LEGACY self-energy-axis key(s); they are honored, and the canonical axes resolved to compute_mode = gn_ppm, qp_solver = one_shot_dft.

PROCESSOR ARCHITECTURE
----------------------
MPI ranks      : 4
Accelerators   : 4 GPU devices (NVIDIA A100-SXM4-40GB, 1 per rank)
Processor mesh : 2 x 2  (centroid axes X x Y)
CPU allocation : 32 cores per rank
Host threads   : OPENBLAS_NUM_THREADS=16 (auto: physical cores of the affinity mask; applied to libscipy_openblas64_-61654e39.so)

METHOD AND PHYSICAL PATHWAYS
----------------------------
Self-energy    : Godby-Needs plasmon-pole GW; one-shot full-matrix effective Hamiltonian; Sigma evaluated at E_DFT with QSGW Hermitian symmetrization (distinct from fixed-DFT-state diagonal G0W0)
QP consistency  : one_shot_dft | other options: fixed_point (diagonal on-shell), self_consistent (rebuild G/W/Sigma)
EQP2 treatment  : off (set write_eqp2=true for fixed-Sigma eigenvalue self-consistency)
Screening      : RPA Dyson series; minimax imaginary-axis quadrature
Long wavelength: head=full; source=s_tensor
Coulomb system : 2D slab; Hartree=live G-space
Spin channels  : charge + transverse current (bispinor)
Degenerate sets: averaged at 1.36057e-05 eV
ISDF state     : fresh fit requested

NUMERICAL ENVIRONMENT
---------------------
JAX/JAXLIB     : 0.9.1 / 0.9.1 | FP64 / complex128 | NCCL collectives
Wavefunctions  : phdf5 reader
Dense linalg   : distributed layout
LORRAX_BANDS_GEMM_FFI      = NATIVE : right-GEMM contraction forming G(tau) (native XLA dot lowering)
LORRAX_FFT_FFI             = ON     : flat-k FFTs for ISDF, chi0 and Sigma (cuFFT flat-k FFI)
LORRAX_FFT_FFI_FUSED       = ON     : fused tau-domain convolution (cuFFT fused-convolution FFI)
LORRAX_CONV_KPAIR_FFI      = ON     : pair-density convolution forming V(q) (cuFFT pair-convolution FFI)

CRYSTAL SYMMETRY AND BRILLOUIN-ZONE SAMPLING
--------------------------------------------
Real-space action: r' = R^-1 r + tau
Spatial group   : 12 operations; 0 with fractional translations
QE schema      : FOUND data-file-schema.xml at /pscratch/sd/j/jackm/sandbox_v2_docs_consolidation_2026-08-14/runs/MoS2/41_bisp_parent_route_2026-09-05/01_qe_fullgroup/qe/nscf/MoS2.save/data-file-schema.xml
QE schema hash : SHA256 4379ca15ae2f
Stored QE type : 12 unitary; 0 composed with time reversal
Active op rows : 12 unitary; 12 TR-composed
Inversion      : absent
DFT 2c TRS     : CONSISTENT (spatial-conditional; occupied-density residual=1.65314e-08; coverage=33.33%; raw-pair=0, spatial-pair=1, trim=1)
Global TRS     : enabled from the two-component reference check
  op   QE time-reversal status       R^-1 and fractional translation
  S01  QE-TR=no      active=unitary+TR R^-1=[ 1  0  0;  0  1  0;  0  0  1]  tau=( 0.000  0.000  0.000)
  S02  QE-TR=no      active=unitary+TR R^-1=[-1  1  0;  0  1  0;  0  0 -1]  tau=( 0.000  0.000  0.000)
  S03  QE-TR=no      active=unitary+TR R^-1=[-1  1  0; -1  0  0;  0  0  1]  tau=( 0.000  0.000  0.000)
  S04  QE-TR=no      active=unitary+TR R^-1=[ 0 -1  0;  1 -1  0;  0  0  1]  tau=( 0.000  0.000  0.000)
  S05  QE-TR=no      active=unitary+TR R^-1=[ 0 -1  0; -1  0  0;  0  0 -1]  tau=( 0.000  0.000  0.000)
  S06  QE-TR=no      active=unitary+TR R^-1=[ 1  0  0;  1 -1  0;  0  0 -1]  tau=( 0.000  0.000  0.000)
  S07  QE-TR=no      active=unitary+TR R^-1=[ 1  0  0;  0  1  0;  0  0 -1]  tau=( 0.000  0.000  0.000)
  S08  QE-TR=no      active=unitary+TR R^-1=[-1  1  0;  0  1  0;  0  0  1]  tau=( 0.000  0.000  0.000)
  S09  QE-TR=no      active=unitary+TR R^-1=[ 0 -1  0;  1 -1  0;  0  0 -1]  tau=( 0.000  0.000  0.000)
  S10  QE-TR=no      active=unitary+TR R^-1=[-1  1  0; -1  0  0;  0  0 -1]  tau=( 0.000  0.000  0.000)
  S11  QE-TR=no      active=unitary+TR R^-1=[ 1  0  0;  1 -1  0;  0  0  1]  tau=( 0.000  0.000  0.000)
  S12  QE-TR=no      active=unitary+TR R^-1=[ 0 -1  0; -1  0  0;  0  0  1]  tau=( 0.000  0.000  0.000)
Full BZ grid   : 9 k points | mesh 3 x 3 x 1 | shift (0.00000, 0.00000, 0.00000)
Stored IBZ     : 3 k points
  ik        kx        ky        kz     weight
    1   0.00000   0.00000   0.00000   0.11111
    2   0.00000   0.33333   0.00000   0.66667
    3   0.33333   0.33333   0.00000   0.22222
Centroid orbit: CLOSED : 12/12 spatial operations preserve 192 sites (tol=1.00000e-05)
TRS pathways   : automatic from SymMaps.trs_allowed=true; no input override
GN probe route  : incumbent symmetric completion; ppm_probe_chi_reuse=off

BAND SPACES AND ENERGY COVERAGE
-------------------------------
Electrons      : 26.00000; occupied-band boundary = 26
Occupied bands : 1-26
QP valence     : 23-26
QP conduction  : 27-30
QP matrix      : 1-30
chi0/W sum     : 1-80
Sigma sum      : 1-80
Loaded ISDF psi: 1-80
zeta fit       : left 1-30; right 23-80
Started screening (chi0 -> W) at 02:25:50.
[ 02:26:01 | █████░░░░░ |  50% ] W role 1 / 2 · ETA 10 s
[ 02:26:02 | ██████████ | 100% ] W role 2 / 2 · ETA 0 s
Finished screening (chi0 -> W) at 02:26:02.  Elapsed: 12 s.
Photon Sigma   : dynamic packed route -- W_packed(omega) = diag(W_00(omega), W_TT, W_CT) with compute_mode = gn_ppm on the CHARGE block and the twelve current blocks STATIC (omega = 0). The charge q->0 head is the dynamic model's; the TT/CT q->0 head is the packed Gamma-cell completion's. Sigma^B is the TT block of the packed operator, not a separate term.
Photon head    : Gamma-cell completion applied (bare <D> into V, charge S00/wing head into W); hall_source=none: sigma_H = 0 (no static_gauge_hall_file); sigma_H=[0.0, 0.0, 0.0] bohr^-1; ward=0.000e+00; hermiticity=2.648e-17; dyson_forward_bound=6.733e-15; cubature_orders=(16, 24, 32)
Photon WS cert : orders=(16, 24, 32); nodes=(1536, 3456, 6144); final_error_ratio=3.689e-02; max_dyson_backward_residual=4.095e-17
Started Sigma tau sweep at 02:27:34.
[ 02:27:35 | ░░░░░░░░░░ |   1% ] tau node  1 / 67 · ETA 55 s
[ 02:27:35 | █░░░░░░░░░ |   6% ] tau node  4 / 67 · ETA 14 s
[ 02:27:35 | █░░░░░░░░░ |  12% ] tau node  8 / 67 · ETA 7 s
[ 02:27:35 | ██░░░░░░░░ |  16% ] tau node 11 / 67 · ETA 5 s
[ 02:27:35 | ██░░░░░░░░ |  22% ] tau node 15 / 67 · ETA 3 s
[ 02:27:35 | ███░░░░░░░ |  27% ] tau node 18 / 67 · ETA 3 s
[ 02:27:35 | ███░░░░░░░ |  33% ] tau node 22 / 67 · ETA 2 s
[ 02:27:35 | ████░░░░░░ |  37% ] tau node 25 / 67 · ETA 2 s
[ 02:27:36 | ████░░░░░░ |  43% ] tau node 29 / 67 · ETA 1 s
[ 02:27:36 | █████░░░░░ |  48% ] tau node 32 / 67 · ETA 1 s
[ 02:27:36 | █████░░░░░ |  54% ] tau node 36 / 67 · ETA 1 s
[ 02:27:36 | ██████░░░░ |  58% ] tau node 39 / 67 · ETA 1 s
[ 02:27:36 | ██████░░░░ |  64% ] tau node 43 / 67 · ETA 1 s
[ 02:27:36 | ███████░░░ |  69% ] tau node 46 / 67 · ETA 1 s
[ 02:27:36 | ███████░░░ |  75% ] tau node 50 / 67 · ETA 0 s
[ 02:27:36 | ████████░░ |  79% ] tau node 53 / 67 · ETA 0 s
[ 02:27:36 | █████████░ |  85% ] tau node 57 / 67 · ETA 0 s
[ 02:27:36 | █████████░ |  90% ] tau node 60 / 67 · ETA 0 s
[ 02:27:36 | ██████████ |  96% ] tau node 64 / 67 · ETA 0 s
[ 02:27:36 | ██████████ | 100% ] tau node 67 / 67 · ETA 0 s
Finished Sigma tau sweep at 02:27:36.  Elapsed: 2 s.
Sigma blocks   : CC max|diag|=3.670388e+01 eV, mean|diag|=1.914426e+01 eV; CT+TC max|diag|=1.535721e-14 eV, mean|diag|=2.728838e-15 eV; TT max|diag|=3.846401e-03 eV, mean|diag|=1.729873e-03 eV
Head Sigma     : Gamma-cell contribution; CC max|diag|=3.320576e+00 eV, mean|diag|=2.468943e+00 eV; CT+TC max|diag|=4.609540e-17 eV, mean|diag|=6.194976e-18 eV; TT max|diag|=2.236530e-04 eV, mean|diag|=9.382622e-05 eV

DYNAMIC SIGMA ENERGY COVERAGE
-----------------------------
Energy origin   : E_F = -4.34363 eV (midgap)
Sigma omega    : [-4.00000, +4.00000] eV relative to E_F; step=1.00000 eV; 9 points
DFT QP valence : [-3.24438, -0.85003] eV relative to E_F
DFT QP conduct.: [+0.85003, +2.02473] eV relative to E_F
Coverage status : COMPLETE
Grid margins    : 0.75562 eV below; 1.97527 eV above protected DFT states
Band tail      : OFF | estimator=spectral_shell | brackets=total_fractions

FUNDAMENTAL GAP
---------------
DFT gap        : 1.70007 eV
Full-matrix effective-H gap: 3.10291 eV (insulating)
Gap correction : +1.40284 eV relative to DFT
State energies  : written to the EQP files listed below

MAJOR-STAGE TIMING
------------------
  stage                    wall (s)     fraction
  runtime bring-up             6.42       4.43%
  pre-main + imports           2.00       1.38%
  input + run setup            0.15       0.10%
  V(q)                        10.11       6.98%
  ISDF setup + I/O            13.48       9.31%
  minimax quadrature           0.53       0.36%
  chi0                         3.43       2.37%
  W                            8.05       5.56%
  screening support           22.12      15.27%
  W persist + q0 head          1.01       0.70%
  Sigma rule plan              0.19       0.13%
  Sigma tau sweep              5.95       4.11%
  Sigma other                 66.96      46.24%
  mean-field load              0.17       0.11%
  QP solve + diagonalize       0.58       0.40%
  result writes                0.08       0.06%
  other driver work            3.61       2.49%
  total run                  144.82     100.00%

OUTPUT FILES AND INPUTS
-----------------------
  role                     state       path
  input deck               read        /pscratch/sd/j/jackm/sandbox_v2_docs_consolidation_2026-08-14/tmp/worktrees/wt_bisp_prof_s_codex_20260906/runs/MoS2/41_bisp_parent_route_2026-09-05/prof_s/21_F_dynamic_profile/cohsex.in
  DFT wavefunctions        read        /pscratch/sd/j/jackm/sandbox_v2_docs_consolidation_2026-08-14/runs/MoS2/41_bisp_parent_route_2026-09-05/02_preprocess/WFN.h5
  ISDF centroids           read        /pscratch/sd/j/jackm/sandbox_v2_docs_consolidation_2026-08-14/runs/MoS2/41_bisp_parent_route_2026-09-05/02_preprocess/centroids_charge.txt
  current centroids        read        /pscratch/sd/j/jackm/sandbox_v2_docs_consolidation_2026-08-14/runs/MoS2/41_bisp_parent_route_2026-09-05/02_preprocess/centroids_current.txt
  mean-field Hamiltonian   read        /pscratch/sd/j/jackm/sandbox_v2_docs_consolidation_2026-08-14/runs/MoS2/41_bisp_parent_route_2026-09-05/02_preprocess/kin_ion.h5
  long-wave dipoles        read        /pscratch/sd/j/jackm/sandbox_v2_docs_consolidation_2026-08-14/tmp/worktrees/wt_bisp_prof_s_codex_20260906/runs/MoS2/41_bisp_parent_route_2026-09-05/prof_s/21_F_dynamic_profile/dipole.h5
  parallel transport       absent      /pscratch/sd/j/jackm/sandbox_v2_docs_consolidation_2026-08-14/tmp/worktrees/wt_bisp_prof_s_codex_20260906/runs/MoS2/41_bisp_parent_route_2026-09-05/prof_s/21_F_dynamic_profile/parallel_transport.h5
  ISDF restart tensors     present     /pscratch/sd/j/jackm/sandbox_v2_docs_consolidation_2026-08-14/tmp/worktrees/wt_bisp_prof_s_codex_20260906/runs/MoS2/41_bisp_parent_route_2026-09-05/prof_s/21_F_dynamic_profile/tmp/isdf_tensors_192.h5
  self-energy table        written     /pscratch/sd/j/jackm/sandbox_v2_docs_consolidation_2026-08-14/tmp/worktrees/wt_bisp_prof_s_codex_20260906/runs/MoS2/41_bisp_parent_route_2026-09-05/prof_s/21_F_dynamic_profile/sigma_diag.dat
  fixed-DFT-state diagonal zeroth-order energies written     /pscratch/sd/j/jackm/sandbox_v2_docs_consolidation_2026-08-14/tmp/worktrees/wt_bisp_prof_s_codex_20260906/runs/MoS2/41_bisp_parent_route_2026-09-05/prof_s/21_F_dynamic_profile/eqp0.dat
  fixed-DFT-state diagonal Z-linearized energies written     /pscratch/sd/j/jackm/sandbox_v2_docs_consolidation_2026-08-14/tmp/worktrees/wt_bisp_prof_s_codex_20260906/runs/MoS2/41_bisp_parent_route_2026-09-05/prof_s/21_F_dynamic_profile/eqp1.dat
  full-matrix effective-H rotations written     /pscratch/sd/j/jackm/sandbox_v2_docs_consolidation_2026-08-14/tmp/worktrees/wt_bisp_prof_s_codex_20260906/runs/MoS2/41_bisp_parent_route_2026-09-05/prof_s/21_F_dynamic_profile/qp_wfn_rotations.h5
  matched full-matrix QP wavefunctions absent      /pscratch/sd/j/jackm/sandbox_v2_docs_consolidation_2026-08-14/tmp/worktrees/wt_bisp_prof_s_codex_20260906/runs/MoS2/41_bisp_parent_route_2026-09-05/prof_s/21_F_dynamic_profile/WFN_qp.h5
  dynamic Sigma spectrum   written     /pscratch/sd/j/jackm/sandbox_v2_docs_consolidation_2026-08-14/tmp/worktrees/wt_bisp_prof_s_codex_20260906/runs/MoS2/41_bisp_parent_route_2026-09-05/prof_s/21_F_dynamic_profile/sigma_mnk.h5

LORRAX GW calculation completed.
Report written to /pscratch/sd/j/jackm/sandbox_v2_docs_consolidation_2026-08-14/tmp/worktrees/wt_bisp_prof_s_codex_20260906/runs/MoS2/41_bisp_parent_route_2026-09-05/prof_s/21_F_dynamic_profile/gwjax.out
