[lx] using named allocation JID 57966610 [--jid]
[lxrun] JID 57966610 · 4 nodes · 2:56:01 left · 4/16 GPUs free · incoming: lx-?
  1  nid001168 [0/4 gpu]  busy   lx-Xg4-013223-1306959-6243 29s    started 01:32
  2  nid001169 [0/4 gpu]  busy   lx-Xg4-013041-1295194-7470 2m     started 01:30
  3  nid001172 [0/4 gpu]  busy   lx-Xg4-013112-1297958-2219 1m     started 01:31
  4  nid001173 [4/4 gpu]  free   —                —      —  ← starting lx-?  ./rankwrap.sh ./driver.s
[lx] 4 GPU(s) x 4 rank(s) per node: select_gpu.sh pins ONE GPU per rank, so each rank sees ONE device's memory, not 4. For a single process across all 4 devices use `-G 4 -n 1`.
[lx] source tree: /pscratch/sd/j/jackm/sandbox_v2_docs_consolidation_2026-08-14/tmp/worktrees/wt_bisp_prof_s_codex_20260906/src  [cwd checkout]
[lx] runtime import origin: /pscratch/sd/j/jackm/sandbox_v2_docs_consolidation_2026-08-14/tmp/worktrees/wt_bisp_prof_s_codex_20260906/src/runtime/__init__.py  [PYTHONPATH head; runtime.bootstrap attests the actual import]
[select_gpu] nid001173 local rank 2 -> CUDA_VISIBLE_DEVICES=2 (from CUDA_VISIBLE_DEVICES)
[select_gpu] nid001173 local rank 0 -> CUDA_VISIBLE_DEVICES=0 (from CUDA_VISIBLE_DEVICES)
[select_gpu] nid001173 local rank 1 -> CUDA_VISIBLE_DEVICES=1 (from CUDA_VISIBLE_DEVICES)
[select_gpu] nid001173 local rank 3 -> CUDA_VISIBLE_DEVICES=3 (from CUDA_VISIBLE_DEVICES)
[rankwrap] rank=0 host=nid001173 src=/pscratch/sd/j/jackm/sandbox_v2_docs_consolidation_2026-08-14/tmp/worktrees/wt_main_de8dcfbc_fixed
[rankwrap] rank=1 host=nid001173 src=/pscratch/sd/j/jackm/sandbox_v2_docs_consolidation_2026-08-14/tmp/worktrees/wt_main_de8dcfbc_fixed
[rankwrap] rank=2 host=nid001173 src=/pscratch/sd/j/jackm/sandbox_v2_docs_consolidation_2026-08-14/tmp/worktrees/wt_main_de8dcfbc_fixed
[rankwrap] rank=3 host=nid001173 src=/pscratch/sd/j/jackm/sandbox_v2_docs_consolidation_2026-08-14/tmp/worktrees/wt_main_de8dcfbc_fixed
e1559a071e244b4f049c924781b668d9e1560739
e1559a071e244b4f049c924781b668d9e1560739
e1559a071e244b4f049c924781b668d9e1560739
e1559a071e244b4f049c924781b668d9e1560739
[lx] step lx-Xg4-013253-1309401-8544 exit 0 in 163 s
