[lx] using named allocation JID 57966610 [--jid]
[lxrun] JID 57966610 · 4 nodes · 2:33:25 left · 8/16 GPUs free · incoming: lx-?
  1  nid001168 [0/4 gpu]  busy   lx-Xg4-015056-1447137-8575 4m     started 01:50
  2  nid001169 [0/4 gpu]  busy   lx-Xg4-015315-1465075-9083 2m     started 01:53
  3  nid001172 [4/4 gpu]  free   —                —      —  ← starting lx-?  ./rankwrap.sh ./driver.s
  4  nid001173 [4/4 gpu]  free   —                —      —
[lx] 4 GPU(s) x 4 rank(s) per node: select_gpu.sh pins ONE GPU per rank, so each rank sees ONE device's memory, not 4. For a single process across all 4 devices use `-G 4 -n 1`.
[lx] source tree: /pscratch/sd/j/jackm/sandbox_v2_docs_consolidation_2026-08-14/tmp/worktrees/wt_bisp_prof_s_codex_20260906/src  [cwd checkout]
[lx] runtime import origin: /pscratch/sd/j/jackm/sandbox_v2_docs_consolidation_2026-08-14/tmp/worktrees/wt_bisp_prof_s_codex_20260906/src/runtime/__init__.py  [PYTHONPATH head; runtime.bootstrap attests the actual import]
[select_gpu] nid001172 local rank 0 -> CUDA_VISIBLE_DEVICES=0 (from CUDA_VISIBLE_DEVICES)
[select_gpu] nid001172 local rank 2 -> CUDA_VISIBLE_DEVICES=2 (from CUDA_VISIBLE_DEVICES)
[select_gpu] nid001172 local rank 1 -> CUDA_VISIBLE_DEVICES=1 (from CUDA_VISIBLE_DEVICES)
[select_gpu] nid001172 local rank 3 -> CUDA_VISIBLE_DEVICES=3 (from CUDA_VISIBLE_DEVICES)
[rankwrap] rank=2 host=nid001172 src=/pscratch/sd/j/jackm/sandbox_v2_docs_consolidation_2026-08-14/tmp/worktrees/wt_bisp_prof_s_codex_20260906
[rankwrap] rank=0 host=nid001172 src=/pscratch/sd/j/jackm/sandbox_v2_docs_consolidation_2026-08-14/tmp/worktrees/wt_bisp_prof_s_codex_20260906
[rankwrap] rank=3 host=nid001172 src=/pscratch/sd/j/jackm/sandbox_v2_docs_consolidation_2026-08-14/tmp/worktrees/wt_bisp_prof_s_codex_20260906
[rankwrap] rank=1 host=nid001172 src=/pscratch/sd/j/jackm/sandbox_v2_docs_consolidation_2026-08-14/tmp/worktrees/wt_bisp_prof_s_codex_20260906
05cbb0f4b4c70f3c942b66e78e1f15c1d19ee5aa
05cbb0f4b4c70f3c942b66e78e1f15c1d19ee5aa
05cbb0f4b4c70f3c942b66e78e1f15c1d19ee5aa
05cbb0f4b4c70f3c942b66e78e1f15c1d19ee5aa
srun: error: nid001172: tasks 0-3: Exited with exit code 1
srun: Terminating StepId=57966610.69
[lx] step lx-Xg4-015529-1489973-3747 exit 1 in 7 s
[lx] nonzero exit — judge by artifacts, not the code (rc=134 has been seen on runs whose outputs were correct)
