[lx] using named allocation JID 57982945 [--jid]
[lxrun] JID 57982945 · 4 nodes · 2:15:46 left · 0/16 GPUs free · incoming: lx-?
  1  nid001064 [0/4 gpu]  busy   lx-Xg4-114116-198027-8038 1m     started 11:41
  2  nid001065 [0/4 gpu]  busy   lx-Xg4-114116-198027-8038 1m     started 11:41
  3  nid001068 [0/4 gpu]  busy   lx-Xg4-114116-198027-8038 1m     started 11:41
  4  nid001128 [0/4 gpu]  busy   lx-Xg4-114116-198027-8038 1m     started 11:41

[lxrun] insufficient capacity: need 1 node(s) with 4 free GPU(s) PER NODE (-G is per node), have 0 fitting node(s)

  Options:
    (a) [no other lx-alloc-$USER allocations found]
    (b) Open another interactive allocation:
          lxalloc 1
    (c) Wait — oldest running step is lx-Xg4-114116-198027-8038 on nid[001064-001065,001068,001128] (started 11:41, running 1m)
[lxrun] JID 57982945 · 4 nodes · 2:01:52 left · 12/16 GPUs free · incoming: lx-?
  1  nid001064 [0/4 gpu]  busy   lx-Xg4-115145-274730-9627 5m     started 11:51
  2  nid001065 [4/4 gpu]  free   —                —      —  ← starting lx-?  ./rankwrap.sh ./driver.s
  3  nid001068 [4/4 gpu]  free   —                —      —
  4  nid001128 [4/4 gpu]  free   —                —      —
[lx] 4 GPU(s) x 4 rank(s) per node: select_gpu.sh pins ONE GPU per rank, so each rank sees ONE device's memory, not 4. For a single process across all 4 devices use `-G 4 -n 1`.
[lx] source tree: /pscratch/sd/j/jackm/sandbox_v2_docs_consolidation_2026-08-14/tmp/worktrees/wt_bisp_prof_s_codex_20260906/src  [cwd checkout]
[lx] runtime import origin: /pscratch/sd/j/jackm/sandbox_v2_docs_consolidation_2026-08-14/tmp/worktrees/wt_bisp_prof_s_codex_20260906/src/runtime/__init__.py  [PYTHONPATH head; runtime.bootstrap attests the actual import]
[select_gpu] nid001065 local rank 2 -> CUDA_VISIBLE_DEVICES=2 (from CUDA_VISIBLE_DEVICES)
[select_gpu] nid001065 local rank 1 -> CUDA_VISIBLE_DEVICES=1 (from CUDA_VISIBLE_DEVICES)
[select_gpu] nid001065 local rank 3 -> CUDA_VISIBLE_DEVICES=3 (from CUDA_VISIBLE_DEVICES)
[select_gpu] nid001065 local rank 0 -> CUDA_VISIBLE_DEVICES=0 (from CUDA_VISIBLE_DEVICES)
[rankwrap] rank=0 host=nid001065 src=/pscratch/sd/j/jackm/sandbox_v2_docs_consolidation_2026-08-14/tmp/worktrees/wt_bisp_prof_s_codex_20260906
[rankwrap] rank=1 host=nid001065 src=/pscratch/sd/j/jackm/sandbox_v2_docs_consolidation_2026-08-14/tmp/worktrees/wt_bisp_prof_s_codex_20260906
[rankwrap] rank=2 host=nid001065 src=/pscratch/sd/j/jackm/sandbox_v2_docs_consolidation_2026-08-14/tmp/worktrees/wt_bisp_prof_s_codex_20260906
[rankwrap] rank=3 host=nid001065 src=/pscratch/sd/j/jackm/sandbox_v2_docs_consolidation_2026-08-14/tmp/worktrees/wt_bisp_prof_s_codex_20260906
[lx] step lx-Xg4-115721-277816-1303 exit 0 in 78 s
