[lx] using named allocation JID 57988457 [--jid]
[lxrun] JID 57988457 · 4 nodes · 2:39:42 left · 4/16 GPUs free · incoming: lx-?
  1  nid001112 [0/4 gpu]  busy   lx-Xg4-140000-982748-8936 16s    started 14:00
  2  nid001113 [0/4 gpu]  busy   lx-Xg0-135729-965206-6763 (+1) 2m     started 13:57
        └ lx-Xg4-140010-984809-7247    10s    started 14:00
  3  nid001116 [4/4 gpu]  free   —                —      —  ← starting lx-?  ./rankwrap.sh ./driver.s
  4  nid001117 [0/4 gpu]  busy   lx-Xg4-135842-973036-7653 1m     started 13:58
[lx] 4 GPU(s) x 4 rank(s) per node: select_gpu.sh pins ONE GPU per rank, so each rank sees ONE device's memory, not 4. For a single process across all 4 devices use `-G 4 -n 1`.
[lx] source tree: /pscratch/sd/j/jackm/sandbox_v2_docs_consolidation_2026-08-14/tmp/worktrees/wt_bisp_prof_s_codex_20260906/src  [cwd checkout]
[lx] runtime import origin: /pscratch/sd/j/jackm/sandbox_v2_docs_consolidation_2026-08-14/tmp/worktrees/wt_bisp_prof_s_codex_20260906/src/runtime/__init__.py  [PYTHONPATH head; runtime.bootstrap attests the actual import]
[select_gpu] nid001116 local rank 1 -> CUDA_VISIBLE_DEVICES=1 (from CUDA_VISIBLE_DEVICES)
[select_gpu] nid001116 local rank 0 -> CUDA_VISIBLE_DEVICES=0 (from CUDA_VISIBLE_DEVICES)
[select_gpu] nid001116 local rank 2 -> CUDA_VISIBLE_DEVICES=2 (from CUDA_VISIBLE_DEVICES)
[select_gpu] nid001116 local rank 3 -> CUDA_VISIBLE_DEVICES=3 (from CUDA_VISIBLE_DEVICES)
[rankwrap] rank=1 host=nid001116 src=/pscratch/sd/j/jackm/sandbox_v2_docs_consolidation_2026-08-14/tmp/worktrees/wt_main_de8dcfbc_fixed
[rankwrap] rank=0 host=nid001116 src=/pscratch/sd/j/jackm/sandbox_v2_docs_consolidation_2026-08-14/tmp/worktrees/wt_main_de8dcfbc_fixed
[rankwrap] rank=2 host=nid001116 src=/pscratch/sd/j/jackm/sandbox_v2_docs_consolidation_2026-08-14/tmp/worktrees/wt_main_de8dcfbc_fixed
[rankwrap] rank=3 host=nid001116 src=/pscratch/sd/j/jackm/sandbox_v2_docs_consolidation_2026-08-14/tmp/worktrees/wt_main_de8dcfbc_fixed
srun: error: nid001116: tasks 1-2: Exited with exit code 1
srun: Terminating StepId=57988457.64
[2026-09-06T21:01:05.840] error: *** STEP 57988457.64 ON nid001116 CANCELLED AT 2026-09-06T21:01:05 DUE TO TASK FAILURE ***
srun: error: nid001116: tasks 0,3: Killed
srun: Force Terminated StepId=57988457.64
[lx] step lx-Xg4-140021-988279-2173 exit 137 in 74 s
[lx] nonzero exit — judge by artifacts, not the code (rc=134 has been seen on runs whose outputs were correct)
[lx] payload died on signal 9 (exit 137): SIGKILL — usually the OOM killer
