[lx] using named allocation JID 57988457 [--jid]
[lxrun] JID 57988457 · 4 nodes · 3:07:45 left · 0/16 GPUs free · incoming: lx-?
  1  nid001112 [0/4 gpu]  busy   lx-Xg4-132155-757259-3784 10m    started 13:21
  2  nid001113 [0/4 gpu]  busy   lx-Xg4-132155-757259-3784 10m    started 13:21
  3  nid001116 [0/4 gpu]  busy   lx-Xg4-132155-757259-3784 10m    started 13:21
  4  nid001117 [0/4 gpu]  busy   lx-Xg4-132155-757259-3784 10m    started 13:21

[lxrun] insufficient capacity: need 1 node(s) with 4 free GPU(s) PER NODE (-G is per node), have 0 fitting node(s)

  Options:
    (a) Use an allocation you already own:
          export SLURM_JOBID=57982945   # lx-alloc-jackm-BISP-accept, 4 nodes, 26:44 left
    (b) Open another interactive allocation:
          lxalloc 1
    (c) Wait — oldest running step is lx-Xg4-132155-757259-3784 on nid[001112-001113,001116-001117] (started 13:21, running 10m)
[lxrun] JID 57988457 · 4 nodes · 2:53:26 left · 16/16 GPUs free · incoming: lx-?
  1  nid001112 [4/4 gpu]  free   —                —      —  ← starting lx-?  ./rankwrap.sh ./driver.s
  2  nid001113 [4/4 gpu]  free   —                —      —
  3  nid001116 [4/4 gpu]  free   —                —      —
  4  nid001117 [4/4 gpu]  free   —                —      —
[lx] 4 GPU(s) x 4 rank(s) per node: select_gpu.sh pins ONE GPU per rank, so each rank sees ONE device's memory, not 4. For a single process across all 4 devices use `-G 4 -n 1`.
[lx] source tree: /pscratch/sd/j/jackm/sandbox_v2_docs_consolidation_2026-08-14/tmp/worktrees/wt_bisp_prof_s_codex_20260906/src  [cwd checkout]
[lx] runtime import origin: /pscratch/sd/j/jackm/sandbox_v2_docs_consolidation_2026-08-14/tmp/worktrees/wt_bisp_prof_s_codex_20260906/src/runtime/__init__.py  [PYTHONPATH head; runtime.bootstrap attests the actual import]
[select_gpu] nid001112 local rank 1 -> CUDA_VISIBLE_DEVICES=1 (from CUDA_VISIBLE_DEVICES)
[select_gpu] nid001112 local rank 2 -> CUDA_VISIBLE_DEVICES=2 (from CUDA_VISIBLE_DEVICES)
[select_gpu] nid001112 local rank 3 -> CUDA_VISIBLE_DEVICES=3 (from CUDA_VISIBLE_DEVICES)
[select_gpu] nid001112 local rank 0 -> CUDA_VISIBLE_DEVICES=0 (from CUDA_VISIBLE_DEVICES)
[rankwrap] rank=2 host=nid001112 src=/pscratch/sd/j/jackm/sandbox_v2_docs_consolidation_2026-08-14/tmp/worktrees/wt_bisp_prof_s_codex_20260906
[rankwrap] rank=1 host=nid001112 src=/pscratch/sd/j/jackm/sandbox_v2_docs_consolidation_2026-08-14/tmp/worktrees/wt_bisp_prof_s_codex_20260906
[rankwrap] rank=3 host=nid001112 src=/pscratch/sd/j/jackm/sandbox_v2_docs_consolidation_2026-08-14/tmp/worktrees/wt_bisp_prof_s_codex_20260906
[rankwrap] rank=0 host=nid001112 src=/pscratch/sd/j/jackm/sandbox_v2_docs_consolidation_2026-08-14/tmp/worktrees/wt_bisp_prof_s_codex_20260906
[lx] step lx-Xg4-134637-818423-1686 exit 0 in 103 s
