[lx] using named allocation JID 57992641 [--jid]
[lxrun] JID 57992641 · 1 nodes · 3:22:11 left · 0/4 GPUs free · incoming: lx-?
  1  nid001128 [0/4 gpu]  busy   lx-Xg4-144411-1246644-3392 1m     started 14:44

[lxrun] insufficient capacity: need 1 node(s) with 4 free GPU(s) PER NODE (-G is per node), have 0 fitting node(s)

  Options:
    (a) Use an allocation you already own:
          export SLURM_JOBID=57994345   # lx-alloc-jackm-FFRESET, 4 nodes, 3:59:15 left
          export SLURM_JOBID=57988457   # lx-alloc-jackm-BISP-scale, 4 nodes, 1:54:26 left
    (b) Open another interactive allocation:
          lxalloc 1
    (c) Wait — oldest running step is lx-Xg4-144411-1246644-3392 on nid001128 (started 14:44, running 1m)
[lxrun] JID 57992641 · 1 nodes · 3:20:23 left · 4/4 GPUs free · incoming: lx-?
  1  nid001128 [4/4 gpu]  free   —                —      —  ← starting lx-?  ./rankwrap.sh ./driver.s
[lx] 4 GPU(s) x 4 rank(s) per node: select_gpu.sh pins ONE GPU per rank, so each rank sees ONE device's memory, not 4. For a single process across all 4 devices use `-G 4 -n 1`.
[lx] source tree: /pscratch/sd/j/jackm/sandbox_v2_docs_consolidation_2026-08-14/tmp/worktrees/wt_bisp_prof_s_codex_20260906/src  [cwd checkout]
[lx] runtime import origin: /pscratch/sd/j/jackm/sandbox_v2_docs_consolidation_2026-08-14/tmp/worktrees/wt_bisp_prof_s_codex_20260906/src/runtime/__init__.py  [PYTHONPATH head; runtime.bootstrap attests the actual import]
[select_gpu] nid001128 local rank 3 -> CUDA_VISIBLE_DEVICES=3 (from CUDA_VISIBLE_DEVICES)
[select_gpu] nid001128 local rank 0 -> CUDA_VISIBLE_DEVICES=0 (from CUDA_VISIBLE_DEVICES)
[select_gpu] nid001128 local rank 1 -> CUDA_VISIBLE_DEVICES=1 (from CUDA_VISIBLE_DEVICES)
[select_gpu] nid001128 local rank 2 -> CUDA_VISIBLE_DEVICES=2 (from CUDA_VISIBLE_DEVICES)
[rankwrap] rank=2 host=nid001128 src=/pscratch/sd/j/jackm/sandbox_v2_docs_consolidation_2026-08-14/tmp/worktrees/wt_bisp_prof_s_codex_20260906
[rankwrap] rank=3 host=nid001128 src=/pscratch/sd/j/jackm/sandbox_v2_docs_consolidation_2026-08-14/tmp/worktrees/wt_bisp_prof_s_codex_20260906
[rankwrap] rank=1 host=nid001128 src=/pscratch/sd/j/jackm/sandbox_v2_docs_consolidation_2026-08-14/tmp/worktrees/wt_bisp_prof_s_codex_20260906
[rankwrap] rank=0 host=nid001128 src=/pscratch/sd/j/jackm/sandbox_v2_docs_consolidation_2026-08-14/tmp/worktrees/wt_bisp_prof_s_codex_20260906
[lx] step lx-Xg4-144726-1257856-5237 exit 0 in 49 s
