[lx] using named allocation JID 57988457 [--jid]
[lxrun] JID 57988457 · 4 nodes · 1:06:19 left · 12/16 GPUs free · incoming: lx-?
  1  nid001112 [0/4 gpu]  busy   lx-Xg4-153138-1497102-7816 2m     started 15:31
  2  nid001113 [4/4 gpu]  free   —                —      —
  3  nid001116 [4/4 gpu]  free   —                —      —
  4  nid001117 [4/4 gpu]  free   —                —      —

[lxrun] insufficient capacity: need 4 node(s) with 4 free GPU(s) PER NODE (-G is per node), have 3 fitting node(s)

  Options:
    (a) Use an allocation you already own:
          export SLURM_JOBID=57992641   # lx-alloc-jackm-BISP-PROF-S, 1 nodes, 2:34:02 left
    (b) Open another interactive allocation:
          lxalloc 4
    (c) Wait — oldest running step is lx-Xg4-153138-1497102-7816 on nid001112 (started 15:31, running 2m)
[lxrun] JID 57988457 · 4 nodes · 1:04:44 left · 16/16 GPUs free · incoming: lx-?
  1  nid001112 [4/4 gpu]  free   —                —      —  ← starting lx-?  ./rankwrap.sh ./driver.s
  2  nid001113 [4/4 gpu]  free   —                —      —  ← starting lx-?  ./rankwrap.sh ./driver.s
  3  nid001116 [4/4 gpu]  free   —                —      —  ← starting lx-?  ./rankwrap.sh ./driver.s
  4  nid001117 [4/4 gpu]  free   —                —      —  ← starting lx-?  ./rankwrap.sh ./driver.s
[lx] 4 GPU(s) x 4 rank(s) per node: select_gpu.sh pins ONE GPU per rank, so each rank sees ONE device's memory, not 4. For a single process across all 4 devices use `-G 4 -n 1`.
[lx] source tree: /pscratch/sd/j/jackm/sandbox_v2_docs_consolidation_2026-08-14/tmp/worktrees/wt_bisp_prof_s_codex_20260906/src  [cwd checkout]
[lx] runtime import origin: /pscratch/sd/j/jackm/sandbox_v2_docs_consolidation_2026-08-14/tmp/worktrees/wt_bisp_prof_s_codex_20260906/src/runtime/__init__.py  [PYTHONPATH head; runtime.bootstrap attests the actual import]
[select_gpu] nid001113 local rank 1 -> CUDA_VISIBLE_DEVICES=1 (from CUDA_VISIBLE_DEVICES)
[select_gpu] nid001112 local rank 1 -> CUDA_VISIBLE_DEVICES=1 (from CUDA_VISIBLE_DEVICES)
[select_gpu] nid001112 local rank 2 -> CUDA_VISIBLE_DEVICES=2 (from CUDA_VISIBLE_DEVICES)
[select_gpu] nid001113 local rank 3 -> CUDA_VISIBLE_DEVICES=3 (from CUDA_VISIBLE_DEVICES)
[select_gpu] nid001113 local rank 0 -> CUDA_VISIBLE_DEVICES=0 (from CUDA_VISIBLE_DEVICES)
[select_gpu] nid001112 local rank 0 -> CUDA_VISIBLE_DEVICES=0 (from CUDA_VISIBLE_DEVICES)
[select_gpu] nid001113 local rank 2 -> CUDA_VISIBLE_DEVICES=2 (from CUDA_VISIBLE_DEVICES)
[select_gpu] nid001112 local rank 3 -> CUDA_VISIBLE_DEVICES=3 (from CUDA_VISIBLE_DEVICES)
[select_gpu] nid001116 local rank 1 -> CUDA_VISIBLE_DEVICES=1 (from CUDA_VISIBLE_DEVICES)
[select_gpu] nid001117 local rank 0 -> CUDA_VISIBLE_DEVICES=0 (from CUDA_VISIBLE_DEVICES)
[select_gpu] nid001117 local rank 1 -> CUDA_VISIBLE_DEVICES=1 (from CUDA_VISIBLE_DEVICES)
[select_gpu] nid001117 local rank 2 -> CUDA_VISIBLE_DEVICES=2 (from CUDA_VISIBLE_DEVICES)
[select_gpu] nid001116 local rank 0 -> CUDA_VISIBLE_DEVICES=0 (from CUDA_VISIBLE_DEVICES)
[select_gpu] nid001117 local rank 3 -> CUDA_VISIBLE_DEVICES=3 (from CUDA_VISIBLE_DEVICES)
[select_gpu] nid001116 local rank 3 -> CUDA_VISIBLE_DEVICES=3 (from CUDA_VISIBLE_DEVICES)
[select_gpu] nid001116 local rank 2 -> CUDA_VISIBLE_DEVICES=2 (from CUDA_VISIBLE_DEVICES)
[rankwrap] rank=5 host=nid001113 src=/pscratch/sd/j/jackm/sandbox_v2_docs_consolidation_2026-08-14/tmp/worktrees/wt_main_de8dcfbc_fixed
[rankwrap] rank=4 host=nid001113 src=/pscratch/sd/j/jackm/sandbox_v2_docs_consolidation_2026-08-14/tmp/worktrees/wt_main_de8dcfbc_fixed
[rankwrap] rank=7 host=nid001113 src=/pscratch/sd/j/jackm/sandbox_v2_docs_consolidation_2026-08-14/tmp/worktrees/wt_main_de8dcfbc_fixed
[rankwrap] rank=6 host=nid001113 src=/pscratch/sd/j/jackm/sandbox_v2_docs_consolidation_2026-08-14/tmp/worktrees/wt_main_de8dcfbc_fixed
[rankwrap] rank=0 host=nid001112 src=/pscratch/sd/j/jackm/sandbox_v2_docs_consolidation_2026-08-14/tmp/worktrees/wt_main_de8dcfbc_fixed
[rankwrap] rank=2 host=nid001112 src=/pscratch/sd/j/jackm/sandbox_v2_docs_consolidation_2026-08-14/tmp/worktrees/wt_main_de8dcfbc_fixed
[rankwrap] rank=1 host=nid001112 src=/pscratch/sd/j/jackm/sandbox_v2_docs_consolidation_2026-08-14/tmp/worktrees/wt_main_de8dcfbc_fixed
[rankwrap] rank=3 host=nid001112 src=/pscratch/sd/j/jackm/sandbox_v2_docs_consolidation_2026-08-14/tmp/worktrees/wt_main_de8dcfbc_fixed
[rankwrap] rank=8 host=nid001116 src=/pscratch/sd/j/jackm/sandbox_v2_docs_consolidation_2026-08-14/tmp/worktrees/wt_main_de8dcfbc_fixed
[rankwrap] rank=9 host=nid001116 src=/pscratch/sd/j/jackm/sandbox_v2_docs_consolidation_2026-08-14/tmp/worktrees/wt_main_de8dcfbc_fixed
[rankwrap] rank=10 host=nid001116 src=/pscratch/sd/j/jackm/sandbox_v2_docs_consolidation_2026-08-14/tmp/worktrees/wt_main_de8dcfbc_fixed
[rankwrap] rank=11 host=nid001116 src=/pscratch/sd/j/jackm/sandbox_v2_docs_consolidation_2026-08-14/tmp/worktrees/wt_main_de8dcfbc_fixed
[rankwrap] rank=14 host=nid001117 src=/pscratch/sd/j/jackm/sandbox_v2_docs_consolidation_2026-08-14/tmp/worktrees/wt_main_de8dcfbc_fixed
[rankwrap] rank=15 host=nid001117 src=/pscratch/sd/j/jackm/sandbox_v2_docs_consolidation_2026-08-14/tmp/worktrees/wt_main_de8dcfbc_fixed
[rankwrap] rank=12 host=nid001117 src=/pscratch/sd/j/jackm/sandbox_v2_docs_consolidation_2026-08-14/tmp/worktrees/wt_main_de8dcfbc_fixed
[rankwrap] rank=13 host=nid001117 src=/pscratch/sd/j/jackm/sandbox_v2_docs_consolidation_2026-08-14/tmp/worktrees/wt_main_de8dcfbc_fixed
[lx] step lx-Xg4-153519-1519234-9727 exit 0 in 145 s
