[lx] using named allocation JID 57966610 [--jid]
[lxrun] JID 57966610 · 4 nodes · 1:54:19 left · 4/16 GPUs free · incoming: lx-?
  1  nid001168 [4/4 gpu]  free   —                —      —  ← starting lx-?  ./rankwrap.sh ./driver.s
  2  nid001169 [0/4 gpu]  busy   lx-Xg4-023338-1770882-8474 54s    started 02:33
  3  nid001172 [0/4 gpu]  busy   lx-Xg4-023405-1774490-5277 26s    started 02:34
  4  nid001173 [0/4 gpu]  busy   lx-Xg4-023418-1776077-7495 12s    started 02:34
[lx] 4 GPU(s) x 4 rank(s) per node: select_gpu.sh pins ONE GPU per rank, so each rank sees ONE device's memory, not 4. For a single process across all 4 devices use `-G 4 -n 1`.
[lx] source tree: /pscratch/sd/j/jackm/sandbox_v2_docs_consolidation_2026-08-14/tmp/worktrees/wt_bisp_prof_s_codex_20260906/src  [cwd checkout]
[lx] runtime import origin: /pscratch/sd/j/jackm/sandbox_v2_docs_consolidation_2026-08-14/tmp/worktrees/wt_bisp_prof_s_codex_20260906/src/runtime/__init__.py  [PYTHONPATH head; runtime.bootstrap attests the actual import]
[select_gpu] nid001168 local rank 3 -> CUDA_VISIBLE_DEVICES=3 (from CUDA_VISIBLE_DEVICES)
[select_gpu] nid001168 local rank 2 -> CUDA_VISIBLE_DEVICES=2 (from CUDA_VISIBLE_DEVICES)
[select_gpu] nid001168 local rank 1 -> CUDA_VISIBLE_DEVICES=1 (from CUDA_VISIBLE_DEVICES)
[select_gpu] nid001168 local rank 0 -> CUDA_VISIBLE_DEVICES=0 (from CUDA_VISIBLE_DEVICES)
[rankwrap] rank=3 host=nid001168 src=/pscratch/sd/j/jackm/sandbox_v2_docs_consolidation_2026-08-14/tmp/worktrees/wt_bisp_prof_s_codex_20260906
[rankwrap] rank=2 host=nid001168 src=/pscratch/sd/j/jackm/sandbox_v2_docs_consolidation_2026-08-14/tmp/worktrees/wt_bisp_prof_s_codex_20260906
[rankwrap] rank=1 host=nid001168 src=/pscratch/sd/j/jackm/sandbox_v2_docs_consolidation_2026-08-14/tmp/worktrees/wt_bisp_prof_s_codex_20260906
[rankwrap] rank=0 host=nid001168 src=/pscratch/sd/j/jackm/sandbox_v2_docs_consolidation_2026-08-14/tmp/worktrees/wt_bisp_prof_s_codex_20260906
a00e5a4825708e92f0b63619a5e1c4944cf281e3
a00e5a4825708e92f0b63619a5e1c4944cf281e3
a00e5a4825708e92f0b63619a5e1c4944cf281e3
a00e5a4825708e92f0b63619a5e1c4944cf281e3
[lx] step lx-Xg4-023435-1777974-1803 exit 0 in 91 s
