[lorrax source closure] {"mode":"source","root":"/pscratch/sd/j/jackm/sandbox_v2_docs_consolidation_2026-08-14/tmp/worktrees/wt_bisp_prof_s_codex_20260906","runtime":"src/runtime/__init__.py","services":{"distrib-la":"services/distrib_la/src/distrib_la/__init__.py","lxkit":"services/lxkit/src/lxkit/__init__.py","minimax":"services/minimax/src/minimax/__init__.py","symmetry-maps":"services/symmetry_maps/src/symmetry_maps/__init__.py","vcoul":"services/vcoul/src/vcoul/__init__.py","wfn-loader":"services/wfn_loader/src/wfn_loader/__init__.py","zeta-loader":"services/zeta_loader/src/zeta_loader/__init__.py"}}
  [compile-cache] cross-rank compile agreement enabled before backend compile with no deadline (rank 0 names a missing rank every 60 s).
[stage 18:33:21] -> collective_warmup
[stage 18:33:22] <- collective_warmup  1.3 s
[lorrax native] LEGACY-UNSEALED origin=/global/common/software/m4598/jackm/lorrax_cuda13_runtime/ffi_build_phdf5/liblorrax_ffi.so sha256=cad78d947a953949 pair/private-closure unattested; developer migration only
[fft_ffi] flat-k 3-D FFTs -> cuFFT strided CUDA FFI handler (lorrax_mklfft_flat_k): cufftPlanMany64 advanced layout (istride=T, idist=1 — the stride-descriptor analog) reading the dot-layout tile in place; jnp.fft norm scales applied by a fused device kernel.
[conv_kminor] auto -> ON: the fused k-minor conv kernel (lorrax_cufft_conv_kminor) serves this run's rung.  CUDA mesh, handler present.  Callers whose k-grid is too large for one resident k-row still take the XLA chain for that call, silently and correctly.
[LORRAX_CONV_KLEAD_FFI] =0: k-leading fused-convolution candidate disabled; no production Sigma caller yet.
[conv_kpair] auto -> ON: the ISDF post-pair CUDA accelerator (lorrax_cufft_conv_kpair) is available; the plan selected its measured-fast resident/device arm from mirrored byte arithmetic.
  [compile-cache] persistent compile cache OFF (ISDF_JAX_CACHE_DIR="" opt-out). JAX's in-process executable cache remains active. For reuse among sequential drivers or a deliberate restart campaign, set ISDF_JAX_CACHE_DIR to a rank-visible directory.
==============================================================================
  LORRAX runtime — resolved startup configuration
==============================================================================
  This is rank 0 of 4, and it addresses 1 of the 4 devices in the job.
  jax.distributed.initialize() took its explicit form with coordinator_address='nid001049:22020', num_processes=4 and local_device_ids=[0].
  The JAX platform resolved to 'gpu' on devices of kind 'NVIDIA A100-SXM4-40GB', from JAX_PLATFORMS='cuda,cpu', under jax 0.9.1 / jaxlib 0.9.1 with 64-bit values enabled.
  Default matmul precision is pinned to 'highest', so f32 and complex64 dots run at fp32 rather than TensorFloat32; f64/c128 is unaffected either way.
  XLA GPU autotuning resolved to level '0' from LORRAX default (runtime.set_default_env); the complete resolved XLA_FLAGS value is '--xla_gpu_autotune_level=0'.
  The run's device mesh is 2x2 over axes ('x', 'y'), and its communicator cliques were warmed before the first physics jit.
  Bringing this stack up took 4.8 s in total: 3.3 s for the environment, jax.distributed and backend init, 1.4 s to build the mesh and warm its communicators, 0.0 s to arm the compile cache and 0.1 s to measure everything in this block.
  Demotions listed above are this rank's; a demotion that happened only on another rank is announced in that rank's own output and does not appear here.
  Cross-process collectives run on NCCL because this is a GPU platform, so JAX_CPU_COLLECTIVES_IMPLEMENTATION does not apply.
  The XLA memory pool, read from jax.local_devices()[0].memory_stats() and not from os.environ, reports a limit of 36.04 GB with 0.00 GB in use and a peak of 0.00 GB so far.
  XLA_PYTHON_CLIENT_PREALLOCATE resolved to false (raw 'false') and XLA_PYTHON_CLIENT_ALLOCATOR resolved to 'bfc' (raw 'bfc') — NOT LORRAX's canonical pair, which is preallocate=false with the allocator left unset (BFC); a caller overrode it.
  The XLA client memory fraction is 0.85 from XLA_PYTHON_CLIENT_MEM_FRACTION.
  The CUDA FFI library loaded from /global/common/software/m4598/jackm/lorrax_cuda13_runtime/ffi_build_phdf5/liblorrax_ffi.so, selected by LORRAX_FFI_SO.
  FFI build provenance: /global/common/software/m4598/jackm/lorrax_cuda13_runtime/ffi_build_phdf5/liblorrax_ffi.so | LEGACY-UNSEALED | recorded-rev bb6422eaad04 | recorded-sha cad78d947a953949 | actual 6755720 bytes sha cad78d947a953949
  The LORRAX_BANDS_GEMM_FFI dial is unset and resolved to on, so the contract_bands right-GEMM contraction rides the platform's native lowering — the dial exists on cpu only and this run's backend is 'gpu', where startup enforcement skips it by the gate's declared platform policy (the native lowering IS the required path there).
  The LORRAX_FFT_FFI dial is unset and resolved to on, so the flat-k 3-D FFT helper path is routed through the FFI handler (the required layer).
  The LORRAX_FFT_FFI_FUSED dial is unset and resolved to on, so the fused IFFT-multiply-FFT tau kernel is routed through the FFI handler (the required layer).
  The LORRAX_CONV_KMINOR_FFI dial is unset and resolved to auto, so the fused k-MINOR ifft-multiply-fft conv (the BSE ladder-W rung; accelerator) is routed through the FFI handler WHERE AVAILABLE and through the caller's XLA ifft/multiply/fft chain otherwise (capability: the mesh is CUDA, the loaded device library exports CufftConvKMinorCudaFfi, and the k-grid's row fits a block's shared memory).
  The LORRAX_CONV_KLEAD_FFI dial is unset and resolved to off, so the direct fused k-LEADING IFFT(G)-IFFT(W)-FFT conv (Sigma; accelerator, default off) keeps the certified plan-based k-leading gw_conv handler — this dial is OPT-IN and off is its certified state.
  The LORRAX_CONV_KPAIR_FFI dial is unset and resolved to auto, so the fused post-pair convolution used to form the ISDF Coulomb operator is routed through the FFI handler WHERE AVAILABLE and through the ISDF XLA IFFT/conjugate/gamma/FFT reference chain otherwise (capability: the mesh is CUDA, the loaded device library exports CufftConvKPairCudaFfi, the runtime axes are in [1,24], and the shape is in the measured native-fast region).
  The distributed backends available for eigh on this mesh are cusolvermp, distributed, native; which one runs is the input-file key, not an environment variable.
  The distributed backends available for cholesky on this mesh are cusolvermp, native, native2d; which one runs is the input-file key, not an environment variable.
  The distributed backends available for solve_lu on this mesh are cusolvermp, distributed, native; which one runs is the input-file key, not an environment variable.
  This process is pinned to 32 schedulable CPUs, with OMP_NUM_THREADS=None, MKL_NUM_THREADS=None and OPENBLAS_NUM_THREADS='16 (auto: physical cores of the affinity mask; applied to libscipy_openblas64_-61654e39.so)'.
  Inside the FFI handlers the BLAS team size is LORRAX_MKLBLAS_THREADS=None for the batched GEMM, where unset means the ambient thread count, and LORRAX_SCALAPACK_MKL_THREADS=None for the ScaLAPACK handlers, where unset means a cap of 4 because pzheevd measured 11.28 s per q at 14 MKL threads against 0.463 s at 4.
  The JAX persistent compile cache is OFF, so every rank compiles every module in this run; set ISDF_JAX_CACHE_DIR to a rank-visible directory to turn it on, or leave it unset and let the resolution order pick one — LORRAX_RUN_DIR/.lorrax_jax_cache first, then $SCRATCH/lorrax_jax_cache, then the home cache (docs/dev/env_vars.md).
  The cache key includes every array shape, so a system size this machine has not run before misses every entry no matter how warm the cache looks.
  Cross-rank module-compile agreement is ON with no deadline (rank 0 names a missing rank every 60 s); each backend compile is fingerprinted before XLA execution.
  The fail-fast excepthook is installed, so an uncaught exception on any rank exits the step non-zero instead of leaving its peers blocked in a collective that rank will never join.
  glibc malloc tuning is in force with M_MMAP_THRESHOLD=1 MB and M_TRIM_THRESHOLD=128 MB, which is the mitigation for the per-r-chunk RSS ramp on long XLA:CPU runs.
==============================================================================
  [config provenance] this deck names 1 LEGACY self-energy-axis key(s); they are honored, and the canonical axes resolved to compute_mode = gn_ppm, qp_solver = one_shot_dft.
    do_screened -> write compute_mode = x_only | cohsex | gn_ppm | hl_ppm | mpa instead
==============================================================================
LORRAX GW CALCULATION
==============================================================================
Input          : /pscratch/sd/j/jackm/sandbox_v2_docs_consolidation_2026-08-14/tmp/worktrees/wt_bisp_prof_s_codex_20260906/runs/Si/100_bisp_parent_route_2026-09-05/prof_s/37_soc_sparse_spin/cohsex.in
Method         : gn_ppm / one_shot_dft
  Head policy: head_correction=off; screening_diagrams=w_rpa; direct diagnostic source=s_tensor. no special Gamma-cell contribution
  Bispinor GW policy: bispinor_gw=bare_transverse
Photon route   : incumbent charge-screened W + Sigma^B (gw.sigma_x_bispinor) with the scalar band-diagonal q->0 head -- sys_dim = 3 (the packed bare route wants sys_dim = 2)

  ==========================================================
  WARNING -- DEBUG: Gamma-cell head disabled by
  head_correction=off on the INCUMBENT bispinor route.
  No scalar <v>/W_h band-diagonal head and no transverse
  q=Gamma head.  This is a brute-force k-grid convergence /
  debugging setting, NOT a production calculation
  (owner ruling 2026-09-01, docs/architecture/decisions.md).
  ==========================================================

Photon head    : DEBUG: no Gamma-cell head at all (head_correction=off on the incumbent route); NOT a production calculation
  [hdf5-probe startup] libhdf5 2 core mapped: libhdf5-9e18f0c6.so.320.0.0, libhdf5_parallel_gnu.so.310.3.0 (+1 companion: libhdf5_hl-69da89c9.so.320.0.0); HDF5_USE_FILE_LOCKING=FALSE; policy=measure
  [hdf5-probe startup] no path opened through both stacks so far
  [WfnLoader] read backend = phdf5 (auto, 4 processes) — collective MPI-IO read through the phdf5 FFI .so
[2c-TRS] WFN.h5: CONSISTENT (spatial-conditional, residual=2.79e-08, coverage=100%, raw-pair=0, spatial-pair=5, trim=3) | 0.12s (io 0.00 + overlap 0.05)
  [config provenance] mpa_sampling_alpha = 1 (default for nonmetal)
  Material class: insulator (inferred from WFN occupations)
/pscratch/sd/j/jackm/sandbox_v2_docs_consolidation_2026-08-14/tmp/worktrees/wt_bisp_prof_s_codex_20260906/services/symmetry_maps/src/symmetry_maps/maps.py:2348: RuntimeWarning: SYMMETRY PROVENANCE WARNING: no authenticated QE data-file-schema.xml is available at SymMaps initialization (no nearby data-file-schema.xml candidate was found). WFN.h5 does not record which operations are composed with time reversal. LORRAX is using the legacy all-spatial header interpretation plus the global DFT-reference TRS verdict. RESULTS WILL BE WRONG if time reversal is broken and QE used an antiunitary magnetic-space-group operation. Co-stage the WFN-generating QE *.save directory or pass WfnLoader(..., qe_schema=...).
  _warnings.warn(
  ISDF basis: 480 centroids
  FFT grid: 24×24×24   Cell volume: 270.11 a.u.³

[config provenance] linalg = local (deck)
linalg = local: fastest, but each task holds ceil(N_q_irr/P) complete N_mu x N_mu dense matrices (here ceil(8/4) x 480^2 x 16 B = 7.03 MiB per task, complex128) plus their factor workspace; on large systems where that is a large fraction of memory per task, set linalg = distributed
[config provenance] low_mem_bands = true (deck)
low_mem_bands = true: the two-face wavefunction carrier (band chunks of 16); required for the raw-parent (k_irr) route, which contracts G and the ISDF pair densities on the WFN's own k rows.

CONFIGURATION PROVENANCE
------------------------
[config provenance] this deck names 1 LEGACY self-energy-axis key(s); they are honored, and the canonical axes resolved to compute_mode = gn_ppm, qp_solver = one_shot_dft.

PROCESSOR ARCHITECTURE
----------------------
MPI ranks      : 4
Accelerators   : 4 GPU devices (NVIDIA A100-SXM4-40GB, 1 per rank)
Processor mesh : 2 x 2  (centroid axes X x Y)
CPU allocation : 32 cores per rank
Host threads   : OPENBLAS_NUM_THREADS=16 (auto: physical cores of the affinity mask; applied to libscipy_openblas64_-61654e39.so)

METHOD AND PHYSICAL PATHWAYS
----------------------------
Self-energy    : Godby-Needs plasmon-pole GW; one-shot full-matrix effective Hamiltonian; Sigma evaluated at E_DFT with QSGW Hermitian symmetrization (distinct from fixed-DFT-state diagonal G0W0)
QP consistency  : one_shot_dft | other options: fixed_point (diagonal on-shell), self_consistent (rebuild G/W/Sigma)
EQP2 treatment  : off (set write_eqp2=true for fixed-Sigma eigenvalue self-consistency)
Screening      : RPA Dyson series; minimax imaginary-axis quadrature
Long wavelength: head=off; source=s_tensor
Coulomb system : 3D bulk; Hartree=live G-space
Spin channels  : charge + transverse current (bispinor)
Degenerate sets: averaged at 1.36057e-05 eV
ISDF state     : restart requested
  centroid order: orbit-packed, 11 orbits on 2 shards of 240 slots (480 centroids, 0 pad slots, canonical carrier 480)
  band counts: chi = sigma = 32; ISDF zeta fit sized for 32 bands (the two counts are TIED, so the band sums are the same window)
    chi0/W band sum edge 32 clean: min gap 1.72 meV.
    Sigma band sum edge 32 clean: min gap 1.72 meV.
  Sigma omega layout: sharded; Σ_c(ω,k,m,n) stays (m_X, n_Y)-tiled on the 2x2 mesh at logical/carrier=32/32 (consumers read tiles; no full-cube replication).

NUMERICAL ENVIRONMENT
---------------------
JAX/JAXLIB     : 0.9.1 / 0.9.1 | FP64 / complex128 | NCCL collectives
Wavefunctions  : phdf5 reader
Dense linalg   : local layout
LORRAX_BANDS_GEMM_FFI      = NATIVE : right-GEMM contraction forming G(tau) (native XLA dot lowering)
LORRAX_FFT_FFI             = ON     : flat-k FFTs for ISDF, chi0 and Sigma (cuFFT flat-k FFI)
LORRAX_FFT_FFI_FUSED       = ON     : fused tau-domain convolution (cuFFT fused-convolution FFI)
LORRAX_CONV_KPAIR_FFI      = ON     : pair-density convolution forming V(q) (cuFFT pair-convolution FFI)

CRYSTAL SYMMETRY AND BRILLOUIN-ZONE SAMPLING
--------------------------------------------
Real-space action: r' = R^-1 r + tau
Spatial group   : 48 operations; 36 with fractional translations
QE schema      : NOT FOUND (no nearby data-file-schema.xml candidate was found)
Stored QE type : unknown for all 48 operations; WFN.h5 omits each time_reversal bit
Active op rows : 48 unitary; 48 TR-composed
Inversion      : present at S25 (QE-TR=unknown; used=unitary+TR)
DFT 2c TRS     : CONSISTENT (spatial-conditional; occupied-density residual=2.78775e-08; coverage=100.00%; raw-pair=0, spatial-pair=5, trim=3)
Global TRS     : enabled from the two-component reference check
  op   QE time-reversal status       R^-1 and fractional translation
  S01  QE-TR=unknown active=unitary+TR R^-1=[ 1  0  0;  0  1  0;  0  0  1]  tau=( 0.000  0.000  0.000)
  S02  QE-TR=unknown active=unitary+TR R^-1=[-1 -1 -1;  0  0  1;  0  1  0]  tau=( 0.500  0.000  0.000)
  S03  QE-TR=unknown active=unitary+TR R^-1=[ 0  1  0;  1  0  0; -1 -1 -1]  tau=( 0.000  0.000  0.500)
  S04  QE-TR=unknown active=unitary+TR R^-1=[ 0  0  1; -1 -1 -1;  1  0  0]  tau=( 0.000  0.500  0.000)
  S05  QE-TR=unknown active=unitary+TR R^-1=[ 1  1  1;  0 -1  0;  0  0 -1]  tau=(-0.500  0.000  0.000)
  S06  QE-TR=unknown active=unitary+TR R^-1=[-1  0  0;  0  0 -1;  0 -1  0]  tau=( 0.000  0.000  0.000)
  S07  QE-TR=unknown active=unitary+TR R^-1=[ 0 -1  0;  1  1  1; -1  0  0]  tau=( 0.000  0.500  0.000)
  S08  QE-TR=unknown active=unitary+TR R^-1=[ 0  0 -1; -1  0  0;  1  1  1]  tau=( 0.000  0.000 -0.500)
  S09  QE-TR=unknown active=unitary+TR R^-1=[-1  0  0;  0 -1  0;  1  1  1]  tau=( 0.000  0.000  0.500)
  S10  QE-TR=unknown active=unitary+TR R^-1=[ 0 -1  0; -1  0  0;  0  0 -1]  tau=( 0.000  0.000  0.000)
  S11  QE-TR=unknown active=unitary+TR R^-1=[ 0  0 -1;  1  1  1;  0 -1  0]  tau=( 0.000 -0.500  0.000)
  S12  QE-TR=unknown active=unitary+TR R^-1=[ 1  1  1;  0  0 -1; -1  0  0]  tau=(-0.500  0.000  0.000)
  S13  QE-TR=unknown active=unitary+TR R^-1=[-1  0  0;  1  1  1;  0  0 -1]  tau=( 0.000 -0.500  0.000)
  S14  QE-TR=unknown active=unitary+TR R^-1=[ 0  0 -1;  0 -1  0; -1  0  0]  tau=( 0.000  0.000  0.000)
  S15  QE-TR=unknown active=unitary+TR R^-1=[ 0 -1  0;  0  0 -1;  1  1  1]  tau=( 0.000  0.000 -0.500)
  S16  QE-TR=unknown active=unitary+TR R^-1=[ 1  1  1; -1  0  0;  0 -1  0]  tau=( 0.500  0.000  0.000)
  S17  QE-TR=unknown active=unitary+TR R^-1=[ 0  0  1;  1  0  0;  0  1  0]  tau=( 0.000  0.000  0.000)
  S18  QE-TR=unknown active=unitary+TR R^-1=[-1 -1 -1;  0  1  0;  1  0  0]  tau=( 0.500  0.000  0.000)
  S19  QE-TR=unknown active=unitary+TR R^-1=[ 1  0  0;  0  0  1; -1 -1 -1]  tau=( 0.000  0.000  0.500)
  S20  QE-TR=unknown active=unitary+TR R^-1=[ 0  1  0; -1 -1 -1;  0  0  1]  tau=( 0.000  0.500  0.000)
  S21  QE-TR=unknown active=unitary+TR R^-1=[ 0  1  0;  0  0  1;  1  0  0]  tau=( 0.000  0.000  0.000)
  S22  QE-TR=unknown active=unitary+TR R^-1=[-1 -1 -1;  1  0  0;  0  0  1]  tau=( 0.500  0.000  0.000)
  S23  QE-TR=unknown active=unitary+TR R^-1=[ 0  0  1;  0  1  0; -1 -1 -1]  tau=( 0.000  0.000  0.500)
  S24  QE-TR=unknown active=unitary+TR R^-1=[ 1  0  0; -1 -1 -1;  0  1  0]  tau=( 0.000  0.500  0.000)
  S25  QE-TR=unknown active=unitary+TR R^-1=[-1  0  0;  0 -1  0;  0  0 -1]  tau=( 0.000  0.000  0.000)
  S26  QE-TR=unknown active=unitary+TR R^-1=[ 1  1  1;  0  0 -1;  0 -1  0]  tau=(-0.500  0.000  0.000)
  S27  QE-TR=unknown active=unitary+TR R^-1=[ 0 -1  0; -1  0  0;  1  1  1]  tau=( 0.000  0.000  0.500)
  S28  QE-TR=unknown active=unitary+TR R^-1=[ 0  0 -1;  1  1  1; -1  0  0]  tau=( 0.000 -0.500  0.000)
  S29  QE-TR=unknown active=unitary+TR R^-1=[-1 -1 -1;  0  1  0;  0  0  1]  tau=( 0.500  0.000  0.000)
  S30  QE-TR=unknown active=unitary+TR R^-1=[ 1  0  0;  0  0  1;  0  1  0]  tau=( 0.000  0.000  0.000)
  S31  QE-TR=unknown active=unitary+TR R^-1=[ 0  1  0; -1 -1 -1;  1  0  0]  tau=( 0.000  0.500  0.000)
  S32  QE-TR=unknown active=unitary+TR R^-1=[ 0  0  1;  1  0  0; -1 -1 -1]  tau=( 0.000  0.000  0.500)
  S33  QE-TR=unknown active=unitary+TR R^-1=[ 1  0  0;  0  1  0; -1 -1 -1]  tau=( 0.000  0.000  0.500)
  S34  QE-TR=unknown active=unitary+TR R^-1=[ 0  1  0;  1  0  0;  0  0  1]  tau=( 0.000  0.000  0.000)
  S35  QE-TR=unknown active=unitary+TR R^-1=[ 0  0  1; -1 -1 -1;  0  1  0]  tau=( 0.000  0.500  0.000)
  S36  QE-TR=unknown active=unitary+TR R^-1=[-1 -1 -1;  0  0  1;  1  0  0]  tau=( 0.500  0.000  0.000)
  S37  QE-TR=unknown active=unitary+TR R^-1=[ 1  0  0; -1 -1 -1;  0  0  1]  tau=( 0.000  0.500  0.000)
  S38  QE-TR=unknown active=unitary+TR R^-1=[ 0  0  1;  0  1  0;  1  0  0]  tau=( 0.000  0.000  0.000)
  S39  QE-TR=unknown active=unitary+TR R^-1=[ 0  1  0;  0  0  1; -1 -1 -1]  tau=( 0.000  0.000  0.500)
  S40  QE-TR=unknown active=unitary+TR R^-1=[-1 -1 -1;  1  0  0;  0  1  0]  tau=( 0.500  0.000  0.000)
  S41  QE-TR=unknown active=unitary+TR R^-1=[ 0  0 -1; -1  0  0;  0 -1  0]  tau=( 0.000  0.000  0.000)
  S42  QE-TR=unknown active=unitary+TR R^-1=[ 1  1  1;  0 -1  0; -1  0  0]  tau=( 0.500  0.000  0.000)
  S43  QE-TR=unknown active=unitary+TR R^-1=[-1  0  0;  0  0 -1;  1  1  1]  tau=( 0.000  0.000 -0.500)
  S44  QE-TR=unknown active=unitary+TR R^-1=[ 0 -1  0;  1  1  1;  0  0 -1]  tau=( 0.000 -0.500  0.000)
  S45  QE-TR=unknown active=unitary+TR R^-1=[ 0 -1  0;  0  0 -1; -1  0  0]  tau=( 0.000  0.000  0.000)
  S46  QE-TR=unknown active=unitary+TR R^-1=[ 1  1  1; -1  0  0;  0  0 -1]  tau=(-0.500  0.000  0.000)
  S47  QE-TR=unknown active=unitary+TR R^-1=[ 0  0 -1;  0 -1  0;  1  1  1]  tau=( 0.000  0.000 -0.500)
  S48  QE-TR=unknown active=unitary+TR R^-1=[-1  0  0;  1  1  1;  0 -1  0]  tau=( 0.000  0.500  0.000)
Full BZ grid   : 64 k points | mesh 4 x 4 x 4 | shift (0.00000, 0.00000, 0.00000)
Stored IBZ     : 8 k points
  ik        kx        ky        kz     weight
    1   0.00000   0.00000   0.00000   0.01562
    2   0.00000   0.00000   0.25000   0.12500
    3   0.00000   0.00000   0.50000   0.06250
    4   0.00000   0.25000   0.25000   0.09375
    5   0.00000   0.25000   0.50000   0.37500
    6   0.00000   0.25000   0.75000   0.18750
    7   0.00000   0.50000   0.50000   0.04688
    8   0.25000   0.50000   0.75000   0.09375
Centroid orbit: CLOSED : 48/48 spatial operations preserve 480 sites (tol=1.00000e-05)
TRS pathways   : automatic from SymMaps.trs_allowed=true; no input override
GN probe route  : incumbent symmetric completion; ppm_probe_chi_reuse=off

BAND SPACES AND ENERGY COVERAGE
-------------------------------
Electrons      : 8.00000; occupied-band boundary = 8
Occupied bands : 1-8
QP valence     : 1-8
QP conduction  : 9-32
QP matrix      : 1-32
chi0/W sum     : 1-32
Sigma sum      : 1-32
Loaded ISDF psi: 1-32
zeta fit       : left 1-32; right 1-32
[stage 18:33:23] -> ISDF basis + wavefunctions
[stage 18:33:23]   -> restart load (metadata, SlabIO tensors, wedge, reshard)
  [SlabIO.phdf5_ffi] isdf_tensors_480.h5 mode=r bytes=93085908 file stripe_count=16 stripe_size=4194304 B cb_nodes=4/4 (the file's inode, not write policy).
[phdf5.hints /pscratch/sd/j/jackm/sandbox_v2_docs_consolidation_2026-08-14/tmp/worktrees/wt_bisp_prof_s_codex_20260906/runs/Si/100_bisp_parent_route_2026-09-05/prof_s/37_soc_sparse_spin/tmp/isdf_tensors_480.h5] 24 hints retained by ROMIO:
  romio_cb_pfr                             = disable
  romio_cb_fr_types                        = aar
  cb_align                                 = 2
  cb_buffer_size                           = 16777216
  romio_cb_fr_alignment                    = 1
  romio_cb_ds_threshold                    = 0
  romio_cb_alltoall                        = automatic
  romio_cb_read                            = automatic
  romio_cb_write                           = automatic
  romio_no_indep_rw                        = false
  romio_ds_write                           = automatic
  ind_wr_buffer_size                       = 524288
  romio_ds_read                            = disable
  ind_rd_buffer_size                       = 4194304
  direct_io                                = false
  striping_factor                          = 16
  striping_unit                            = 4194304
  overstriping_factor                      = 0
  romio_lustre_start_iodevice              = -1
  aggregator_placement_stride              = -1
  abort_on_rw_error                        = disable
  cb_config_list                           = *:*
  cb_nodes                                 = 4
  romio_filesystem_type                    = CRAY ADIO:
[stage 18:33:23]     -> restart SlabIO read V_qmunu
  [shard_map] using jax.shard_map (jax 0.9.1)
[stage 18:33:23]     <- restart SlabIO read V_qmunu  0.1 s
[stage 18:33:23]     -> restart wedge transform V_qmunu
  [shard_map] using jax.shard_map (jax 0.9.1)
[stage 18:33:24]     <- restart wedge transform V_qmunu  0.7 s
[stage 18:33:24]     -> restart SlabIO read psi_parent_y
[stage 18:33:24]     <- restart SlabIO read psi_parent_y  0.0 s
[stage 18:33:24]     -> restart SlabIO read psi_parent_y_mun
[stage 18:33:24]     <- restart SlabIO read psi_parent_y_mun  0.0 s
[stage 18:33:24]     -> restart SlabIO read psi_parent_y_transverse
[stage 18:33:24]     <- restart SlabIO read psi_parent_y_transverse  0.0 s
[stage 18:33:24]     -> restart SlabIO read psi_parent_y_transverse_mun
[stage 18:33:24]     <- restart SlabIO read psi_parent_y_transverse_mun  0.0 s
  [SlabIO.close] Python dispatch drained in 0.0 s (no queued data); joining writer thread
  [SlabIO.close] writer thread joined in 0.0 s; calling H5Fclose collectively
  [SlabIO.close] H5Fclose returned in 0.0 s
  Loaded restart tensors from H5.
  [restart stamp] Coulomb-kernel policy matches: v1;mc_average_vcoul_body=true;mc_average_placement=off;mc_average_placement_vcoul=;head_minibz_average=false;bare_coulomb_cutoff=;use_bgw_vcoul=false;bgw_vcoul_file=;sys_dim=3
  ψ storage: parents only (restart) -- 8 raw WFN parents read from isdf_tensors_480.h5 stand in for 64 full k rows in screening and Σ through the typed local unfold; no full-k face was formed.
  [bispinor] σ^B-side Wfns rebuilt from restart (raw parents, n_rmu_T=168 transverse centroids)
[stage 18:33:26]   <- restart load (metadata, SlabIO tensors, wedge, reshard)  3.1 s
[stage 18:33:26] <- ISDF basis + wavefunctions  3.2 s
[stage 18:33:26] -> minimax tau-axis
  Minimax static window: x=[4.973385e-02, 2.578209e+00] Ry, R=51.84, nodes=13, fit_err~3.637e-07  [shipped noncrossing/noncrossing_R_256p000000_eps_3p0em08.npz sha256:0b273da6a5575900 gen tools/generate_minimax_assets.py@c55621b24069 backend cpu:numpy-2.5.2/scipy-1.18.0/python-3.12.12/id-aa3cd1db8d8f CERTIFIED]/pscratch/sd/j/jackm/sandbox_v2_docs_consolidation_2026-08-14/tmp/worktrees/wt_bisp_prof_s_codex_20260906/services/minimax/src/minimax/door.py:449: RuntimeWarning: minimax: served noncrossing/inverse R=51.8401 target 5e-08 -> 13 nodes, max_err 1.81e-08, kappa0 1 | shipped noncrossing/noncrossing_R_256p000000_eps_3p0em08.npz sha256:0b273da6a5575900 gen tools/generate_minimax_assets.py@c55621b24069 backend cpu:numpy-2.5.2/scipy-1.18.0/python-3.12.12/id-aa3cd1db8d8f CERTIFIED

  return lookup(family=family, target=target,
[stage 18:33:26] <- minimax tau-axis  0.1 s
[stage 18:33:26] -> screening (chi0 -> W)
Started screening (chi0 -> W) at 18:33:26.
[stage 18:33:26]   -> gw_jax.chi0_W
[stage 18:33:26]     -> W[static] chi0 compile
  [distrib_la] shard_map via jax.shard_map (jax 0.9.1)
[lorrax cusolverMp] library 0.9.1, NCCL 2.29.3, comm path: NCCL, grid: 2x2 (row-major)
[lorrax cuBLASMp] library 1.0.0, comm path: NCCL
[stage 18:33:28]     <- W[static] chi0 compile  2.3 s
[stage 18:33:28]     -> W[static] chi0 build (13 tau nodes, 64 q, mu=480)
[cufft_flat_k] flat_k first call: nk=(4,4,4) T=921600 fwd=1 scale=1.250000e-01 inplace=1
[cufft_flat_k] plan dims=(4,4,4) stride=921600 batch=921600 workspace=0.0 MB
[cufft_flat_k] workspace arena -> 0.0 MB
[cufft_flat_k] NVRTC kernels compiled for sm_80 (20200 B cubin, device 0)
[cufft_flat_k] plan dims=(4,4,4) stride=57600 batch=57600 workspace=0.0 MB
[stage 18:33:29]     <- W[static] chi0 build (13 tau nodes, 64 q, mu=480)  0.8 s
[stage 18:33:29]     -> W.slice_to_ibz
[stage 18:33:29]     <- W.slice_to_ibz  0.2 s
[stage 18:33:29]     -> W[static] Dyson compile
[stage 18:33:30]     <- W[static] Dyson compile  0.2 s
[stage 18:33:30]     -> W[static] Dyson solve (8 q, mu=480, IBZ wedge)
[stage 18:33:30]     <- W[static] Dyson solve (8 q, mu=480, IBZ wedge)  0.0 s
[stage 18:33:30]     -> W.unfold_to_full_bz
q-grid TRS policy [W[W[static]] RPA]: time reversal MEASURED to hold; 28 of 64 q rows use a TRS-composed partner so q and -q share one spatial realization, and 8 self-negative q rows carry the one-element TRS projector.
  sanity[W[W[static]] IBZ parents]: parent point-group covariance = 1.889e-07 (37/73 little-group ops over 3 parent(s)).  fixed-q TRS projector removed 0.000e+00 (relative).
[stage 18:33:32]     <- W.unfold_to_full_bz  2.5 s
[stage 18:33:32]   <- gw_jax.chi0_W  6.1 s
[stage 18:33:32]   -> W.gate
[stage 18:33:33]   <- W.gate  0.7 s
[ 18:33:33 | █████░░░░░ |  50% ] W role 1 / 2 · ETA 7 s
  PPM imag-freq quadrature (ωp=2.0000 Ry): R=51.8, nodes=6, err~6.1e-07  [cache /global/homes/j/jackm/.cache/lorrax/minimax_quadratures/noncrossing_imag_v2_44a3fa9a34006a23a43532d6a7cae996e97afdbd9a9ea735d891e803893416d6.npz sha256:19951f8ada5be764 gen n/a (solved in-process) backend cpu:numpy-2.5.2/scipy-1.18.1/x86_64 UNCERTIFIED]/pscratch/sd/j/jackm/sandbox_v2_docs_consolidation_2026-08-14/tmp/worktrees/wt_bisp_prof_s_codex_20260906/services/minimax/src/minimax/door.py:468: RuntimeWarning: minimax: UNCERTIFIED SOLVE noncrossing_imag/inverse_imag R=51.8401 target 5e-08 n_max=64 -> 6 nodes, max_err 3.043e-08, sum|w| 12.91, kappa0 28 | cache /global/homes/j/jackm/.cache/lorrax/minimax_quadratures/noncrossing_imag_v2_44a3fa9a34006a23a43532d6a7cae996e97afdbd9a9ea735d891e803893416d6.npz sha256:19951f8ada5be764 gen n/a (solved in-process) backend cpu:numpy-2.5.2/scipy-1.18.1/x86_64 UNCERTIFIED -- UNCERTIFIED, NOT REPRODUCIBLE ACROSS HOSTS.  No shipped table matched this request, so the rule was computed in-process by a SciPy optimiser whose answer depends on this machine's LAPACK (three hosts, three answers, kappa0 varying by 900x -- survey section 2.4).  LORRAX_MINIMAX_ALLOW_RUNTIME_SOLVE=0 makes this a refusal instead.

  return solve_uncertified(
[stage 18:33:33]   -> gw_jax.chi0_W_probe
[stage 18:33:33]     -> W[probe] chi0 compile
[stage 18:33:34]     <- W[probe] chi0 compile  1.2 s
[stage 18:33:34]     -> W[probe] chi0 build (6 tau nodes, 64 q, mu=480)
[stage 18:33:34]     <- W[probe] chi0 build (6 tau nodes, 64 q, mu=480)  0.3 s
[stage 18:33:34]     -> W[probe] Dyson compile
[stage 18:33:35]     <- W[probe] Dyson compile  0.2 s
[stage 18:33:35]     -> W[probe] Dyson solve (64 q, mu=480, full BZ)
[stage 18:33:35]     <- W[probe] Dyson solve (64 q, mu=480, full BZ)  0.0 s
[stage 18:33:35]   <- gw_jax.chi0_W_probe  1.7 s
[stage 18:33:35]   -> W.gate
[stage 18:33:35]   <- W.gate  0.0 s
[ 18:33:35 | ██████████ | 100% ] W role 2 / 2 · ETA 0 s
Finished screening (chi0 -> W) at 18:33:35.  Elapsed: 9 s.
[stage 18:33:35]   -> W.restore_spilled_roles
[stage 18:33:35]   <- W.restore_spilled_roles  0.0 s
[stage 18:33:35] <- screening (chi0 -> W)  8.7 s
  Parent-k Green carrier detached from the screening view (the Sigma view keeps it).
[stage 18:33:35] -> gw_jax.persist_w0
[stage 18:33:35]   -> persist_w0.head_static
[stage 18:33:35]   <- persist_w0.head_static  0.0 s
[stage 18:33:35]   -> persist_w0.head_imag
[stage 18:33:35]   <- persist_w0.head_imag  0.0 s
[stage 18:33:35]   -> persist_w0.resolve
  [restart_write] restart_q_storage=auto -> ibz (centroid set is orbit-closed (worst residual 4.596e-16 at tol 1.0e-05) and the q path reduced)
[stage 18:33:35]   <- persist_w0.resolve  0.0 s
[stage 18:33:35]   -> persist_w0.write_w0
[phdf5.hints /pscratch/sd/j/jackm/sandbox_v2_docs_consolidation_2026-08-14/tmp/worktrees/wt_bisp_prof_s_codex_20260906/runs/Si/100_bisp_parent_route_2026-09-05/prof_s/37_soc_sparse_spin/tmp/isdf_tensors_480.h5] 24 hints retained by ROMIO:
  romio_cb_pfr                             = disable
  romio_cb_fr_types                        = aar
  cb_align                                 = 2
  cb_buffer_size                           = 16777216
  romio_cb_fr_alignment                    = 1
  romio_cb_ds_threshold                    = 0
  romio_cb_alltoall                        = automatic
  romio_cb_read                            = automatic
  romio_cb_write                           = automatic
  romio_no_indep_rw                        = false
  romio_ds_write                           = automatic
  ind_wr_buffer_size                       = 524288
  romio_ds_read                            = disable
  ind_rd_buffer_size                       = 4194304
  direct_io                                = false
  striping_factor                          = 16
  striping_unit                            = 4194304
  overstriping_factor                      = 0
  romio_lustre_start_iodevice              = -1
  aggregator_placement_stride              = -1
  abort_on_rw_error                        = disable
  cb_config_list                           = *:*
  cb_nodes                                 = 4
  romio_filesystem_type                    = CRAY ADIO:
[ffi-debug proc=0] name=lorrax_io_committed shape=(4,) dtype=int32 spec=P(('x', 'y'),) offset=(0,) valid_shape=(1,) gshape=(1,) local_shapes=[(1,)]
[phdf5-write rank=0 ds=/lorrax_io_committed id=360287970189639685] extent=[1] offset=[0] count=[1] mem_dims=[1] base=[0] valid=[1] collective=1 oob=0 empty=0
[phdf5 write r0] ds=/lorrax_io_committed bytes/rank=4 coll=1 empty=0  d2h_wait=0.01  spaces=0.04  select=0.00  write=0.28  total=0.33 (ms)  0 MB/s
[ffi-debug proc=0] name=W0_qmunu shape=(8, 480, 480) dtype=complex128 spec=P(None, 'x', 'y') offset=(0, 0, 0) valid_shape=(8, 480, 480) gshape=(8, 480, 480) local_shapes=[(8, 240, 240)]
  [restart_write] W0_qmunu (8, 480, 480) 0.03 GB QUEUED in 0.0 s (transfer time and rate: see the SlabIO.close drain line)
  [SlabIO.close] draining 1 pending writes for isdf_tensors_480.h5 …
[phdf5-write rank=0 ds=/W0_qmunu id=360287970189639686] extent=[8,480,480] offset=[0,0,0] count=[8,240,240] mem_dims=[8,240,240] base=[0,0,0] valid=[8,480,480] collective=1 oob=0 empty=0
[phdf5 write r0] ds=/W0_qmunu bytes/rank=7372800 coll=1 empty=0  d2h_wait=0.27  spaces=0.04  select=0.00  write=34.57  total=34.88 (ms)  213 MB/s
  [SlabIO.close] Python dispatch drained in 0.1 s (0.03 GB at 487 MB/s); joining writer thread
  [SlabIO.close] writer thread joined in 0.0 s; calling H5Fclose collectively
  [SlabIO.close] H5Fclose returned in 0.0 s
[stage 18:33:36]   <- persist_w0.write_w0  1.0 s
[stage 18:33:36]   -> persist_w0.write_head
[stage 18:33:36]   <- persist_w0.write_head  0.0 s
  Persisted W0_qmunu + q=0 head scalars: vhead=0.000 a.u.,  whead[ω=0]=0.000 a.u.,  whead[iωp]=0.000 a.u.
[stage 18:33:36] <- gw_jax.persist_w0  1.1 s
[stage 18:33:36] -> gw_jax.sigma
[fft_ffi] flat-k 3-D FFTs -> cuFFT strided CUDA FFI handler (lorrax_mklfft_gw_conv): cufftPlanMany64 advanced layout (istride=T, idist=1 — the stride-descriptor analog) reading the dot-layout tile in place; jnp.fft norm scales applied by a fused device kernel.
[cufft_flat_k] gw_conv first call: nk=(4,4,4) G trail (a=4,mx=240,b=4,my=240) Tg=921600 Tv=57600 scale_i=1.250000e-01 scale_f=-1.562500e-02 aliased=1 vr_arena=59.0 MB
[cufft_flat_k] V_R arena -> 59.0 MB
q-grid TRS policy [bare transverse Sigma]: time reversal MEASURED to hold; 28 of 64 q rows use a TRS-composed partner so q and -q share one spatial realization, and 8 self-negative q rows carry the one-element TRS projector.
q-grid TRS policy [photon V reader]: time reversal MEASURED to hold; 28 of 64 q rows use a TRS-composed partner so q and -q share one spatial realization, and 8 self-negative q rows carry the one-element TRS projector.
  [SlabIO.phdf5_ffi] v_q_bispinor.h5 mode=r bytes=59460369 file stripe_count=16 stripe_size=4194304 B cb_nodes=4/4 (the file's inode, not write policy).
[phdf5.hints /pscratch/sd/j/jackm/sandbox_v2_docs_consolidation_2026-08-14/tmp/worktrees/wt_bisp_prof_s_codex_20260906/runs/Si/100_bisp_parent_route_2026-09-05/prof_s/37_soc_sparse_spin/tmp/v_q_bispinor.h5] 24 hints retained by ROMIO:
  romio_cb_pfr                             = disable
  romio_cb_fr_types                        = aar
  cb_align                                 = 2
  cb_buffer_size                           = 16777216
  romio_cb_fr_alignment                    = 1
  romio_cb_ds_threshold                    = 0
  romio_cb_alltoall                        = automatic
  romio_cb_read                            = automatic
  romio_cb_write                           = automatic
  romio_no_indep_rw                        = false
  romio_ds_write                           = automatic
  ind_wr_buffer_size                       = 524288
  romio_ds_read                            = disable
  ind_rd_buffer_size                       = 4194304
  direct_io                                = false
  striping_factor                          = 16
  striping_unit                            = 4194304
  overstriping_factor                      = 0
  romio_lustre_start_iodevice              = -1
  aggregator_placement_stride              = -1
  abort_on_rw_error                        = disable
  cb_config_list                           = *:*
  cb_nodes                                 = 4
  romio_filesystem_type                    = CRAY ADIO:
  [SlabIO.close] Python dispatch drained in 0.0 s (no queued data); joining writer thread
  [SlabIO.close] writer thread joined in 0.0 s; calling H5Fclose collectively
  [SlabIO.close] H5Fclose returned in 0.0 s
[cufft_flat_k] plan dims=(4,4,4) stride=147456 batch=147456 workspace=0.0 MB
[cufft_flat_k] plan dims=(4,4,4) stride=9216 batch=9216 workspace=0.0 MB
  V_H: exact FFT-grid matrix built live in G-space (ρ: one psum; Poisson: replicated; matrix elements: two-axis band sharded; star broadcast stays on device).
[stage 18:33:42]   -> vh_collective_bootstrap
[stage 18:33:42]   <- vh_collective_bootstrap  0.0 s

Building valence density from 8 occupied bands (P=4, 64 k-points)...
[stage 18:33:42]   -> vh_rho
    rho + signed J/c sweep: 64 (k, band-chunk) items over P=4 ranks; this rank has 16
    rho: item 1/16 (k=1/64, bands [0,8))...
[stage 18:33:42]     -> vh_rho_psum
[stage 18:33:42]     <- vh_rho_psum  0.0 s
[stage 18:33:42]   <- vh_rho  0.6 s
    Dirac-current G=0 diagnostic (J=j/c; gauged V_NL current is absent): ||J0||=7.224419e-15, ||J||=7.238335e-12, ratio=9.980774e-04; periodic TT sets G=0 to zero
    Dirac-current symmetry projection: rows=96 (antiunitary=48), movement=1.000000e+00, residual=0.000000e+00 <= 1.364242e-12 (delta_R=0.000000e+00 + floating=1.364242e-12); alpha.A matrix remains on the authenticated star wedge
[stage 18:33:43]   -> vh_transverse_field
[stage 18:33:46]   <- vh_transverse_field  3.0 s
    rho symmetrisation: 48 space-group operations, max|Δρ|/max|ρ| = 1.240e-10
    rho normalisation: ∫ρ d³r = 8.000082 e (expected 8.000000, rel err 1.03e-05)
    Hartree Coulomb: 3D periodic
    Hartree energy (½∫ρV_H) = 1.118520 Ry
  [SlabIO.phdf5_ffi] WFN.h5 mode=r bytes=9148896 file stripe layout=UNKNOWN (lfs unavailable or not Lustre); collective read aggregation cannot be predicted
[phdf5.hints /pscratch/sd/j/jackm/sandbox_v2_docs_consolidation_2026-08-14/runs/Si/100_bisp_parent_route_2026-09-05/02_preprocess/WFN.h5] 24 hints retained by ROMIO:
  romio_cb_pfr                             = disable
  romio_cb_fr_types                        = aar
  cb_align                                 = 2
  cb_buffer_size                           = 16777216
  romio_cb_fr_alignment                    = 1
  romio_cb_ds_threshold                    = 0
  romio_cb_alltoall                        = automatic
  romio_cb_read                            = automatic
  romio_cb_write                           = automatic
  romio_no_indep_rw                        = false
  romio_ds_write                           = automatic
  ind_wr_buffer_size                       = 524288
  romio_ds_read                            = disable
  ind_rd_buffer_size                       = 4194304
  direct_io                                = false
  striping_factor                          = 16
  striping_unit                            = 4194304
  overstriping_factor                      = 0
  romio_lustre_start_iodevice              = -1
  aggregator_placement_stride              = -1
  abort_on_rw_error                        = disable
  cb_config_list                           = *:*
  cb_nodes                                 = 4
  romio_filesystem_type                    = CRAY ADIO:
[phdf5 kchunk-union r0] n_k=8 bytes/rank=1204224  prev_h2d_wait=0.01  pin+zero=1.51  spaces=0.01  select=0.02  read=4.17  h2d_setup=0.08  total=5.80 (ms)  [selected_elts=145120]
  [wfn_loader] shard_map via jax.shard_map (jax 0.9.1)

⟨mk|V_H|nk⟩ + <m|sum_i alpha_i A_i|n>: one k-scan over 8 STAR-WEDGE k-points (broadcast to 64 full-BZ k), 32 bands sharded over P=4; charge nspinor=4...
[stage 18:33:48]   -> vh_matrix
[stage 18:33:48]     -> mtxel.sweep
[stage 18:33:48]     <- mtxel.sweep  0.3 s
[stage 18:33:48]   <- vh_matrix  0.4 s
[stage 18:33:48]   -> vh_transverse_matrix_boundary
[stage 18:33:48]   <- vh_transverse_matrix_boundary  0.0 s

------------------------------------------------------------------------
  GN-PPM + FREQUENCY-INTEGRATED SIGMA
------------------------------------------------------------------------
[stage 18:33:48]   -> gw_jax.ppm_sigma
  GN-PPM fit: 2.63s, iωp=2.0000 Ry, unfulfilled=0.45%
  GN-PPM pole census: valid=14679486, Omega=[2.71900545e-02, 6.52184889e+01] Ry, min |Wc(0)-Wc(probe)|/max(|Wc(0)|,|Wc(probe)|)=9.39529246e-04
  GN user-ruled fitted-pole tail policy: low=29358/29358, high=29358/29358; [2.71900545e-02, 6.52184889e+01] -> [6.47167365e-01, 2.12906145e+00] Ry; anchor=2.00000000e+00 Ry; boundary key groups are atomic before orbit closure; physical partner orbits remain unsplit and closure may further undershoot
  GN tail semantics: affected Wc(0) is preserved by B'=-Wc(0)*Omega'/2; the 1/z^2 moment changes; this is not BGW finite-pole parity; exact panes remain downstream.
[stage 18:33:51]     -> sigma.exec
  Σ broadening ξ: 0.2500 eV (requested 0.2500 eV, ansatz gn_ppm, literal)
  PPM invalid modes: 66114/14745600 (0.45%)
  PPM invalid modes per q: min=24 max=10704 counts=[10704    24  7560    24    24    96   440   416  7560   440  2758   440    24   416   440    96
    24    96   440   416    96    24   416   440   440   416   440    96   416   440    96   440
  7560   440  2758   440   440   416   440    96  2758   440  7560   440   440    96   440   416
    24   416   440    96   416   440    96   440   440    96   440   416    96   440   416    24]
  PPM invalid modes -> static COHSEX: max|Sigma_static| = 0.0112 eV
  [SlabIO.phdf5_ffi] mpa_fit_oneshot.h5 mode=w ranks=4 stripe_count=4 stripe_unit=1048576 B (policy; LORRAX_PHDF5_STRIPE_COUNT/_SIZE_FS override)
[phdf5.hints /pscratch/sd/j/jackm/sandbox_v2_docs_consolidation_2026-08-14/tmp/worktrees/wt_bisp_prof_s_codex_20260906/runs/Si/100_bisp_parent_route_2026-09-05/prof_s/37_soc_sparse_spin/tmp/mpa/mpa_fit_oneshot.h5] 24 hints retained by ROMIO:
  romio_cb_pfr                             = disable
  romio_cb_fr_types                        = aar
  cb_align                                 = 2
  cb_buffer_size                           = 16777216
  romio_cb_fr_alignment                    = 1
  romio_cb_ds_threshold                    = 0
  romio_cb_alltoall                        = automatic
  romio_cb_read                            = automatic
  romio_cb_write                           = automatic
  romio_no_indep_rw                        = false
  romio_ds_write                           = automatic
  ind_wr_buffer_size                       = 524288
  romio_ds_read                            = disable
  ind_rd_buffer_size                       = 4194304
  direct_io                                = false
  striping_factor                          = 4
  striping_unit                            = 1048576
  overstriping_factor                      = 0
  romio_lustre_start_iodevice              = -1
  aggregator_placement_stride              = -1
  abort_on_rw_error                        = disable
  cb_config_list                           = *:*
  cb_nodes                                 = 4
  romio_filesystem_type                    = CRAY ADIO:
[ffi-debug proc=0] name=lorrax_io_committed shape=(4,) dtype=int32 spec=P(('x', 'y'),) offset=(0,) valid_shape=(1,) gshape=(1,) local_shapes=[(1,)]
[phdf5-write rank=0 ds=/lorrax_io_committed id=360287970189639694] extent=[1] offset=[0] count=[1] mem_dims=[1] base=[0] valid=[1] collective=1 oob=0 empty=0
[phdf5 write r0] ds=/lorrax_io_committed bytes/rank=4 coll=1 empty=0  d2h_wait=0.01  spaces=0.03  select=0.00  write=1.26  total=1.30 (ms)  0 MB/s
  [SlabIO.close] Python dispatch drained in 0.0 s (no queued data); joining writer thread
  [SlabIO.close] writer thread joined in 0.0 s; calling H5Fclose collectively
  [SlabIO.close] H5Fclose returned in 0.0 s
[phdf5.hints /pscratch/sd/j/jackm/sandbox_v2_docs_consolidation_2026-08-14/tmp/worktrees/wt_bisp_prof_s_codex_20260906/runs/Si/100_bisp_parent_route_2026-09-05/prof_s/37_soc_sparse_spin/tmp/mpa/mpa_fit_oneshot.h5] 24 hints retained by ROMIO:
  romio_cb_pfr                             = disable
  romio_cb_fr_types                        = aar
  cb_align                                 = 2
  cb_buffer_size                           = 16777216
  romio_cb_fr_alignment                    = 1
  romio_cb_ds_threshold                    = 0
  romio_cb_alltoall                        = automatic
  romio_cb_read                            = automatic
  romio_cb_write                           = automatic
  romio_no_indep_rw                        = false
  romio_ds_write                           = automatic
  ind_wr_buffer_size                       = 524288
  romio_ds_read                            = disable
  ind_rd_buffer_size                       = 4194304
  direct_io                                = false
  striping_factor                          = 4
  striping_unit                            = 1048576
  overstriping_factor                      = 0
  romio_lustre_start_iodevice              = -1
  aggregator_placement_stride              = -1
  abort_on_rw_error                        = disable
  cb_config_list                           = *:*
  cb_nodes                                 = 4
  romio_filesystem_type                    = CRAY ADIO:
[ffi-debug proc=0] name=lorrax_io_committed shape=(4,) dtype=int32 spec=P(('x', 'y'),) offset=(0,) valid_shape=(1,) gshape=(1,) local_shapes=[(1,)]
[phdf5-write rank=0 ds=/lorrax_io_committed id=360287970189639698] extent=[1] offset=[0] count=[1] mem_dims=[1] base=[0] valid=[1] collective=1 oob=0 empty=0
[phdf5 write r0] ds=/lorrax_io_committed bytes/rank=4 coll=1 empty=0  d2h_wait=0.01  spaces=0.02  select=0.00  write=0.22  total=0.25 (ms)  0 MB/s
[ffi-debug proc=0] name=Omega_p shape=(1, 64, 480, 480) dtype=complex128 spec=P(None, None, 'x', 'y') offset=(0, 0, 0, 0) valid_shape=(1, 64, 480, 480) gshape=(1, 64, 480, 480) local_shapes=[(1, 64, 240, 240)]
[ffi-debug proc=0] name=B_p shape=(1, 64, 480, 480) dtype=complex128 spec=P(None, None, 'x', 'y') offset=(0, 0, 0, 0) valid_shape=(1, 64, 480, 480) gshape=(1, 64, 480, 480) local_shapes=[(1, 64, 240, 240)]
  [SlabIO.close] draining 2 pending writes for mpa_fit_oneshot.h5 …
[phdf5-write rank=0 ds=/Omega_p id=360287970189639699] extent=[1,64,480,480] offset=[0,0,0,0] count=[1,64,240,240] mem_dims=[1,64,240,240] base=[0,0,0,0] valid=[1,64,480,480] collective=1 oob=0 empty=0
[phdf5 write r0] ds=/Omega_p bytes/rank=58982400 coll=1 empty=0  d2h_wait=2.24  spaces=0.04  select=0.00  write=179.05  total=181.33 (ms)  329 MB/s
[phdf5-write rank=0 ds=/B_p id=360287970189639700] extent=[1,64,480,480] offset=[0,0,0,0] count=[1,64,240,240] mem_dims=[1,64,240,240] base=[0,0,0,0] valid=[1,64,480,480] collective=1 oob=0 empty=0
[phdf5 write r0] ds=/B_p bytes/rank=58982400 coll=1 empty=0  d2h_wait=2.29  spaces=0.02  select=0.00  write=183.16  total=185.48 (ms)  322 MB/s
  [SlabIO.close] Python dispatch drained in 0.4 s (0.47 GB at 1128 MB/s); joining writer thread
  [SlabIO.close] writer thread joined in 0.0 s; calling H5Fclose collectively
  [SlabIO.close] H5Fclose returned in 0.0 s
  gn_ppm fit -> MPA store: one pole per ISDF pair at /pscratch/sd/j/jackm/sandbox_v2_docs_consolidation_2026-08-14/tmp/worktrees/wt_bisp_prof_s_codex_20260906/runs/Si/100_bisp_parent_route_2026-09-05/prof_s/37_soc_sparse_spin/tmp/mpa/mpa_fit_oneshot.h5; invalid policy=static_limit
  [SlabIO.phdf5_ffi] mpa_fit_oneshot.h5 mode=r bytes=600394392 file stripe_count=4 stripe_size=1048576 B cb_nodes=4/4 (the file's inode, not write policy).
[phdf5.hints /pscratch/sd/j/jackm/sandbox_v2_docs_consolidation_2026-08-14/tmp/worktrees/wt_bisp_prof_s_codex_20260906/runs/Si/100_bisp_parent_route_2026-09-05/prof_s/37_soc_sparse_spin/tmp/mpa/mpa_fit_oneshot.h5] 24 hints retained by ROMIO:
  romio_cb_pfr                             = disable
  romio_cb_fr_types                        = aar
  cb_align                                 = 2
  cb_buffer_size                           = 16777216
  romio_cb_fr_alignment                    = 1
  romio_cb_ds_threshold                    = 0
  romio_cb_alltoall                        = automatic
  romio_cb_read                            = automatic
  romio_cb_write                           = automatic
  romio_no_indep_rw                        = false
  romio_ds_write                           = automatic
  ind_wr_buffer_size                       = 524288
  romio_ds_read                            = disable
  ind_rd_buffer_size                       = 4194304
  direct_io                                = false
  striping_factor                          = 4
  striping_unit                            = 1048576
  overstriping_factor                      = 0
  romio_lustre_start_iodevice              = -1
  aggregator_placement_stride              = -1
  abort_on_rw_error                        = disable
  cb_config_list                           = *:*
  cb_nodes                                 = 4
  romio_filesystem_type                    = CRAY ADIO:
[fixed-rule-edge] shift=1.1934897514720433e-13 Ry rule=rule_fc3306537dc5a5ee.npz
  MPA windows [box]: eta=0.2500 eV, eps=0.0001, certificate=0.0001, 6 logical windows, 29 (window,tau) pairs, 20 branch-distinct tau, cache=/pscratch/sd/j/jackm/sandbox_v2_docs_consolidation_2026-08-14/tmp/worktrees/wt_bisp_prof_s_codex_20260906/runs/Si/100_bisp_parent_route_2026-09-05/prof_s/37_soc_sparse_spin/tmp/sigma_quadrature_rules
    ω≥E_F cond:pole_tail: n_tau=6, nodes=eb69139b52f4428f, cache=hit:rule_fc3306537dc5a5ee.npz, box=(-3.8692837464272656, -0.3095840567842718, 0.01837465441237269, 0.01837465441237269) Ry, sup=7.86715e-05/0.0001 (relative), kappa_max=1.00642, noise=6.03855e-08/5e-06
    ω≥E_F val:bulk: n_tau=4, nodes=e78995690690d88a, cache=hit:rule_a38df15b936679af.npz, box=(0.6224805766235314, 3.382577341298301, 0.01837465441237269, 0.01837465441237269) Ry, sup=9.33513e-05/0.0001 (relative), kappa_max=1.00018, noise=6.00105e-08/5e-06
    ω≥E_F val:pole_tail: n_tau=4, nodes=e78995690690d88a, cache=hit:rule_a38df15b936679af.npz, box=(0.6365165195597096, 2.483440615974014, 0.01837465441237269, 0.01837465441237269) Ry, sup=9.33513e-05/0.0001 (relative), kappa_max=1.00018, noise=6.00105e-08/5e-06
    ω<E_F cond:bulk: n_tau=5, nodes=7a1e2d679ce41c04, cache=hit:rule_90c6c85eb9c44536.npz, box=(-4.161192709310966, -0.7099394208096113, 0.01837465441237269, 0.01837465441237269) Ry, sup=6.59081e-05/0.0001 (relative), kappa_max=1.01295, noise=6.07743e-08/5e-06
    ω<E_F cond:pole_tail: n_tau=5, nodes=7a1e2d679ce41c04, cache=hit:rule_90c6c85eb9c44536.npz, box=(-2.4819706436210263, -0.7114851095621901, 0.01837465441237269, 0.01837465441237269) Ry, sup=6.59081e-05/0.0001 (relative), kappa_max=1.01295, noise=6.07743e-08/5e-06
    ω<E_F val:pole_tail: n_tau=5, nodes=3761a04cbf58e98c, cache=hit:rule_49107a8da2ed8f67.npz, box=(0.3263605070652739, 3.013684782096157, 0.01837465441237269, 0.01837465441237269) Ry, sup=6.15987e-05/0.0001 (relative), kappa_max=1.00062, noise=6.00336e-08/5e-06
Started Sigma tau sweep at 18:33:57.
  MPA Sigma sweep begin: shared pane tau kernel prewarmed
[ 18:33:58 | ░░░░░░░░░░ |   3% ] tau node  1 / 29 · ETA 46 s
[ 18:33:58 | █░░░░░░░░░ |   7% ] tau node  2 / 29 · ETA 23 s
[ 18:33:58 | █░░░░░░░░░ |  14% ] tau node  4 / 29 · ETA 11 s
[ 18:33:58 | ██░░░░░░░░ |  17% ] tau node  5 / 29 · ETA 9 s
[ 18:33:59 | ██░░░░░░░░ |  24% ] tau node  7 / 29 · ETA 6 s
[ 18:33:59 | ███░░░░░░░ |  28% ] tau node  8 / 29 · ETA 5 s
[ 18:33:59 | ███░░░░░░░ |  34% ] tau node 10 / 29 · ETA 4 s
[ 18:33:59 | ████░░░░░░ |  38% ] tau node 11 / 29 · ETA 3 s
[ 18:33:59 | ████░░░░░░ |  45% ] tau node 13 / 29 · ETA 3 s
[ 18:33:59 | █████░░░░░ |  48% ] tau node 14 / 29 · ETA 2 s
[ 18:33:59 | ██████░░░░ |  55% ] tau node 16 / 29 · ETA 2 s
[ 18:33:59 | ██████░░░░ |  59% ] tau node 17 / 29 · ETA 2 s
[ 18:33:59 | ███████░░░ |  66% ] tau node 19 / 29 · ETA 1 s
[ 18:33:59 | ███████░░░ |  69% ] tau node 20 / 29 · ETA 1 s
[ 18:33:59 | ████████░░ |  76% ] tau node 22 / 29 · ETA 1 s
[ 18:33:59 | ████████░░ |  79% ] tau node 23 / 29 · ETA 1 s
[ 18:33:59 | █████████░ |  86% ] tau node 25 / 29 · ETA 0 s
[ 18:33:59 | █████████░ |  90% ] tau node 26 / 29 · ETA 0 s
[ 18:33:59 | ██████████ |  97% ] tau node 28 / 29 · ETA 0 s
[ 18:33:59 | ██████████ | 100% ] tau node 29 / 29 · ETA 0 s
Finished Sigma tau sweep at 18:33:59.  Elapsed: 3 s.
  MPA Sigma: 29 tau dispatches in 6 sweeps (1 poles, batches of 4); 0 undispatched logical tau; panes and product windows used one shared tau kernel
  [SlabIO.close] Python dispatch drained in 0.0 s (no queued data); joining writer thread
  [SlabIO.close] writer thread joined in 0.0 s; calling H5Fclose collectively
  [SlabIO.close] H5Fclose returned in 0.0 s
[stage 18:34:00]     <- sigma.exec  8.7 s

------------------------------------------------------------------------
  HEAD CORRECTION (scalar GN, separate from ISDF body)
------------------------------------------------------------------------
  v(q→0)             =        0.000 a.u.
  W^c(q→0, ω=0)      =        0.000 a.u.
  W^c(q→0, ω=iωp)    =        0.000 a.u.  [ωp=2.0000 Ry]
  Ω_h²               =     1.000000 Ry²
  Ω_h                =     1.000000 Ry  (13.605698 eV)
  B_h                =     0.000000 Ry² · a.u.
  R_h                =     0.000000 Ry · a.u.
  R_h / (Ω_h · vol)  = 0.000000e+00 (Ry)
  Σ_c head shift: max|Σ^head_diag| = 0.0000 eV (on-shell occ band → +0.0000 eV)
[stage 18:34:00]   <- gw_jax.ppm_sigma  11.3 s
[stage 18:34:00]   -> gw_jax.dynamic_sigma_finalize
  omega reference = 6.635313 eV (midgap; VBM=6.296981, CBM=6.973645)
  omega coverage [Sigma_c at E_DFT (eqp0/eqp1)]: 1614 of 2048 (78.8%) evaluation energies lie OUTSIDE the sampled grid [-4.000, 4.000] eV (worst +22.746 eV); policy=clamp.
  Σ star spread [sigma_total_kij_ev]: raw 0.0000 eV, diag 0.0000 eV, gauge-blind ‖·‖_F 0.0000 / |Tr| 0.0000 eV
  Σ star spread [sigma_c_kij_ev]: raw 0.0000 eV, diag 0.0000 eV, gauge-blind ‖·‖_F 0.0000 / |Tr| 0.0000 eV
  Σ star spread [sigma_sx_kij_ev]: raw 0.0000 eV, diag 0.0000 eV, gauge-blind ‖·‖_F 0.0000 / |Tr| 0.0000 eV
  Σ star spread [hartree_kij_ev]: raw 0.0000 eV, diag 0.0000 eV, gauge-blind ‖·‖_F 0.0000 / |Tr| 0.0000 eV
  Σ star spread [hartree_scalar_kij_ev]: raw 0.0000 eV, diag 0.0000 eV, gauge-blind ‖·‖_F 0.0000 / |Tr| 0.0000 eV
  Σ star spread [hartree_transverse_kij_ev]: raw 0.0000 eV, diag 0.0000 eV, gauge-blind ‖·‖_F 0.0000 / |Tr| 0.0000 eV
  Σ star spread [sigma_eval_rel_ev]: raw 0.0000 eV, diag 0.0000 eV, gauge-blind ‖·‖_F 0.0000 / |Tr| 0.0000 eV
  Σ k axis EXTRACTED to k_irr: 64 -> 8 rows (selection, not reconstruction).
  [SlabIO.phdf5_ffi] sigma_mnk.h5 mode=w ranks=4 stripe_count=4 stripe_unit=1048576 B (policy; LORRAX_PHDF5_STRIPE_COUNT/_SIZE_FS override)
[phdf5.hints /pscratch/sd/j/jackm/sandbox_v2_docs_consolidation_2026-08-14/tmp/worktrees/wt_bisp_prof_s_codex_20260906/runs/Si/100_bisp_parent_route_2026-09-05/prof_s/37_soc_sparse_spin/sigma_mnk.h5] 24 hints retained by ROMIO:
  romio_cb_pfr                             = disable
  romio_cb_fr_types                        = aar
  cb_align                                 = 2
  cb_buffer_size                           = 16777216
  romio_cb_fr_alignment                    = 1
  romio_cb_ds_threshold                    = 0
  romio_cb_alltoall                        = automatic
  romio_cb_read                            = automatic
  romio_cb_write                           = automatic
  romio_no_indep_rw                        = false
  romio_ds_write                           = automatic
  ind_wr_buffer_size                       = 524288
  romio_ds_read                            = disable
  ind_rd_buffer_size                       = 4194304
  direct_io                                = false
  striping_factor                          = 4
  striping_unit                            = 1048576
  overstriping_factor                      = 0
  romio_lustre_start_iodevice              = -1
  aggregator_placement_stride              = -1
  abort_on_rw_error                        = disable
  cb_config_list                           = *:*
  cb_nodes                                 = 4
  romio_filesystem_type                    = CRAY ADIO:
[ffi-debug proc=0] name=lorrax_io_committed shape=(4,) dtype=int32 spec=P(('x', 'y'),) offset=(0,) valid_shape=(1,) gshape=(1,) local_shapes=[(1,)]
[phdf5-write rank=0 ds=/lorrax_io_committed id=360287970189639703] extent=[1] offset=[0] count=[1] mem_dims=[1] base=[0] valid=[1] collective=1 oob=0 empty=0
[phdf5 write r0] ds=/lorrax_io_committed bytes/rank=4 coll=1 empty=0  d2h_wait=0.01  spaces=0.02  select=0.00  write=1.10  total=1.13 (ms)  0 MB/s
[ffi-debug proc=0] name=sigma_total_kij_ev shape=(9, 8, 32, 32) dtype=complex128 spec=P(None, None, 'x', 'y') offset=(0, 0, 0, 0) valid_shape=(9, 8, 32, 32) gshape=(9, 8, 32, 32) local_shapes=[(9, 8, 16, 16)]
[phdf5-write rank=0 ds=/sigma_total_kij_ev id=360287970189639704] extent=[9,8,32,32] offset=[0,0,0,0] count=[9,8,16,16] mem_dims=[9,8,16,16] base=[0,0,0,0] valid=[9,8,32,32] collective=1 oob=0 empty=0
[phdf5 write r0] ds=/sigma_total_kij_ev bytes/rank=294912 coll=1 empty=0  d2h_wait=0.01  spaces=0.02  select=0.00  write=2.22  total=2.25 (ms)  133 MB/s
  [SlabIO.flush] sigma_mnk.h5: 0.00 GB written in 0.0 s (45 MB/s) before creating 'sigma_c_kij_ev'
[ffi-debug proc=0] name=sigma_c_kij_ev shape=(9, 8, 32, 32) dtype=complex128 spec=P(None, None, 'x', 'y') offset=(0, 0, 0, 0) valid_shape=(9, 8, 32, 32) gshape=(9, 8, 32, 32) local_shapes=[(9, 8, 16, 16)]
[phdf5-write rank=0 ds=/sigma_c_kij_ev id=360287970189639705] extent=[9,8,32,32] offset=[0,0,0,0] count=[9,8,16,16] mem_dims=[9,8,16,16] base=[0,0,0,0] valid=[9,8,32,32] collective=1 oob=0 empty=0
[phdf5 write r0] ds=/sigma_c_kij_ev bytes/rank=294912 coll=1 empty=0  d2h_wait=0.01  spaces=0.01  select=0.00  write=2.69  total=2.71 (ms)  110 MB/s
  [SlabIO.flush] sigma_mnk.h5: 0.00 GB written in 0.0 s (371 MB/s) before creating 'sigma_sx_kij_ev'
[ffi-debug proc=0] name=sigma_sx_kij_ev shape=(8, 32, 32) dtype=complex128 spec=P() offset=(0, 0, 0) valid_shape=(8, 32, 32) gshape=(8, 32, 32) local_shapes=[(8, 32, 32)]
[phdf5-write rank=0 ds=/sigma_sx_kij_ev id=360287970189639706] extent=[8,32,32] offset=[0,0,0] count=[8,32,32] mem_dims=[8,32,32] base=[0,0,0] valid=[8,32,32] collective=1 oob=0 empty=0
[phdf5 write r0] ds=/sigma_sx_kij_ev bytes/rank=131072 coll=1 empty=0  d2h_wait=0.01  spaces=0.02  select=0.00  write=0.44  total=0.47 (ms)  300 MB/s
  [SlabIO.flush] sigma_mnk.h5: 0.00 GB written in 0.0 s (6 MB/s) before creating 'hartree_kij_ev'
[ffi-debug proc=0] name=hartree_kij_ev shape=(8, 32, 32) dtype=complex128 spec=P(None, 'x', 'y') offset=(0, 0, 0) valid_shape=(8, 32, 32) gshape=(8, 32, 32) local_shapes=[(8, 16, 16)]
[phdf5-write rank=0 ds=/hartree_kij_ev id=360287970189639707] extent=[8,32,32] offset=[0,0,0] count=[8,16,16] mem_dims=[8,16,16] base=[0,0,0] valid=[8,32,32] collective=1 oob=0 empty=0
[phdf5 write r0] ds=/hartree_kij_ev bytes/rank=32768 coll=1 empty=0  d2h_wait=0.01  spaces=0.02  select=0.00  write=0.58  total=0.60 (ms)  57 MB/s
  [SlabIO.flush] sigma_mnk.h5: 0.00 GB written in 0.0 s (6 MB/s) before creating 'hartree_scalar_kij_ev'
[ffi-debug proc=0] name=hartree_scalar_kij_ev shape=(8, 32, 32) dtype=complex128 spec=P(None, 'x', 'y') offset=(0, 0, 0) valid_shape=(8, 32, 32) gshape=(8, 32, 32) local_shapes=[(8, 16, 16)]
[phdf5-write rank=0 ds=/hartree_scalar_kij_ev id=360287970189639708] extent=[8,32,32] offset=[0,0,0] count=[8,16,16] mem_dims=[8,16,16] base=[0,0,0] valid=[8,32,32] collective=1 oob=0 empty=0
[phdf5 write r0] ds=/hartree_scalar_kij_ev bytes/rank=32768 coll=1 empty=0  d2h_wait=0.00  spaces=0.01  select=0.00  write=0.52  total=0.54 (ms)  63 MB/s
  [SlabIO.flush] sigma_mnk.h5: 0.00 GB written in 0.0 s (133 MB/s) before creating 'hartree_transverse_kij_ev'
[ffi-debug proc=0] name=hartree_transverse_kij_ev shape=(8, 32, 32) dtype=complex128 spec=P(None, 'x', 'y') offset=(0, 0, 0) valid_shape=(8, 32, 32) gshape=(8, 32, 32) local_shapes=[(8, 16, 16)]
[phdf5-write rank=0 ds=/hartree_transverse_kij_ev id=360287970189639709] extent=[8,32,32] offset=[0,0,0] count=[8,16,16] mem_dims=[8,16,16] base=[0,0,0] valid=[8,32,32] collective=1 oob=0 empty=0
[phdf5 write r0] ds=/hartree_transverse_kij_ev bytes/rank=32768 coll=1 empty=0  d2h_wait=0.00  spaces=0.01  select=0.00  write=0.62  total=0.63 (ms)  53 MB/s
  [SlabIO.flush] sigma_mnk.h5: 0.00 GB written in 0.0 s (128 MB/s) before creating 'sigma_eval_rel_ev'
[ffi-debug proc=0] name=sigma_eval_rel_ev shape=(8, 32) dtype=float64 spec=P(None, None) offset=(0, 0) valid_shape=(8, 32) gshape=(8, 32) local_shapes=[(8, 32)]
  [SlabIO.close] draining 1 pending writes for sigma_mnk.h5 …
[phdf5-write rank=0 ds=/sigma_eval_rel_ev id=360287970189639710] extent=[8,32] offset=[0,0] count=[8,32] mem_dims=[8,32] base=[0,0] valid=[8,32] collective=1 oob=0 empty=0
[phdf5 write r0] ds=/sigma_eval_rel_ev bytes/rank=2048 coll=1 empty=0  d2h_wait=0.01  spaces=0.02  select=0.00  write=0.16  total=0.18 (ms)  13 MB/s
  [SlabIO.close] Python dispatch drained in 0.0 s (0.00 GB at 0 MB/s); joining writer thread
  [SlabIO.close] writer thread joined in 0.0 s; calling H5Fclose collectively
  [SlabIO.close] H5Fclose returned in 0.0 s
  QSGW: 1614 clipped (78.8%)
[stage 18:34:01]   <- gw_jax.dynamic_sigma_finalize  1.5 s
[stage 18:34:01] <- gw_jax.sigma  25.2 s
  Bare Σ_X diagonal (eV), k=0: -14.4611  -14.4611  -10.1123  -10.1123  -10.0871  -10.0871  -10.0871  -10.0871
  kin_ion: pristine T+V_loc+V_NL; Hartree is built live in G-space.
  [SlabIO.phdf5_ffi] kin_ion.h5 mode=r bytes=139560 file stripe_count=1 stripe_size=1048576 B cb_nodes=1/4 (the file's inode, not write policy). WARNING: one-stripe inode forces cb_nodes=1 and a single read aggregator at every rank count; create the destination directory with the intended layout before producing the file or make a separately authenticated migrated copy
[phdf5.hints /pscratch/sd/j/jackm/sandbox_v2_docs_consolidation_2026-08-14/runs/Si/100_bisp_parent_route_2026-09-05/02_preprocess/kin_ion.h5] 24 hints retained by ROMIO:
  romio_cb_pfr                             = disable
  romio_cb_fr_types                        = aar
  cb_align                                 = 2
  cb_buffer_size                           = 16777216
  romio_cb_fr_alignment                    = 1
  romio_cb_ds_threshold                    = 0
  romio_cb_alltoall                        = automatic
  romio_cb_read                            = automatic
  romio_cb_write                           = automatic
  romio_no_indep_rw                        = false
  romio_ds_write                           = automatic
  ind_wr_buffer_size                       = 524288
  romio_ds_read                            = disable
  ind_rd_buffer_size                       = 4194304
  direct_io                                = false
  striping_factor                          = 1
  striping_unit                            = 1048576
  overstriping_factor                      = 0
  romio_lustre_start_iodevice              = -1
  aggregator_placement_stride              = -1
  abort_on_rw_error                        = disable
  cb_config_list                           = *:*
  cb_nodes                                 = 1
  romio_filesystem_type                    = CRAY ADIO:
  [SlabIO.close] Python dispatch drained in 0.0 s (no queued data); joining writer thread
  [SlabIO.close] writer thread joined in 0.0 s; calling H5Fclose collectively
  [SlabIO.close] H5Fclose returned in 0.0 s
[stage 18:34:02] -> gw_jax.solve_qp
  QP solver: one_shot_dft — one-shot full-matrix effective Hamiltonian; Sigma evaluated at E_DFT with QSGW Hermitian symmetrization (distinct from fixed-DFT-state diagonal G0W0)
[stage 18:34:02] <- gw_jax.solve_qp  0.0 s
[stage 18:34:02] -> gw_jax.qp_eigh
[stage 18:34:03] <- gw_jax.qp_eigh  0.3 s
  QP WFN (one-shot): skipped — Σ on 64 k-points but WFN carries 8 (IBZ); the one-shot dump only supports IBZ-Σ. Set debug.write_wfn_h5=false to silence.
  H0 check: implied Vxc = E_DFT - (kin_ion + V_H[exact, live G-space]) in [-11.726, -6.601] eV over 256 (k,n)
  Z-factor guard: pathological=0/256 (valid iff finite and 0 < Z <= 1); finite range [0.81162253, 1]; flagged eqp1 states fall back to eqp0.
  EQP assembly receipt -> sigma_mnk.h5: schema v6, assembled H/X/C(E_DFT) (8, 32) + conditioned C(omega) (9, 8, 32), DFT H/X/C, file wedge, bgw_average, live G-space H + authenticated scalar V_H/transverse H_T; C(E_DFT) and Z share the conditioned curve
  G0W0 diag (E_DFT):     /pscratch/sd/j/jackm/sandbox_v2_docs_consolidation_2026-08-14/tmp/worktrees/wt_bisp_prof_s_codex_20260906/runs/Si/100_bisp_parent_route_2026-09-05/prof_s/37_soc_sparse_spin/eqp_g0w0.dat
  qp_wfn_rotations: k axis REDUCED to the file wedge, 64 -> 8 rows; the round trip reproduces every dataset exactly (max|Δ| = 0).

  Sigma diag:   /pscratch/sd/j/jackm/sandbox_v2_docs_consolidation_2026-08-14/tmp/worktrees/wt_bisp_prof_s_codex_20260906/runs/Si/100_bisp_parent_route_2026-09-05/prof_s/37_soc_sparse_spin/sigma_diag.dat
  BGW eqp0:     /pscratch/sd/j/jackm/sandbox_v2_docs_consolidation_2026-08-14/tmp/worktrees/wt_bisp_prof_s_codex_20260906/runs/Si/100_bisp_parent_route_2026-09-05/prof_s/37_soc_sparse_spin/eqp0.dat
  BGW eqp1:     /pscratch/sd/j/jackm/sandbox_v2_docs_consolidation_2026-08-14/tmp/worktrees/wt_bisp_prof_s_codex_20260906/runs/Si/100_bisp_parent_route_2026-09-05/prof_s/37_soc_sparse_spin/eqp1.dat
  Sigma(ω):     /pscratch/sd/j/jackm/sandbox_v2_docs_consolidation_2026-08-14/tmp/worktrees/wt_bisp_prof_s_codex_20260906/runs/Si/100_bisp_parent_route_2026-09-05/prof_s/37_soc_sparse_spin/sigma_mnk.h5
  Restart:      /pscratch/sd/j/jackm/sandbox_v2_docs_consolidation_2026-08-14/tmp/worktrees/wt_bisp_prof_s_codex_20260906/runs/Si/100_bisp_parent_route_2026-09-05/prof_s/37_soc_sparse_spin/tmp/isdf_tensors_480.h5

--- Timing ---
Total recorded: 46.252 s
Section                                            Count    Total[s]     Self[s]      %
gw_jax.startup                                         1       0.299       0.299    0.6
gw_jax.isdf                                            1       3.162       0.051    6.8
  gw_jax.restart_load                                  1       3.111       2.274    6.7
    gw_jax.restart.read.V_qmunu                        1       0.054       0.054    0.1
    gw_jax.restart.wedge_transform.V_qmunu             1       0.677       0.677    1.5
    gw_jax.restart.read.psi_parent_y                   1       0.028       0.028    0.1
    gw_jax.restart.read.psi_parent_y_mun               1       0.029       0.029    0.1
    gw_jax.restart.read.psi_parent_y_transverse        1       0.025       0.025    0.1
    gw_jax.restart.read.psi_parent_y_transverse_mun       1       0.024       0.024    0.1
gw_jax.minimax_quadrature                              1       0.130       0.130    0.3
gw_jax.screening                                       1       8.653       0.088   18.7
  gw_jax.chi0_W                                        1       6.104       0.001   13.2
    chi.compile                                        1       2.258       2.258    4.9
    chi.exec                                           1       0.841       0.841    1.8
    W.slice_to_ibz                                     1       0.215       0.215    0.5
    W.compile                                          1       0.250       0.250    0.5
    W.exec                                             1       0.019       0.019    0.0
    W.unfold_to_full_bz                                1       2.520       2.520    5.4
  W.gate                                               2       0.712       0.712    1.5
  gw_jax.chi0_W_probe                                  1       1.738       0.001    3.8
    chi.compile                                        1       1.208       1.208    2.6
    chi.exec                                           1       0.272       0.272    0.6
    W.compile                                          1       0.218       0.218    0.5
    W.exec                                             1       0.040       0.040    0.1
  W.restore_spilled_roles                              1       0.011       0.011    0.0
gw_jax.persist_w0                                      1       1.068       0.019    2.3
  persist_w0.head_static                               1       0.000       0.000    0.0
  persist_w0.head_imag                                 1       0.000       0.000    0.0
  persist_w0.resolve                                   1       0.026       0.026    0.1
  persist_w0.write_w0                                  1       1.018       1.018    2.2
  persist_w0.write_head                                1       0.004       0.004    0.0
gw_jax.sigma                                           1      25.249       8.313   54.6
  vh_collective_bootstrap                              1       0.034       0.034    0.1
  vh_rho                                               1       0.620       0.618    1.3
    vh_rho_psum                                        1       0.002       0.002    0.0
  vh_transverse_field                                  1       2.998       2.998    6.5
  vh_matrix                                            1       0.408       0.113    0.9
    mtxel.sweep                                        1       0.295       0.295    0.6
  vh_transverse_matrix_boundary                        1       0.000       0.000    0.0
  gw_jax.ppm_sigma                                     1      11.341       2.655   24.5
    sigma.exec                                         1       8.686       5.453   18.8
      sigma.state                                      1       0.317       0.317    0.7
      sigma.rule_plan                                  1       0.116       0.116    0.3
      sigma.tau_sweep                                  1       2.800       2.800    6.1
  gw_jax.dynamic_sigma_finalize                        1       1.535       1.535    3.3
gw_jax.kin_ion_load                                    1       0.095       0.095    0.2
gw_jax.solve_qp                                        1       0.048       0.048    0.1
gw_jax.qp_eigh                                         1       0.300       0.300    0.6
gw_jax.output                                          1       0.087       0.087    0.2
gw_jax.runtime_stack.compile_cache                     1       0.000       0.000    0.0
gw_jax.runtime_stack.env_and_distributed               1       3.290       3.290    7.1
gw_jax.runtime_stack.jax_import                        1       0.000       0.000    0.0
gw_jax.runtime_stack.measurement                       1       0.116       0.116    0.3
gw_jax.runtime_stack.mesh_and_warmup                   1       1.442       1.442    3.1
gw_jax.imports                                         1       2.312       2.312    5.0
(untimed)                                                      1.455       1.455    3.1
TOTAL (wall)                                                  47.708              100.0
Sigma blocks   : CC max|diag|=1.134854e+01 eV, mean|diag|=6.643212e+00 eV; CT+TC max|diag|=0.000000e+00 eV, mean|diag|=0.000000e+00 eV; TT max|diag|=4.947514e-04 eV, mean|diag|=2.846913e-04 eV

DYNAMIC SIGMA ENERGY COVERAGE
-----------------------------
Energy origin   : E_F = +6.63531 eV (midgap)
Sigma omega    : [-4.00000, +4.00000] eV relative to E_F; step=1.00000 eV; 9 points
DFT QP valence : [-12.33278, -0.33833] eV relative to E_F
DFT QP conduct.: [+0.33833, +22.74555] eV relative to E_F
Coverage status : INCOMPLETE
Grid shortfall  : 8.33278 eV below; 18.74555 eV above protected DFT states
Band tail      : OFF | estimator=spectral_shell | brackets=total_fractions

FUNDAMENTAL GAP
---------------
DFT gap        : 0.67666 eV
Full-matrix effective-H gap: 0.84011 eV (insulating)
Gap correction : +0.16345 eV relative to DFT
State energies  : written to the EQP files listed below

MAJOR-STAGE TIMING
------------------
  stage                    wall (s)     fraction
  runtime bring-up             4.85      10.16%
  pre-main + imports           2.31       4.85%
  input + run setup            0.30       0.63%
  restart load                 3.11       6.52%
  ISDF setup + I/O             0.05       0.11%
  minimax quadrature           0.13       0.27%
  chi0                         4.58       9.60%
  W                            3.98       8.35%
  screening support            0.09       0.19%
  W persist + q0 head          1.07       2.24%
  Sigma rule plan              0.12       0.24%
  Sigma tau sweep              2.80       5.87%
  Sigma other                 22.33      46.81%
  mean-field load              0.09       0.20%
  QP solve + diagonalize       0.35       0.73%
  result writes                0.09       0.18%
  other driver work            1.46       3.05%
  total run                   47.71     100.00%

WARNINGS
--------
  WARNING: dynamic Sigma grid is incomplete for protected DFT states (8.33278 eV below; 18.74555 eV above); Sigma(E_DFT) has 1614/2048 out-of-grid cells; out-of-range policy=clamp. Widen sigma_omega_min_ev / sigma_omega_max_ev or add a sigma_omega_patches_ev window; use LORRAX_OMEGA_OUT_OF_RANGE=refuse when endpoint values must never enter an output.

OUTPUT FILES AND INPUTS
-----------------------
  role                     state       path
  input deck               read        /pscratch/sd/j/jackm/sandbox_v2_docs_consolidation_2026-08-14/tmp/worktrees/wt_bisp_prof_s_codex_20260906/runs/Si/100_bisp_parent_route_2026-09-05/prof_s/37_soc_sparse_spin/cohsex.in
  DFT wavefunctions        read        /pscratch/sd/j/jackm/sandbox_v2_docs_consolidation_2026-08-14/runs/Si/100_bisp_parent_route_2026-09-05/02_preprocess/WFN.h5
  ISDF centroids           read        /pscratch/sd/j/jackm/sandbox_v2_docs_consolidation_2026-08-14/runs/Si/100_bisp_parent_route_2026-09-05/02_preprocess/centroids_charge.txt
  current centroids        read        /pscratch/sd/j/jackm/sandbox_v2_docs_consolidation_2026-08-14/runs/Si/100_bisp_parent_route_2026-09-05/02_preprocess/centroids_current.txt
  mean-field Hamiltonian   read        /pscratch/sd/j/jackm/sandbox_v2_docs_consolidation_2026-08-14/runs/Si/100_bisp_parent_route_2026-09-05/02_preprocess/kin_ion.h5
  long-wave dipoles        absent      /pscratch/sd/j/jackm/sandbox_v2_docs_consolidation_2026-08-14/tmp/worktrees/wt_bisp_prof_s_codex_20260906/runs/Si/100_bisp_parent_route_2026-09-05/prof_s/37_soc_sparse_spin/dipole.h5
  parallel transport       absent      /pscratch/sd/j/jackm/sandbox_v2_docs_consolidation_2026-08-14/tmp/worktrees/wt_bisp_prof_s_codex_20260906/runs/Si/100_bisp_parent_route_2026-09-05/prof_s/37_soc_sparse_spin/parallel_transport.h5
  ISDF restart tensors     present     /pscratch/sd/j/jackm/sandbox_v2_docs_consolidation_2026-08-14/tmp/worktrees/wt_bisp_prof_s_codex_20260906/runs/Si/100_bisp_parent_route_2026-09-05/prof_s/37_soc_sparse_spin/tmp/isdf_tensors_480.h5
  self-energy table        written     /pscratch/sd/j/jackm/sandbox_v2_docs_consolidation_2026-08-14/tmp/worktrees/wt_bisp_prof_s_codex_20260906/runs/Si/100_bisp_parent_route_2026-09-05/prof_s/37_soc_sparse_spin/sigma_diag.dat
  fixed-DFT-state diagonal zeroth-order energies written     /pscratch/sd/j/jackm/sandbox_v2_docs_consolidation_2026-08-14/tmp/worktrees/wt_bisp_prof_s_codex_20260906/runs/Si/100_bisp_parent_route_2026-09-05/prof_s/37_soc_sparse_spin/eqp0.dat
  fixed-DFT-state diagonal Z-linearized energies written     /pscratch/sd/j/jackm/sandbox_v2_docs_consolidation_2026-08-14/tmp/worktrees/wt_bisp_prof_s_codex_20260906/runs/Si/100_bisp_parent_route_2026-09-05/prof_s/37_soc_sparse_spin/eqp1.dat
  full-matrix effective-H rotations written     /pscratch/sd/j/jackm/sandbox_v2_docs_consolidation_2026-08-14/tmp/worktrees/wt_bisp_prof_s_codex_20260906/runs/Si/100_bisp_parent_route_2026-09-05/prof_s/37_soc_sparse_spin/qp_wfn_rotations.h5
  matched full-matrix QP wavefunctions absent      /pscratch/sd/j/jackm/sandbox_v2_docs_consolidation_2026-08-14/tmp/worktrees/wt_bisp_prof_s_codex_20260906/runs/Si/100_bisp_parent_route_2026-09-05/prof_s/37_soc_sparse_spin/WFN_qp.h5
  dynamic Sigma spectrum   written     /pscratch/sd/j/jackm/sandbox_v2_docs_consolidation_2026-08-14/tmp/worktrees/wt_bisp_prof_s_codex_20260906/runs/Si/100_bisp_parent_route_2026-09-05/prof_s/37_soc_sparse_spin/sigma_mnk.h5

LORRAX GW calculation completed.
Report written to /pscratch/sd/j/jackm/sandbox_v2_docs_consolidation_2026-08-14/tmp/worktrees/wt_bisp_prof_s_codex_20260906/runs/Si/100_bisp_parent_route_2026-09-05/prof_s/37_soc_sparse_spin/gwjax.out
  [SlabIO.close] Python dispatch drained in 0.0 s (no queued data); joining writer thread
  [SlabIO.close] writer thread joined in 0.0 s; calling H5Fclose collectively
  [SlabIO.close] H5Fclose returned in 0.0 s
  [compile-cache] rank 0/4 summary: xla_compiles=406 (27.10s)  compile_agreement=406 (0.931s fingerprint + 0.657s exchange; enabled)  cache_probes=0 hits=0 (0.00s) vetoed=0  cache_writes_local=unmeasured (cache off or capped-LRU path; JAX p0-only)  agreed=0/0 prefetch=0.00s  enabled=False
[runtime] filtered 6 exact known-benign JAX runtime notice line(s) on rank 0; all other stderr was forwarded unchanged.
[runtime] process finalized explicitly (effects barrier, distributed shutdown, atexit hooks) and ending with os._exit: the interpreter-teardown destruction of the XLA:CPU client is skipped deliberately — it deadlocks in pool shutdown after cold-compile storms (jobs 7884928/7884989).
